- - - [08/Mar/2013:04:02:03 -0800] GET /v1.0/version HTTP/1.1 "200" 68 "-" "ELB-HealthChecker/1.0" 126 0.004 10.249.20.248:80 unix:/var/wizard/pscom_oz/sockets/unicorn.sock/v1.0/version 200 0.004 68 - - 4dcbe7643350647ed2214e3f1e6e8f3f -
192.150.10.200 - e742d19696e37565da8011b6f36f1eae [08/Mar/2013:04:02:04 -0800] GET /v1.0/catalogs/88366ab89b0e4aa896cd88cdf72a43d5 HTTP/1.1 "200" 628 "-" "Tornado-Cached(42;Apple;iPhone Simulator;iOS;6.1)" 1003 0.016 api.oznext.com unix:/var/wizard/pscom_oz/sockets/unicorn.sock/v1.0/catalogs/88366ab89b0e4aa896cd88cdf72a43d5 200 0.016 1649 - - 144175dfbb30b1f05aa16e159e673331 -
192.150.10.200 - e742d19696e37565da8011b6f36f1eae [08/Mar/2013:04:02:04 -0800] GET /v1.0/catalogs/88366ab89b0e4aa896cd88cdf72a43d5/users HTTP/1.1 "200" 884 "-" "Tornado-Cached(42;Apple;iPhone Simulator;iOS;6.1)" 1009 0.123 api.oznext.com unix:/var/wizard/pscom_oz/sockets/unicorn.sock/v1.0/catalogs/88366ab89b0e4aa896cd88cdf72a43d5/users 200 0.123 3893 - - eab70b2a54a01e8925edf966f2d57b02 -
192.150.10.200 - e742d19696e37565da8011b6f36f1eae [08/Mar/2013:04:02:04 -0800] GET /v1.0/catalogs/88366ab89b0e4aa896cd88cdf72a43d5/updates?updated_since=2013-03-08T00%3A35%3A34.462632Z HTTP/1.1 "200" 190 "-" "Tornado-Cached(42;Apple;iPhone Simulator;iOS;6.1)" 1057 0.023 api.oznext.com unix:/var/wizard/pscom_oz/sockets/unicorn.sock/v1.0/catalogs/88366ab89b0e4aa896cd88cdf72a43d5/updates 200 0.023 190 - - 390ff7c2cdf366eeb047129afac13a71 -
- - - [08/Mar/2013:04:02:09 -0800] GET /v1.0/version HTTP/1.1 "200" 68 "-" "ELB-HealthChecker/1.0" 126 0.003 10.249.20.248:80 unix:/var/wizard/pscom_oz/sockets/unicorn.sock/v1.0/version 200 0.003 68 - - 175668bc01042fb12589e12f720f0f67 -
61.246.216.100 - 991cf2a40842f348d4036e7612f19fe4 [08/Mar/2013:04:02:13 -0800] GET /v1.0/catalogs/7187f7784d294f8f89888a3b453514d0 HTTP/1.1 "200" 467 "-" "Revel/1.10 CFNetwork/609.1.4 Darwin/11.4.0" 1017 0.017 api.oznext.com unix:/var/wizard/pscom_oz/sockets/unicorn.sock/v1.0/catalogs/7187f7784d294f8f89888a3b453514d0 200 0.017 1325 - - ef0b63ed6eede069ac8349bf8cec93a8 -
61.246.216.100 - 991cf2a40842f348d4036e7612f19fe4 [08/Mar/2013:04:02:14 -0800] GET /v1.0/catalogs/7187f7784d294f8f89888a3b453514d0/users HTTP/1.1 "200" 407 "-" "Revel/1.10 CFNetwork/609.1.4 Darwin/11.4.0" 1023 0.019 api.oznext.com unix:/var/wizard/pscom_oz/sockets/unicorn.sock/v1.0/catalogs/7187f7784d294f8f89888a3b453514d0/users 200 0.019 407 - - 60b478bc98593c7717720fb03320cd23 -
61.246.216.100 - 991cf2a40842f348d4036e7612f19fe4 [08/Mar/2013:04:02:14 -0800] GET /v1.0/catalogs/7187f7784d294f8f89888a3b453514d0/updates?updated_since=2013-03-01T05%3A25%3A26.570887Z HTTP/1.1 "200" 190 "-" "Revel/1.10 CFNetwork/609.1.4 Darwin/11.4.0" 1071 0.020 api.oznext.com unix:/var/wizard/pscom_oz/sockets/unicorn.sock/v1.0/catalogs/7187f7784d294f8f89888a3b453514d0/updates 200 0.020 190 - - 8fd725043fb04b43ffed7e416ac578a9 -
- - - [08/Mar/2013:04:02:15 -0800] GET /v1.0/version HTTP/1.1 "200" 68 "-" "ELB-HealthChecker/1.0" 126 0.004 10.249.20.248:80 unix:/var/wizard/pscom_oz/sockets/unicorn.sock/v1.0/version 200 0.004 68 - - 29beca39210f15e9b02104712e9d65cb -
- - - [08/Mar/2013:04:02:20 -0800] - "400" 0 "-" "-" 0 0.000 - -- - - - - - - -
- - - [08/Mar/2013:04:02:21 -0800] GET /v1.0/version HTTP/1.1 "200" 68 "-" "ELB-HealthChecker/1.0" 126 0.004 10.249.20.248:80 unix:/var/wizard/pscom_oz/sockets/unicorn.sock/v1.0/version 200 0.004 68 - - 4f92e5f092b46a1239df57fd3acc96fe -
192.150.10.200 - 0af56c0e2b3a4e90b8b303b57ceba27a [08/Mar/2013:04:02:24 -0800] GET /v1.0/catalogs/1f481ad5f26d4d85ab546223da4fe498 HTTP/1.1 "200" 454 "-" "Adobe%20Revel/1.10 CFNetwork/596.0.1 Darwin/12.0.0 (x86_64) (Macmini5%2C1)" 1050 0.015 api.oznext.com unix:/var/wizard/pscom_oz/sockets/unicorn.sock/v1.0/catalogs/1f481ad5f26d4d85ab546223da4fe498 200 0.015 1310 - - c925faf62f7a5a5273275f6bc3e34c6a -
192.150.10.200 - 0af56c0e2b3a4e90b8b303b57ceba27a [08/Mar/2013:04:02:24 -0800] GET /v1.0/catalogs/1f481ad5f26d4d85ab546223da4fe498/users HTTP/1.1 "200" 387 "-" "Adobe%20Revel/1.10 CFNetwork/596.0.1 Darwin/12.0.0 (x86_64) (Macmini5%2C1)" 1056 0.017 api.oznext.com unix:/var/wizard/pscom_oz/sockets/unicorn.sock/v1.0/catalogs/1f481ad5f26d4d85ab546223da4fe498/users 200 0.017 387 - - e569739824c148e363107f1835d213a8 -
192.150.10.200 - 0af56c0e2b3a4e90b8b303b57ceba27a [08/Mar/2013:04:02:24 -0800] GET /v1.0/catalogs/1f481ad5f26d4d85ab546223da4fe498/updates?updated_since=2013-03-07T22%3A26%3A02.115345Z HTTP/1.1 "200" 190 "-" "Adobe%20Revel/1.10 CFNetwork/596.0.1 Darwin/12.0.0 (x86_64) (Macmini5%2C1)" 1104 0.017 api.oznext.com unix:/var/wizard/pscom_oz/sockets/unicorn.sock/v1.0/catalogs/1f481ad5f26d4d85ab546223da4fe498/updates 200 0.017 190 - - 0ba12c2d21b3ef877cc73d9b499d47ab -
- - - [08/Mar/2013:04:02:27 -0800] GET /v1.0/version HTTP/1.1 "200" 68 "-" "ELB-HealthChecker/1.0" 126 0.003 10.249.20.248:80 unix:/var/wizard/pscom_oz/sockets/unicorn.sock/v1.0/version 200 0.003 68 - - 38fb30a8cbe57b809dd000d5972b02bf -
- - - [08/Mar/2013:04:02:29 -0800] - "400" 0 "-" "-" 0 0.000 - -- - - - - - - -
192.150.10.200 - e742d19696e37565da8011b6f36f1eae [08/Mar/2013:04:02:30 -0800] GET /v1.0/accounts/e742d19696e37565da8011b6f36f1eae HTTP/1.1 "200" 968 "-" "Tornado-Cached(42;Apple;iPhone Simulator;iOS;6.1)" 1003 0.018 api.oznext.com unix:/var/wizard/pscom_oz/sockets/unicorn.sock/v1.0/accounts/e742d19696e37565da8011b6f36f1eae 200 0.018 968 - - b66bef57bc527e2f5a0533bc3f6a46b7 -
- - - [08/Mar/2013:04:02:33 -0800] - "400" 0 "-" "-" 0 0.000 - -- - - - - - - -
- - - [08/Mar/2013:04:02:33 -0800] - "400" 0 "-" "-" 0 0.000 - -- - - - - - - -
- - - [08/Mar/2013:04:02:33 -0800] - "400" 0 "-" "-" 0 0.000 - -- - - - - - - -
- - - [08/Mar/2013:04:02:33 -0800] GET /v1.0/version HTTP/1.1 "200" 68 "-" "ELB-HealthChecker/1.0" 126 0.003 10.249.20.248:80 unix:/var/wizard/pscom_oz/sockets/unicorn.sock/v1.0/version 200 0.003 68 - - a947ace9026c37c7f20ffc03083dd0a0 -
192.150.10.200 - e742d19696e37565da8011b6f36f1eae [08/Mar/2013:04:02:34 -0800] GET /v1.0/catalogs/88366ab89b0e4aa896cd88cdf72a43d5 HTTP/1.1 "200" 628 "-" "Tornado-Cached(42;Apple;iPhone Simulator;iOS;6.1)" 1003 0.017 api.oznext.com unix:/var/wizard/pscom_oz/sockets/unicorn.sock/v1.0/catalogs/88366ab89b0e4aa896cd88cdf72a43d5 200 0.017 1649 - - 3dc83b4f8c4c0aa08e50e0e4aa515929 -
- - - [08/Mar/2013:04:02:34 -0800] - "400" 0 "-" "-" 0 0.000 - -- - - - - - - -
192.150.10.200 - e742d19696e37565da8011b6f36f1eae [08/Mar/2013:04:02:34 -0800] GET /v1.0/catalogs/88366ab89b0e4aa896cd88cdf72a43d5/users HTTP/1.1 "200" 884 "-" "Tornado-Cached(42;Apple;iPhone Simulator;iOS;6.1)" 1009 0.057 api.oznext.com unix:/var/wizard/pscom_oz/sockets/unicorn.sock/v1.0/catalogs/88366ab89b0e4aa896cd88cdf72a43d5/users 200 0.057 3893 - - c3bcd6366c85791a6b027f1f311fe554 -
192.150.10.200 - e742d19696e37565da8011b6f36f1eae [08/Mar/2013:04:02:34 -0800] GET /v1.0/catalogs/88366ab89b0e4aa896cd88cdf72a43d5/updates?updated_since=2013-03-08T00%3A35%3A34.462632Z HTTP/1.1 "200" 190 "-" "Tornado-Cached(42;Apple;iPhone Simulator;iOS;6.1)" 1057 0.019 api.oznext.com unix:/var/wizard/pscom_oz/sockets/unicorn.sock/v1.0/catalogs/88366ab89b0e4aa896cd88cdf72a43d5/updates 200 0.019 190 - - a88deb3af09c5186e100dc0fa50c2a0a -
192.150.10.200 - e742d19696e37565da8011b6f36f1eae [08/Mar/2013:04:02:35 -0800] GET /v1.0/accounts/d5d34957bc804fa6816ea7d0603c2f72 HTTP/1.1 "200" 421 "-" "Tornado-Cached(42;Apple;iPhone Simulator;iOS;6.1)" 1003 0.017 api.oznext.com unix:/var/wizard/pscom_oz/sockets/unicorn.sock/v1.0/accounts/d5d34957bc804fa6816ea7d0603c2f72 200 0.017 421 - - 0ee6034d198f05ebb79415abe06ae73f -
- - - [08/Mar/2013:04:02:37 -0800] - "400" 0 "-" "-" 0 0.000 - -- - - - - - - -
192.150.10.200 - 0af56c0e2b3a4e90b8b303b57ceba27a [08/Mar/2013:04:02:38 -0800] GET /v1.0/accounts/0af56c0e2b3a4e90b8b303b57ceba27a HTTP/1.1 "200" 992 "-" "Adobe%20Revel/1.10 CFNetwork/596.0.1 Darwin/12.0.0 (x86_64) (Macmini5%2C1)" 1050 0.025 api.oznext.com unix:/var/wizard/pscom_oz/sockets/unicorn.sock/v1.0/accounts/0af56c0e2b3a4e90b8b303b57ceba27a 200 0.025 992 - - 2591ed607cb5da0fa1bc8e760a64cf01 -
- - - [08/Mar/2013:04:02:39 -0800] GET /v1.0/version HTTP/1.1 "200" 68 "-" "ELB-HealthChecker/1.0" 126 0.003 10.249.20.248:80 unix:/var/wizard/pscom_oz/sockets/unicorn.sock/v1.0/version 200 0.003 68 - - c036921e8ec09702ca6d4999b4f1e05a -
- - - [08/Mar/2013:04:02:40 -0800] - "400" 0 "-" "-" 0 0.000 - -- - - - - - - -
61.246.216.100 - 991cf2a40842f348d4036e7612f19fe4 [08/Mar/2013:04:02:41 -0800] GET /v1.0/accounts/991cf2a40842f348d4036e7612f19fe4 HTTP/1.1 "200" 873 "-" "Revel/1.10 CFNetwork/609.1.4 Darwin/11.4.0" 1017 0.024 api.oznext.com unix:/var/wizard/pscom_oz/sockets/unicorn.sock/v1.0/accounts/991cf2a40842f348d4036e7612f19fe4 200 0.024 873 - - d6f1e90fac3a4be9110c6e686b7fc9b3 -
- - - [08/Mar/2013:04:02:41 -0800] - "400" 0 "-" "-" 0 0.000 - -- - - - - - - -
- - - [08/Mar/2013:04:02:41 -0800] - "400" 0 "-" "-" 0 0.000 - -- - - - - - - -
- - - [08/Mar/2013:04:02:41 -0800] - "400" 0 "-" "-" 0 0.000 - -- - - - - - - -
61.246.216.100 - 991cf2a40842f348d4036e7612f19fe4 [08/Mar/2013:04:02:41 -0800] GET /v1.0/catalogs?role=user HTTP/1.1 "200" 135 "-" "Revel/1.10 CFNetwork/609.1.4 Darwin/11.4.0" 994 0.014 api.oznext.com unix:/var/wizard/pscom_oz/sockets/unicorn.sock/v1.0/catalogs 200 0.014 135 - - 01b94647fce8c72eb0689a9310cc9e42 -
61.246.216.100 - 991cf2a40842f348d4036e7612f19fe4 [08/Mar/2013:04:02:41 -0800] GET /v1.0/catalogs HTTP/1.1 "200" 499 "-" "Revel/1.10 CFNetwork/609.1.4 Darwin/11.4.0" 984 0.014 api.oznext.com unix:/var/wizard/pscom_oz/sockets/unicorn.sock/v1.0/catalogs 200 0.014 1414 - - fca619396f0679fc3980e23f3209f3be -
192.150.10.200 - 0af56c0e2b3a4e90b8b303b57ceba27a [08/Mar/2013:04:02:42 -0800] GET /v1.0/catalogs?role=user HTTP/1.1 "200" 135 "-" "Adobe%20Revel/1.10 CFNetwork/596.0.1 Darwin/12.0.0 (x86_64) (Macmini5%2C1)" 1027 0.012 api.oznext.com unix:/var/wizard/pscom_oz/sockets/unicorn.sock/v1.0/catalogs 200 0.012 135 - - 72731a59e9e9283055a28f1dcea8aa51 -
192.150.10.200 - 0af56c0e2b3a4e90b8b303b57ceba27a [08/Mar/2013:04:02:42 -0800] GET /v1.0/catalogs HTTP/1.1 "200" 602 "-" "Adobe%20Revel/1.10 CFNetwork/596.0.1 Darwin/12.0.0 (x86_64) (Macmini5%2C1)" 1017 0.012 api.oznext.com unix:/var/wizard/pscom_oz/sockets/unicorn.sock/v1.0/catalogs 200 0.012 2661 - - bd63e43d097bbbaea375226b943048d5 -
61.246.216.100 - 991cf2a40842f348d4036e7612f19fe4 [08/Mar/2013:04:02:44 -0800] GET /v1.0/catalogs/7187f7784d294f8f89888a3b453514d0 HTTP/1.1 "200" 467 "-" "Revel/1.10 CFNetwork/609.1.4 Darwin/11.4.0" 1017 0.017 api.oznext.com unix:/var/wizard/pscom_oz/sockets/unicorn.sock/v1.0/catalogs/7187f7784d294f8f89888a3b453514d0 200 0.017 1325 - - 065d3b6000784284eefd0c646b2cc4a2 -
61.246.216.100 - 991cf2a40842f348d4036e7612f19fe4 [08/Mar/2013:04:02:44 -0800] GET /v1.0/catalogs/7187f7784d294f8f89888a3b453514d0/users HTTP/1.1 "200" 407 "-" "Revel/1.10 CFNetwork/609.1.4 Darwin/11.4.0" 1023 0.020 api.oznext.com unix:/var/wizard/pscom_oz/sockets/unicorn.sock/v1.0/catalogs/7187f7784d294f8f89888a3b453514d0/users 200 0.020 407 - - 81d5acddc8535dff3c77f5a48f427453 -
61.246.216.100 - 991cf2a40842f348d4036e7612f19fe4 [08/Mar/2013:04:02:45 -0800] GET /v1.0/catalogs/7187f7784d294f8f89888a3b453514d0/updates?updated_since=2013-03-01T05%3A25%3A26.570887Z HTTP/1.1 "200" 190 "-" "Revel/1.10 CFNetwork/609.1.4 Darwin/11.4.0" 1071 0.020 api.oznext.com unix:/var/wizard/pscom_oz/sockets/unicorn.sock/v1.0/catalogs/7187f7784d294f8f89888a3b453514d0/updates 200 0.020 190 - - 37a8da91a25265ef1df51eb2392dbf2f -
- - - [08/Mar/2013:04:02:45 -0800] GET /v1.0/version HTTP/1.1 "200" 68 "-" "ELB-HealthChecker/1.0" 126 0.003 10.249.20.248:80 unix:/var/wizard/pscom_oz/sockets/unicorn.sock/v1.0/version 200 0.003 68 - - 47ab4cd684c306810c9b1948e0b065bc -
- - - [08/Mar/2013:04:02:50 -0800] - "400" 0 "-" "-" 0 0.000 - -- - - - - - - -
- - - [08/Mar/2013:04:02:51 -0800] GET /v1.0/version HTTP/1.1 "200" 68 "-" "ELB-HealthChecker/1.0" 126 0.003 10.249.20.248:80 unix:/var/wizard/pscom_oz/sockets/unicorn.sock/v1.0/version 200 0.003 68 - - db3f96f224821f94557e842b6ef5bcbb -
192.150.10.200 - 0af56c0e2b3a4e90b8b303b57ceba27a [08/Mar/2013:04:02:54 -0800] GET /v1.0/catalogs/1f481ad5f26d4d85ab546223da4fe498 HTTP/1.1 "200" 454 "-" "Adobe%20Revel/1.10 CFNetwork/596.0.1 Darwin/12.0.0 (x86_64) (Macmini5%2C1)" 1050 0.017 api.oznext.com unix:/var/wizard/pscom_oz/sockets/unicorn.sock/v1.0/catalogs/1f481ad5f26d4d85ab546223da4fe498 200 0.017 1310 - - 9b332dfb5368001dd325da74c73908ab -
192.150.10.200 - 0af56c0e2b3a4e90b8b303b57ceba27a [08/Mar/2013:04:02:54 -0800] GET /v1.0/catalogs/1f481ad5f26d4d85ab546223da4fe498/users HTTP/1.1 "200" 387 "-" "Adobe%20Revel/1.10 CFNetwork/596.0.1 Darwin/12.0.0 (x86_64) (Macmini5%2C1)" 1056 0.022 api.oznext.com unix:/var/wizard/pscom_oz/sockets/unicorn.sock/v1.0/catalogs/1f481ad5f26d4d85ab546223da4fe498/users 200 0.022 387 - - 89ad6d140b8cf6fb054b2942b8106acd -
192.150.10.200 - 0af56c0e2b3a4e90b8b303b57ceba27a [08/Mar/2013:04:02:54 -0800] GET /v1.0/catalogs/1f481ad5f26d4d85ab546223da4fe498/updates?updated_since=2013-03-07T22%3A26%3A02.115345Z HTTP/1.1 "200" 190 "-" "Adobe%20Revel/1.10 CFNetwork/596.0.1 Darwin/12.0.0 (x86_64) (Macmini5%2C1)" 1104 0.020 api.oznext.com unix:/var/wizard/pscom_oz/sockets/unicorn.sock/v1.0/catalogs/1f481ad5f26d4d85ab546223da4fe498/updates 200 0.020 190 - - e7ccc00094671542ac79548e41d0c3dd -
- - - [08/Mar/2013:04:02:57 -0800] GET /v1.0/version HTTP/1.1 "200" 68 "-" "ELB-HealthChecker/1.0" 126 0.004 10.249.20.248:80 unix:/var/wizard/pscom_oz/sockets/unicorn.sock/v1.0/version 200 0.004 68 - - 54848ff297e6cec370dc57ac34fbd78c -
- - - [08/Mar/2013:04:03:03 -0800] GET /v1.0/version HTTP/1.1 "200" 68 "-" "ELB-HealthChecker/1.0" 126 0.004 10.249.20.248:80 unix:/var/wizard/pscom_oz/sockets/unicorn.sock/v1.0/version 200 0.004 68 - - 805fce4a8e79d3078051bdde91af8ddf -
50.18.178.173 - - [08/Mar/2013:04:03:04 -0800] GET /v1.0/version HTTP/1.1 "200" 68 "-" "check_http/v1.4.15 (nagios-plugins 1.4.15)" 213 0.003 api.oznext.com unix:/var/wizard/pscom_oz/sockets/unicorn.sock/v1.0/version 200 0.003 68 - - 800342a213aa3305ea74fbb16afa307b -
192.150.10.200 - e742d19696e37565da8011b6f36f1eae [08/Mar/2013:04:03:04 -0800] GET /v1.0/catalogs/88366ab89b0e4aa896cd88cdf72a43d5 HTTP/1.1 "200" 628 "-" "Tornado-Cached(42;Apple;iPhone Simulator;iOS;6.1)" 1003 0.016 api.oznext.com unix:/var/wizard/pscom_oz/sockets/unicorn.sock/v1.0/catalogs/88366ab89b0e4aa896cd88cdf72a43d5 200 0.016 1649 - - 754bbdcdc115b54ea2a7010e38e8a271 -
192.150.10.200 - e742d19696e37565da8011b6f36f1eae [08/Mar/2013:04:03:05 -0800] GET /v1.0/catalogs/88366ab89b0e4aa896cd88cdf72a43d5/users HTTP/1.1 "200" 884 "-" "Tornado-Cached(42;Apple;iPhone Simulator;iOS;6.1)" 1009 0.053 api.oznext.com unix:/var/wizard/pscom_oz/sockets/unicorn.sock/v1.0/catalogs/88366ab89b0e4aa896cd88cdf72a43d5/users 200 0.053 3893 - - 95435c402ca68b305fa2e6746f790fa1 -
192.150.10.200 - e742d19696e37565da8011b6f36f1eae [08/Mar/2013:04:03:05 -0800] GET /v1.0/catalogs/88366ab89b0e4aa896cd88cdf72a43d5/updates?updated_since=2013-03-08T00%3A35%3A34.462632Z HTTP/1.1 "200" 190 "-" "Tornado-Cached(42;Apple;iPhone Simulator;iOS;6.1)" 1057 0.019 api.oznext.com unix:/var/wizard/pscom_oz/sockets/unicorn.sock/v1.0/catalogs/88366ab89b0e4aa896cd88cdf72a43d5/updates 200 0.019 190 - - 468698f23a77755feebd898862088416 -
- - - [08/Mar/2013:04:03:09 -0800] GET /v1.0/version HTTP/1.1 "200" 68 "-" "ELB-HealthChecker/1.0" 126 0.003 10.249.20.248:80 unix:/var/wizard/pscom_oz/sockets/unicorn.sock/v1.0/version 200 0.003 68 - - c20d5c195c91d4e2e8b908f5b28b5626 -
- - - [08/Mar/2013:04:03:15 -0800] GET /v1.0/version HTTP/1.1 "200" 68 "-" "ELB-HealthChecker/1.0" 126 0.004 10.249.20.248:80 unix:/var/wizard/pscom_oz/sockets/unicorn.sock/v1.0/version 200 0.004 68 - - 50f5fc49378f62e15084a8cf98e4f32d -
61.246.216.100 - 991cf2a40842f348d4036e7612f19fe4 [08/Mar/2013:04:03:16 -0800] GET /v1.0/catalogs/7187f7784d294f8f89888a3b453514d0 HTTP/1.1 "200" 467 "-" "Revel/1.10 CFNetwork/609.1.4 Darwin/11.4.0" 1017 0.027 api.oznext.com unix:/var/wizard/pscom_oz/sockets/unicorn.sock/v1.0/catalogs/7187f7784d294f8f89888a3b453514d0 200 0.027 1325 - - f1204a62de26c4ebd687f144b62c47de -
61.246.216.100 - 991cf2a40842f348d4036e7612f19fe4 [08/Mar/2013:04:03:16 -0800] GET /v1.0/catalogs/7187f7784d294f8f89888a3b453514d0/users HTTP/1.1 "200" 407 "-" "Revel/1.10 CFNetwork/609.1.4 Darwin/11.4.0" 1023 0.021 api.oznext.com unix:/var/wizard/pscom_oz/sockets/unicorn.sock/v1.0/catalogs/7187f7784d294f8f89888a3b453514d0/users 200 0.021 407 - - 32fe58a6e7eb71bb74df77ef3b8d8a70 -
61.246.216.100 - 991cf2a40842f348d4036e7612f19fe4 [08/Mar/2013:04:03:16 -0800] GET /v1.0/catalogs/7187f7784d294f8f89888a3b453514d0/updates?updated_since=2013-03-01T05%3A25%3A26.570887Z HTTP/1.1 "200" 190 "-" "Revel/1.10 CFNetwork/609.1.4 Darwin/11.4.0" 1071 0.021 api.oznext.com unix:/var/wizard/pscom_oz/sockets/unicorn.sock/v1.0/catalogs/7187f7784d294f8f89888a3b453514d0/updates 200 0.021 190 - - 36115c9bbf8d448ee8fe6133644ee6a4 -
- - - [08/Mar/2013:04:03:20 -0800] - "400" 0 "-" "-" 0 0.000 - -- - - - - - - -
- - - [08/Mar/2013:04:03:21 -0800] GET /v1.0/version HTTP/1.1 "200" 68 "-" "ELB-HealthChecker/1.0" 126 0.003 10.249.20.248:80 unix:/var/wizard/pscom_oz/sockets/unicorn.sock/v1.0/version 200 0.003 68 - - b776c2b8e27c1d816b4babdcbed0ff01 -
50.18.178.173 - - [08/Mar/2013:04:03:24 -0800] GET /v1.0/version HTTP/1.1 "200" 68 "-" "check_http/v1.4.15 (nagios-plugins 1.4.15)" 213 0.003 api.oznext.com unix:/var/wizard/pscom_oz/sockets/unicorn.sock/v1.0/version 200 0.003 68 - - b2f30c37465fcb36a0cc189ec1fca9bd -
192.150.10.200 - 0af56c0e2b3a4e90b8b303b57ceba27a [08/Mar/2013:04:03:24 -0800] GET /v1.0/catalogs/1f481ad5f26d4d85ab546223da4fe498 HTTP/1.1 "200" 454 "-" "Adobe%20Revel/1.10 CFNetwork/596.0.1 Darwin/12.0.0 (x86_64) (Macmini5%2C1)" 1050 0.016 api.oznext.com unix:/var/wizard/pscom_oz/sockets/unicorn.sock/v1.0/catalogs/1f481ad5f26d4d85ab546223da4fe498 200 0.016 1310 - - 959ae3f841a5a67c9f5179c3ab87422c -
192.150.10.200 - 0af56c0e2b3a4e90b8b303b57ceba27a [08/Mar/2013:04:03:24 -0800] GET /v1.0/catalogs/1f481ad5f26d4d85ab546223da4fe498/users HTTP/1.1 "200" 387 "-" "Adobe%20Revel/1.10 CFNetwork/596.0.1 Darwin/12.0.0 (x86_64) (Macmini5%2C1)" 1056 0.018 api.oznext.com unix:/var/wizard/pscom_oz/sockets/unicorn.sock/v1.0/catalogs/1f481ad5f26d4d85ab546223da4fe498/users 200 0.018 387 - - 14e0e0b65b6f2ddd769fb924973af868 -
192.150.10.200 - 0af56c0e2b3a4e90b8b303b57ceba27a [08/Mar/2013:04:03:24 -0800] GET /v1.0/catalogs/1f481ad5f26d4d85ab546223da4fe498/updates?updated_since=2013-03-07T22%3A26%3A02.115345Z HTTP/1.1 "200" 190 "-" "Adobe%20Revel/1.10 CFNetwork/596.0.1 Darwin/12.0.0 (x86_64) (Macmini5%2C1)" 1104 0.017 api.oznext.com unix:/var/wizard/pscom_oz/sockets/unicorn.sock/v1.0/catalogs/1f481ad5f26d4d85ab546223da4fe498/updates 200 0.017 190 - - aa9a0719b9743f286d082c866420298c -
- - - [08/Mar/2013:04:03:27 -0800] GET /v1.0/version HTTP/1.1 "200" 68 "-" "ELB-HealthChecker/1.0" 126 0.003 10.249.20.248:80 unix:/var/wizard/pscom_oz/sockets/unicorn.sock/v1.0/version 200 0.003 68 - - e4b018780d5678157f45a34b764f9beb -
- - - [08/Mar/2013:04:03:29 -0800] - "400" 0 "-" "-" 0 0.000 - -- - - - - - - -
192.150.10.200 - e742d19696e37565da8011b6f36f1eae [08/Mar/2013:04:03:30 -0800] GET /v1.0/accounts/e742d19696e37565da8011b6f36f1eae HTTP/1.1 "200" 968 "-" "Tornado-Cached(42;Apple;iPhone Simulator;iOS;6.1)" 1003 0.021 api.oznext.com unix:/var/wizard/pscom_oz/sockets/unicorn.sock/v1.0/accounts/e742d19696e37565da8011b6f36f1eae 200 0.021 968 - - 61883f71db4aebddb0624674a02ec9d5 -
- - - [08/Mar/2013:04:03:33 -0800] - "400" 0 "-" "-" 0 0.000 - -- - - - - - - -
- - - [08/Mar/2013:04:03:33 -0800] - "400" 0 "-" "-" 0 0.000 - -- - - - - - - -
- - - [08/Mar/2013:04:03:33 -0800] GET /v1.0/version HTTP/1.1 "200" 68 "-" "ELB-HealthChecker/1.0" 126 0.003 10.249.20.248:80 unix:/var/wizard/pscom_oz/sockets/unicorn.sock/v1.0/version 200 0.003 68 - - 0e27f2beb9963430df7f85f824fb863f -
- - - [08/Mar/2013:04:03:34 -0800] - "400" 0 "-" "-" 0 0.000 - -- - - - - - - -
- - - [08/Mar/2013:04:03:34 -0800] - "400" 0 "-" "-" 0 0.000 - -- - - - - - - -
192.150.10.200 - e742d19696e37565da8011b6f36f1eae [08/Mar/2013:04:03:35 -0800] GET /v1.0/catalogs/88366ab89b0e4aa896cd88cdf72a43d5 HTTP/1.1 "200" 628 "-" "Tornado-Cached(42;Apple;iPhone Simulator;iOS;6.1)" 1003 0.017 api.oznext.com unix:/var/wizard/pscom_oz/sockets/unicorn.sock/v1.0/catalogs/88366ab89b0e4aa896cd88cdf72a43d5 200 0.017 1649 - - f5e2883dd08b6c59b03c3610c80eb8e8 -
192.150.10.200 - e742d19696e37565da8011b6f36f1eae [08/Mar/2013:04:03:35 -0800] GET /v1.0/catalogs/88366ab89b0e4aa896cd88cdf72a43d5/users HTTP/1.1 "200" 884 "-" "Tornado-Cached(42;Apple;iPhone Simulator;iOS;6.1)" 1009 0.100 api.oznext.com unix:/var/wizard/pscom_oz/sockets/unicorn.sock/v1.0/catalogs/88366ab89b0e4aa896cd88cdf72a43d5/users 200 0.100 3893 - - f84d038da7c1a015ce7ce493be475496 -
192.150.10.200 - e742d19696e37565da8011b6f36f1eae [08/Mar/2013:04:03:35 -0800] GET /v1.0/catalogs/88366ab89b0e4aa896cd88cdf72a43d5/updates?updated_since=2013-03-08T00%3A35%3A34.462632Z HTTP/1.1 "200" 190 "-" "Tornado-Cached(42;Apple;iPhone Simulator;iOS;6.1)" 1057 0.020 api.oznext.com unix:/var/wizard/pscom_oz/sockets/unicorn.sock/v1.0/catalogs/88366ab89b0e4aa896cd88cdf72a43d5/updates 200 0.020 190 - - ff734fb08025021a3d93a9f6f60fe948 -
192.150.10.200 - e742d19696e37565da8011b6f36f1eae [08/Mar/2013:04:03:35 -0800] GET /v1.0/accounts/d5d34957bc804fa6816ea7d0603c2f72 HTTP/1.1 "200" 421 "-" "Tornado-Cached(42;Apple;iPhone Simulator;iOS;6.1)" 1003 0.016 api.oznext.com unix:/var/wizard/pscom_oz/sockets/unicorn.sock/v1.0/accounts/d5d34957bc804fa6816ea7d0603c2f72 200 0.016 421 - - fed77f08720495ddea8656485e9b03a5 -
- - - [08/Mar/2013:04:03:37 -0800] - "400" 0 "-" "-" 0 0.000 - -- - - - - - - -
192.150.10.200 - 0af56c0e2b3a4e90b8b303b57ceba27a [08/Mar/2013:04:03:38 -0800] GET /v1.0/accounts/0af56c0e2b3a4e90b8b303b57ceba27a HTTP/1.1 "200" 992 "-" "Adobe%20Revel/1.10 CFNetwork/596.0.1 Darwin/12.0.0 (x86_64) (Macmini5%2C1)" 1050 0.021 api.oznext.com unix:/var/wizard/pscom_oz/sockets/unicorn.sock/v1.0/accounts/0af56c0e2b3a4e90b8b303b57ceba27a 200 0.021 992 - - 6e774a6d2e0c43a525a809a7b893f610 -
192.150.10.200 - 0af56c0e2b3a4e90b8b303b57ceba27a [08/Mar/2013:04:03:38 -0800] GET /v1.0/catalogs?role=user HTTP/1.1 "200" 135 "-" "Adobe%20Revel/1.10 CFNetwork/596.0.1 Darwin/12.0.0 (x86_64) (Macmini5%2C1)" 1027 0.014 api.oznext.com unix:/var/wizard/pscom_oz/sockets/unicorn.sock/v1.0/catalogs 200 0.014 135 - - a1f7cea382e691b550cfca93d0d83fb2 -
192.150.10.200 - 0af56c0e2b3a4e90b8b303b57ceba27a [08/Mar/2013:04:03:38 -0800] GET /v1.0/catalogs HTTP/1.1 "200" 602 "-" "Adobe%20Revel/1.10 CFNetwork/596.0.1 Darwin/12.0.0 (x86_64) (Macmini5%2C1)" 1017 0.015 api.oznext.com unix:/var/wizard/pscom_oz/sockets/unicorn.sock/v1.0/catalogs 200 0.015 2661 - - ea03fc70ba9b67f39757631e8a798ba4 -
- - - [08/Mar/2013:04:03:39 -0800] GET /v1.0/version HTTP/1.1 "200" 68 "-" "ELB-HealthChecker/1.0" 126 0.004 10.249.20.248:80 unix:/var/wizard/pscom_oz/sockets/unicorn.sock/v1.0/version 200 0.004 68 - - 30ebd184cb86c98bcf43d35e85ae7684 -
- - - [08/Mar/2013:04:03:40 -0800] - "400" 0 "-" "-" 0 0.000 - -- - - - - - - -
61.246.216.100 - 991cf2a40842f348d4036e7612f19fe4 [08/Mar/2013:04:03:41 -0800] GET /v1.0/accounts/991cf2a40842f348d4036e7612f19fe4 HTTP/1.1 "200" 873 "-" "Revel/1.10 CFNetwork/609.1.4 Darwin/11.4.0" 1017 0.023 api.oznext.com unix:/var/wizard/pscom_oz/sockets/unicorn.sock/v1.0/accounts/991cf2a40842f348d4036e7612f19fe4 200 0.023 873 - - a7408d27dc3f823c584a318b2348214d -
- - - [08/Mar/2013:04:03:41 -0800] - "400" 0 "-" "-" 0 0.000 - -- - - - - - - -
- - - [08/Mar/2013:04:03:41 -0800] - "400" 0 "-" "-" 0 0.000 - -- - - - - - - -
61.246.216.100 - 991cf2a40842f348d4036e7612f19fe4 [08/Mar/2013:04:03:41 -0800] GET /v1.0/catalogs?role=user HTTP/1.1 "200" 135 "-" "Revel/1.10 CFNetwork/609.1.4 Darwin/11.4.0" 994 0.010 api.oznext.com unix:/var/wizard/pscom_oz/sockets/unicorn.sock/v1.0/catalogs 200 0.010 135 - - 45d9909c4b078afb73bd6c8b303f1bce -
61.246.216.100 - 991cf2a40842f348d4036e7612f19fe4 [08/Mar/2013:04:03:41 -0800] GET /v1.0/catalogs HTTP/1.1 "200" 499 "-" "Revel/1.10 CFNetwork/609.1.4 Darwin/11.4.0" 984 0.010 api.oznext.com unix:/var/wizard/pscom_oz/sockets/unicorn.sock/v1.0/catalogs 200 0.010 1414 - - ae69b4ac287fbbe2586f31b34b930808 -
- - - [08/Mar/2013:04:03:45 -0800] GET /v1.0/version HTTP/1.1 "200" 68 "-" "ELB-HealthChecker/1.0" 126 0.003 10.249.20.248:80 unix:/var/wizard/pscom_oz/sockets/unicorn.sock/v1.0/version 200 0.003 68 - - 04c37fe56e2e77b3ebe84b13512cf7d0 -
61.246.216.100 - 991cf2a40842f348d4036e7612f19fe4 [08/Mar/2013:04:03:46 -0800] GET /v1.0/catalogs/7187f7784d294f8f89888a3b453514d0 HTTP/1.1 "200" 467 "-" "Revel/1.10 CFNetwork/609.1.4 Darwin/11.4.0" 1017 0.016 api.oznext.com unix:/var/wizard/pscom_oz/sockets/unicorn.sock/v1.0/catalogs/7187f7784d294f8f89888a3b453514d0 200 0.016 1325 - - 851306c5ecfe05962c4175d28b7cf83d -
61.246.216.100 - 991cf2a40842f348d4036e7612f19fe4 [08/Mar/2013:04:03:47 -0800] GET /v1.0/catalogs/7187f7784d294f8f89888a3b453514d0/users HTTP/1.1 "200" 407 "-" "Revel/1.10 CFNetwork/609.1.4 Darwin/11.4.0" 1023 0.019 api.oznext.com unix:/var/wizard/pscom_oz/sockets/unicorn.sock/v1.0/catalogs/7187f7784d294f8f89888a3b453514d0/users 200 0.019 407 - - 0c27dc86a9b1a5a3e6bbf44c4a258067 -
61.246.216.100 - 991cf2a40842f348d4036e7612f19fe4 [08/Mar/2013:04:03:47 -0800] GET /v1.0/catalogs/7187f7784d294f8f89888a3b453514d0/updates?updated_since=2013-03-01T05%3A25%3A26.570887Z HTTP/1.1 "200" 190 "-" "Revel/1.10 CFNetwork/609.1.4 Darwin/11.4.0" 1071 0.018 api.oznext.com unix:/var/wizard/pscom_oz/sockets/unicorn.sock/v1.0/catalogs/7187f7784d294f8f89888a3b453514d0/updates 200 0.018 190 - - fa2e3056248484915fc9a99a72a6e2e4 -
- - - [08/Mar/2013:04:03:50 -0800] - "400" 0 "-" "-" 0 0.000 - -- - - - - - - -
- - - [08/Mar/2013:04:03:51 -0800] GET /v1.0/version HTTP/1.1 "200" 68 "-" "ELB-HealthChecker/1.0" 126 0.054 10.249.20.248:80 unix:/var/wizard/pscom_oz/sockets/unicorn.sock/v1.0/version 200 0.054 68 - - 4f8359746e6505e3cde50e3c4637c133 -
192.150.10.200 - 0af56c0e2b3a4e90b8b303b57ceba27a [08/Mar/2013:04:03:54 -0800] GET /v1.0/catalogs/1f481ad5f26d4d85ab546223da4fe498 HTTP/1.1 "200" 454 "-" "Adobe%20Revel/1.10 CFNetwork/596.0.1 Darwin/12.0.0 (x86_64) (Macmini5%2C1)" 1050 0.019 api.oznext.com unix:/var/wizard/pscom_oz/sockets/unicorn.sock/v1.0/catalogs/1f481ad5f26d4d85ab546223da4fe498 200 0.019 1310 - - a36522a0d8c20041d332b73db3693be5 -
192.150.10.200 - 0af56c0e2b3a4e90b8b303b57ceba27a [08/Mar/2013:04:03:54 -0800] GET /v1.0/catalogs/1f481ad5f26d4d85ab546223da4fe498/users HTTP/1.1 "200" 387 "-" "Adobe%20Revel/1.10 CFNetwork/596.0.1 Darwin/12.0.0 (x86_64) (Macmini5%2C1)" 1056 0.020 api.oznext.com unix:/var/wizard/pscom_oz/sockets/unicorn.sock/v1.0/catalogs/1f481ad5f26d4d85ab546223da4fe498/users 200 0.020 387 - - 80ec59814b8f020f9c9511c90b690459 -
192.150.10.200 - 0af56c0e2b3a4e90b8b303b57ceba27a [08/Mar/2013:04:03:55 -0800] GET /v1.0/catalogs/1f481ad5f26d4d85ab546223da4fe498/updates?updated_since=2013-03-07T22%3A26%3A02.115345Z HTTP/1.1 "200" 190 "-" "Adobe%20Revel/1.10 CFNetwork/596.0.1 Darwin/12.0.0 (x86_64) (Macmini5%2C1)" 1104 0.020 api.oznext.com unix:/var/wizard/pscom_oz/sockets/unicorn.sock/v1.0/catalogs/1f481ad5f26d4d85ab546223da4fe498/updates 200 0.020 190 - - cbf4207088db72ff02812d5bfcebbd15 -
192.150.10.200 - 19e38929110d4bdb93fa0a3f2aa8b6f9 [08/Mar/2013:04:03:56 -0800] GET /v1.0/catalogs HTTP/1.1 "200" 961 "-" "Revel/1.10 CFNetwork/609.1.4 Darwin/12.2.1" 985 0.013 api.oznext.com unix:/var/wizard/pscom_oz/sockets/unicorn.sock/v1.0/catalogs 200 0.013 6481 - - 0290befe437760d9e9769983b71e922d -
- - - [08/Mar/2013:04:03:57 -0800] GET /v1.0/version HTTP/1.1 "200" 68 "-" "ELB-HealthChecker/1.0" 126 0.004 10.249.20.248:80 unix:/var/wizard/pscom_oz/sockets/unicorn.sock/v1.0/version 200 0.004 68 - - 6ecc59345d9ff8db9dbde07ee18fa923 -
- - - [08/Mar/2013:04:04:03 -0800] GET /v1.0/version HTTP/1.1 "200" 68 "-" "ELB-HealthChecker/1.0" 126 0.003 10.249.20.248:80 unix:/var/wizard/pscom_oz/sockets/unicorn.sock/v1.0/version 200 0.003 68 - - 10f665e57c813a24c8138f3106b42c13 -
50.18.178.173 - - [08/Mar/2013:04:04:04 -0800] GET /v1.0/version HTTP/1.1 "200" 68 "-" "check_http/v1.4.15 (nagios-plugins 1.4.15)" 213 0.003 api.oznext.com unix:/var/wizard/pscom_oz/sockets/unicorn.sock/v1.0/version 200 0.003 68 - - 59e26c34d99648f16bd2f315c80d65e9 -
192.150.10.200 - e742d19696e37565da8011b6f36f1eae [08/Mar/2013:04:04:05 -0800] GET /v1.0/catalogs/88366ab89b0e4aa896cd88cdf72a43d5 HTTP/1.1 "200" 628 "-" "Tornado-Cached(42;Apple;iPhone Simulator;iOS;6.1)" 1003 0.017 api.oznext.com unix:/var/wizard/pscom_oz/sockets/unicorn.sock/v1.0/catalogs/88366ab89b0e4aa896cd88cdf72a43d5 200 0.017 1649 - - 7c6b55a140fc211e1b8494ce87f3ed5e -
192.150.10.200 - e742d19696e37565da8011b6f36f1eae [08/Mar/2013:04:04:05 -0800] GET /v1.0/catalogs/88366ab89b0e4aa896cd88cdf72a43d5/users HTTP/1.1 "200" 884 "-" "Tornado-Cached(42;Apple;iPhone Simulator;iOS;6.1)" 1009 0.052 api.oznext.com unix:/var/wizard/pscom_oz/sockets/unicorn.sock/v1.0/catalogs/88366ab89b0e4aa896cd88cdf72a43d5/users 200 0.052 3893 - - 54e87e7937cc22439b0eb8d9b0a2881d -
192.150.10.200 - e742d19696e37565da8011b6f36f1eae [08/Mar/2013:04:04:05 -0800] GET /v1.0/catalogs/88366ab89b0e4aa896cd88cdf72a43d5/updates?updated_since=2013-03-08T00%3A35%3A34.462632Z HTTP/1.1 "200" 190 "-" "Tornado-Cached(42;Apple;iPhone Simulator;iOS;6.1)" 1057 0.018 api.oznext.com unix:/var/wizard/pscom_oz/sockets/unicorn.sock/v1.0/catalogs/88366ab89b0e4aa896cd88cdf72a43d5/updates 200 0.018 190 - - 27e0dba64a286aea72c199565ca4e561 -
- - - [08/Mar/2013:04:04:09 -0800] GET /v1.0/version HTTP/1.1 "200" 68 "-" "ELB-HealthChecker/1.0" 126 0.003 10.249.20.248:80 unix:/var/wizard/pscom_oz/sockets/unicorn.sock/v1.0/version 200 0.003 68 - - f6a9da160ba764e4d52e9030f3318de0 -
- - - [08/Mar/2013:04:04:15 -0800] GET /v1.0/version HTTP/1.1 "200" 68 "-" "ELB-HealthChecker/1.0" 126 0.004 10.249.20.248:80 unix:/var/wizard/pscom_oz/sockets/unicorn.sock/v1.0/version 200 0.004 68 - - 0f1346f1ac02010802c84601256f28a1 -
61.246.216.100 - 991cf2a40842f348d4036e7612f19fe4 [08/Mar/2013:04:04:17 -0800] GET /v1.0/catalogs/7187f7784d294f8f89888a3b453514d0 HTTP/1.1 "200" 467 "-" "Revel/1.10 CFNetwork/609.1.4 Darwin/11.4.0" 1017 0.016 api.oznext.com unix:/var/wizard/pscom_oz/sockets/unicorn.sock/v1.0/catalogs/7187f7784d294f8f89888a3b453514d0 200 0.016 1325 - - 321851c583270e5b5ea21c80174ccfc6 -
61.246.216.100 - 991cf2a40842f348d4036e7612f19fe4 [08/Mar/2013:04:04:18 -0800] GET /v1.0/catalogs/7187f7784d294f8f89888a3b453514d0/users HTTP/1.1 "200" 407 "-" "Revel/1.10 CFNetwork/609.1.4 Darwin/11.4.0" 1023 0.020 api.oznext.com unix:/var/wizard/pscom_oz/sockets/unicorn.sock/v1.0/catalogs/7187f7784d294f8f89888a3b453514d0/users 200 0.020 407 - - 81119977d37e8fe8ec51513e03c392f9 -
61.246.216.100 - 991cf2a40842f348d4036e7612f19fe4 [08/Mar/2013:04:04:18 -0800] GET /v1.0/catalogs/7187f7784d294f8f89888a3b453514d0/updates?updated_since=2013-03-01T05%3A25%3A26.570887Z HTTP/1.1 "200" 190 "-" "Revel/1.10 CFNetwork/609.1.4 Darwin/11.4.0" 1071 0.019 api.oznext.com unix:/var/wizard/pscom_oz/sockets/unicorn.sock/v1.0/catalogs/7187f7784d294f8f89888a3b453514d0/updates 200 0.019 190 - - e20eb0e1bd9a224a3b2fed02ea6f2824 -
- - - [08/Mar/2013:04:04:20 -0800] - "400" 0 "-" "-" 0 0.000 - -- - - - - - - -
- - - [08/Mar/2013:04:04:21 -0800] GET /v1.0/version HTTP/1.1 "200" 68 "-" "ELB-HealthChecker/1.0" 126 0.004 10.249.20.248:80 unix:/var/wizard/pscom_oz/sockets/unicorn.sock/v1.0/version 200 0.004 68 - - 841fa106b685740d1d4f57081f4546b5 -
192.150.10.200 - 0af56c0e2b3a4e90b8b303b57ceba27a [08/Mar/2013:04:04:25 -0800] GET /v1.0/catalogs/1f481ad5f26d4d85ab546223da4fe498 HTTP/1.1 "200" 454 "-" "Adobe%20Revel/1.10 CFNetwork/596.0.1 Darwin/12.0.0 (x86_64) (Macmini5%2C1)" 1050 0.016 api.oznext.com unix:/var/wizard/pscom_oz/sockets/unicorn.sock/v1.0/catalogs/1f481ad5f26d4d85ab546223da4fe498 200 0.016 1310 - - fe32e7ba7925b6b18238b3c2089c9044 -
192.150.10.200 - 0af56c0e2b3a4e90b8b303b57ceba27a [08/Mar/2013:04:04:25 -0800] GET /v1.0/catalogs/1f481ad5f26d4d85ab546223da4fe498/users HTTP/1.1 "200" 387 "-" "Adobe%20Revel/1.10 CFNetwork/596.0.1 Darwin/12.0.0 (x86_64) (Macmini5%2C1)" 1056 0.020 api.oznext.com unix:/var/wizard/pscom_oz/sockets/unicorn.sock/v1.0/catalogs/1f481ad5f26d4d85ab546223da4fe498/users 200 0.020 387 - - b0276d29ba7b8d2da741a5e6bd32942f -
192.150.10.200 - 0af56c0e2b3a4e90b8b303b57ceba27a [08/Mar/2013:04:04:25 -0800] GET /v1.0/catalogs/1f481ad5f26d4d85ab546223da4fe498/updates?updated_since=2013-03-07T22%3A26%3A02.115345Z HTTP/1.1 "200" 190 "-" "Adobe%20Revel/1.10 CFNetwork/596.0.1 Darwin/12.0.0 (x86_64) (Macmini5%2C1)" 1104 0.019 api.oznext.com unix:/var/wizard/pscom_oz/sockets/unicorn.sock/v1.0/catalogs/1f481ad5f26d4d85ab546223da4fe498/updates 200 0.019 190 - - 9f517131193bc3df3d1bad323f5ae44d -
- - - [08/Mar/2013:04:04:27 -0800] GET /v1.0/version HTTP/1.1 "200" 68 "-" "ELB-HealthChecker/1.0" 126 0.003 10.249.20.248:80 unix:/var/wizard/pscom_oz/sockets/unicorn.sock/v1.0/version 200 0.003 68 - - 856abcf451dc93a802125bb021340427 -
192.150.10.200 - e742d19696e37565da8011b6f36f1eae [08/Mar/2013:04:04:30 -0800] GET /v1.0/accounts/e742d19696e37565da8011b6f36f1eae HTTP/1.1 "200" 968 "-" "Tornado-Cached(42;Apple;iPhone Simulator;iOS;6.1)" 1003 0.019 api.oznext.com unix:/var/wizard/pscom_oz/sockets/unicorn.sock/v1.0/accounts/e742d19696e37565da8011b6f36f1eae 200 0.019 968 - - 7f0328a08d543d63a9b33d94923a9976 -
- - - [08/Mar/2013:04:04:33 -0800] GET /v1.0/version HTTP/1.1 "200" 68 "-" "ELB-HealthChecker/1.0" 126 0.003 10.249.20.248:80 unix:/var/wizard/pscom_oz/sockets/unicorn.sock/v1.0/version 200 0.003 68 - - 4077b1f68b4e6da74edbdbda89adb503 -
- - - [08/Mar/2013:04:04:34 -0800] - "400" 0 "-" "-" 0 0.000 - -- - - - - - - -
- - - [08/Mar/2013:04:04:34 -0800] - "400" 0 "-" "-" 0 0.000 - -- - - - - - - -
- - - [08/Mar/2013:04:04:34 -0800] - "400" 0 "-" "-" 0 0.000 - -- - - - - - - -
- - - [08/Mar/2013:04:04:34 -0800] - "400" 0 "-" "-" 0 0.000 - -- - - - - - - -
192.150.10.200 - e742d19696e37565da8011b6f36f1eae [08/Mar/2013:04:04:35 -0800] GET /v1.0/accounts/d5d34957bc804fa6816ea7d0603c2f72 HTTP/1.1 "200" 421 "-" "Tornado-Cached(42;Apple;iPhone Simulator;iOS;6.1)" 1003 0.017 api.oznext.com unix:/var/wizard/pscom_oz/sockets/unicorn.sock/v1.0/accounts/d5d34957bc804fa6816ea7d0603c2f72 200 0.017 421 - - ff5548de7dac4e25a45f7e22007cb763 -
192.150.10.200 - e742d19696e37565da8011b6f36f1eae [08/Mar/2013:04:04:35 -0800] GET /v1.0/catalogs/88366ab89b0e4aa896cd88cdf72a43d5 HTTP/1.1 "200" 628 "-" "Tornado-Cached(42;Apple;iPhone Simulator;iOS;6.1)" 1003 0.019 api.oznext.com unix:/var/wizard/pscom_oz/sockets/unicorn.sock/v1.0/catalogs/88366ab89b0e4aa896cd88cdf72a43d5 200 0.019 1649 - - 94c7db0a31dfddfe5cef740ec9c5407e -
192.150.10.200 - e742d19696e37565da8011b6f36f1eae [08/Mar/2013:04:04:35 -0800] GET /v1.0/catalogs/88366ab89b0e4aa896cd88cdf72a43d5/users HTTP/1.1 "200" 884 "-" "Tornado-Cached(42;Apple;iPhone Simulator;iOS;6.1)" 1009 0.059 api.oznext.com unix:/var/wizard/pscom_oz/sockets/unicorn.sock/v1.0/catalogs/88366ab89b0e4aa896cd88cdf72a43d5/users 200 0.059 3893 - - eb7f76ad12a61a72a9a5517f39da9e03 -
192.150.10.200 - e742d19696e37565da8011b6f36f1eae [08/Mar/2013:04:04:35 -0800] GET /v1.0/catalogs/88366ab89b0e4aa896cd88cdf72a43d5/updates?updated_since=2013-03-08T00%3A35%3A34.462632Z HTTP/1.1 "200" 190 "-" "Tornado-Cached(42;Apple;iPhone Simulator;iOS;6.1)" 1057 0.019 api.oznext.com unix:/var/wizard/pscom_oz/sockets/unicorn.sock/v1.0/catalogs/88366ab89b0e4aa896cd88cdf72a43d5/updates 200 0.019 190 - - 4e141dc0e6c69d681d0f412725e2a314 -
- - - [08/Mar/2013:04:04:37 -0800] - "400" 0 "-" "-" 0 0.000 - -- - - - - - - -
- - - [08/Mar/2013:04:04:37 -0800] - "400" 0 "-" "-" 0 0.000 - -- - - - - - - -
192.150.10.200 - 0af56c0e2b3a4e90b8b303b57ceba27a [08/Mar/2013:04:04:38 -0800] GET /v1.0/accounts/0af56c0e2b3a4e90b8b303b57ceba27a HTTP/1.1 "200" 992 "-" "Adobe%20Revel/1.10 CFNetwork/596.0.1 Darwin/12.0.0 (x86_64) (Macmini5%2C1)" 1050 0.019 api.oznext.com unix:/var/wizard/pscom_oz/sockets/unicorn.sock/v1.0/accounts/0af56c0e2b3a4e90b8b303b57ceba27a 200 0.019 992 - - 55abc2231792ba256a74d0823eb153bc -
- - - [08/Mar/2013:04:04:39 -0800] GET /v1.0/version HTTP/1.1 "200" 68 "-" "ELB-HealthChecker/1.0" 126 0.003 10.249.20.248:80 unix:/var/wizard/pscom_oz/sockets/unicorn.sock/v1.0/version 200 0.003 68 - - 01a0676c7eb2da96e906cabb98427704 -
61.246.216.100 - 991cf2a40842f348d4036e7612f19fe4 [08/Mar/2013:04:04:41 -0800] GET /v1.0/accounts/991cf2a40842f348d4036e7612f19fe4 HTTP/1.1 "200" 873 "-" "Revel/1.10 CFNetwork/609.1.4 Darwin/11.4.0" 1017 0.021 api.oznext.com unix:/var/wizard/pscom_oz/sockets/unicorn.sock/v1.0/accounts/991cf2a40842f348d4036e7612f19fe4 200 0.021 873 - - 82143a1a20b1b88f308983a3345afa0d -
- - - [08/Mar/2013:04:04:41 -0800] - "400" 0 "-" "-" 0 0.000 - -- - - - - - - -
61.246.216.100 - 991cf2a40842f348d4036e7612f19fe4 [08/Mar/2013:04:04:42 -0800] GET /v1.0/catalogs HTTP/1.1 "200" 499 "-" "Revel/1.10 CFNetwork/609.1.4 Darwin/11.4.0" 984 0.012 api.oznext.com unix:/var/wizard/pscom_oz/sockets/unicorn.sock/v1.0/catalogs 200 0.012 1414 - - 7da7ca5f3431e7256ac9f9813d1e6e14 -
61.246.216.100 - 991cf2a40842f348d4036e7612f19fe4 [08/Mar/2013:04:04:42 -0800] GET /v1.0/catalogs?role=user HTTP/1.1 "200" 135 "-" "Revel/1.10 CFNetwork/609.1.4 Darwin/11.4.0" 994 0.013 api.oznext.com unix:/var/wizard/pscom_oz/sockets/unicorn.sock/v1.0/catalogs 200 0.013 135 - - 23608168aa46cc1b60b99e89a724bf98 -
192.150.10.200 - 0af56c0e2b3a4e90b8b303b57ceba27a [08/Mar/2013:04:04:42 -0800] GET /v1.0/catalogs?role=user HTTP/1.1 "200" 135 "-" "Adobe%20Revel/1.10 CFNetwork/596.0.1 Darwin/12.0.0 (x86_64) (Macmini5%2C1)" 1027 0.011 api.oznext.com unix:/var/wizard/pscom_oz/sockets/unicorn.sock/v1.0/catalogs 200 0.011 135 - - 79b517bce0caebf32359fc5ef4d17c4a -
192.150.10.200 - 0af56c0e2b3a4e90b8b303b57ceba27a [08/Mar/2013:04:04:42 -0800] GET /v1.0/catalogs HTTP/1.1 "200" 602 "-" "Adobe%20Revel/1.10 CFNetwork/596.0.1 Darwin/12.0.0 (x86_64) (Macmini5%2C1)" 1017 0.015 api.oznext.com unix:/var/wizard/pscom_oz/sockets/unicorn.sock/v1.0/catalogs 200 0.015 2661 - - 15674c0e923130fdce3b4d3544659c7a -
- - - [08/Mar/2013:04:04:45 -0800] GET /v1.0/version HTTP/1.1 "200" 68 "-" "ELB-HealthChecker/1.0" 126 0.005 10.249.20.248:80 unix:/var/wizard/pscom_oz/sockets/unicorn.sock/v1.0/version 200 0.005 68 - - af83b4c0f65e9115e8376f75191f2569 -
61.246.216.100 - 991cf2a40842f348d4036e7612f19fe4 [08/Mar/2013:04:04:48 -0800] GET /v1.0/catalogs/7187f7784d294f8f89888a3b453514d0 HTTP/1.1 "200" 467 "-" "Revel/1.10 CFNetwork/609.1.4 Darwin/11.4.0" 1017 0.021 api.oznext.com unix:/var/wizard/pscom_oz/sockets/unicorn.sock/v1.0/catalogs/7187f7784d294f8f89888a3b453514d0 200 0.021 1325 - - eabf411b403efc52429c64449f1b30c2 -
61.246.216.100 - 991cf2a40842f348d4036e7612f19fe4 [08/Mar/2013:04:04:49 -0800] GET /v1.0/catalogs/7187f7784d294f8f89888a3b453514d0/users HTTP/1.1 "200" 407 "-" "Revel/1.10 CFNetwork/609.1.4 Darwin/11.4.0" 1023 0.020 api.oznext.com unix:/var/wizard/pscom_oz/sockets/unicorn.sock/v1.0/catalogs/7187f7784d294f8f89888a3b453514d0/users 200 0.020 407 - - 50e2bf73a613b398a354413481113c6e -
61.246.216.100 - 991cf2a40842f348d4036e7612f19fe4 [08/Mar/2013:04:04:49 -0800] GET /v1.0/catalogs/7187f7784d294f8f89888a3b453514d0/updates?updated_since=2013-03-01T05%3A25%3A26.570887Z HTTP/1.1 "200" 190 "-" "Revel/1.10 CFNetwork/609.1.4 Darwin/11.4.0" 1071 0.021 api.oznext.com unix:/var/wizard/pscom_oz/sockets/unicorn.sock/v1.0/catalogs/7187f7784d294f8f89888a3b453514d0/updates 200 0.021 190 - - 93d73bda165ea3551fa72d6689a3621f -
- - - [08/Mar/2013:04:04:50 -0800] - "400" 0 "-" "-" 0 0.000 - -- - - - - - - -
- - - [08/Mar/2013:04:04:51 -0800] GET /v1.0/version HTTP/1.1 "200" 68 "-" "ELB-HealthChecker/1.0" 126 0.004 10.249.20.248:80 unix:/var/wizard/pscom_oz/sockets/unicorn.sock/v1.0/version 200 0.004 68 - - 25411a8123248ccffc1eafa7e952e02c -
192.150.10.200 - 0af56c0e2b3a4e90b8b303b57ceba27a [08/Mar/2013:04:04:55 -0800] GET /v1.0/catalogs/1f481ad5f26d4d85ab546223da4fe498 HTTP/1.1 "200" 454 "-" "Adobe%20Revel/1.10 CFNetwork/596.0.1 Darwin/12.0.0 (x86_64) (Macmini5%2C1)" 1050 0.017 api.oznext.com unix:/var/wizard/pscom_oz/sockets/unicorn.sock/v1.0/catalogs/1f481ad5f26d4d85ab546223da4fe498 200 0.017 1310 - - aadce0d298421bcc2e6b1c0d938f8fe4 -
192.150.10.200 - 0af56c0e2b3a4e90b8b303b57ceba27a [08/Mar/2013:04:04:55 -0800] GET /v1.0/catalogs/1f481ad5f26d4d85ab546223da4fe498/users HTTP/1.1 "200" 387 "-" "Adobe%20Revel/1.10 CFNetwork/596.0.1 Darwin/12.0.0 (x86_64) (Macmini5%2C1)" 1056 0.020 api.oznext.com unix:/var/wizard/pscom_oz/sockets/unicorn.sock/v1.0/catalogs/1f481ad5f26d4d85ab546223da4fe498/users 200 0.020 387 - - b72430fa067544076d62ca5b4c50352b -
192.150.10.200 - 0af56c0e2b3a4e90b8b303b57ceba27a [08/Mar/2013:04:04:55 -0800] GET /v1.0/catalogs/1f481ad5f26d4d85ab546223da4fe498/updates?updated_since=2013-03-07T22%3A26%3A02.115345Z HTTP/1.1 "200" 190 "-" "Adobe%20Revel/1.10 CFNetwork/596.0.1 Darwin/12.0.0 (x86_64) (Macmini5%2C1)" 1104 0.019 api.oznext.com unix:/var/wizard/pscom_oz/sockets/unicorn.sock/v1.0/catalogs/1f481ad5f26d4d85ab546223da4fe498/updates 200 0.019 190 - - 7e5faefe4eae60d1dbfde5d5e52c98fe -
- - - [08/Mar/2013:04:04:57 -0800] GET /v1.0/version HTTP/1.1 "200" 68 "-" "ELB-HealthChecker/1.0" 126 0.003 10.249.20.248:80 unix:/var/wizard/pscom_oz/sockets/unicorn.sock/v1.0/version 200 0.003 68 - - 733acf0772588b7ece0aeadfd65d7835 -
- - - [08/Mar/2013:04:05:03 -0800] GET /v1.0/version HTTP/1.1 "200" 68 "-" "ELB-HealthChecker/1.0" 126 0.003 10.249.20.248:80 unix:/var/wizard/pscom_oz/sockets/unicorn.sock/v1.0/version 200 0.003 68 - - 5e946b4cdd2ae03a3da00e606db6a8fd -
50.18.173.36 - 8879ba3e232743f39dbb086ec487b853 [08/Mar/2013:04:05:04 -0800] GET /v1.0/accounts/00000000000000000000000000000000 HTTP/1.1 "200" 785 "-" "QE-Acceptance-Tests" 1021 0.496 api.oznext.com unix:/var/wizard/pscom_oz/sockets/unicorn.sock/v1.0/accounts/00000000000000000000000000000000 200 0.496 785 - - 6f4052c782a7199db52711562cc756bf -
50.18.173.36 - 8879ba3e232743f39dbb086ec487b853 [08/Mar/2013:04:05:05 -0800] PUT /v1.0/catalogs/975947b231d76248ac5ac78bef2b4aaa HTTP/1.1 "201" 0 "-" "QE-Acceptance-Tests" 1094 0.016 api.oznext.com unix:/var/wizard/pscom_oz/sockets/unicorn.sock/v1.0/catalogs/975947b231d76248ac5ac78bef2b4aaa 201 0.016 0 - - c0fecb0b7e79cc747c65cf16ed6057d6 -
50.18.173.36 - 8879ba3e232743f39dbb086ec487b853 [08/Mar/2013:04:05:05 -0800] PUT /v1.0/catalogs/975947b231d76248ac5ac78bef2b4aaa/albums/774af6ddb8baea45954b72220520fd6f HTTP/1.1 "201" 0 "-" "QE-Acceptance-Tests" 1132 0.027 api.oznext.com unix:/var/wizard/pscom_oz/sockets/unicorn.sock/v1.0/catalogs/975947b231d76248ac5ac78bef2b4aaa/albums/774af6ddb8baea45954b72220520fd6f 201 0.027 0 - - d795aa1088dbe51eabd9256d53d646f2 -
50.18.173.36 - 8879ba3e232743f39dbb086ec487b853 [08/Mar/2013:04:05:05 -0800] GET /v1.0/catalogs/975947b231d76248ac5ac78bef2b4aaa/albums/774af6ddb8baea45954b72220520fd6f HTTP/1.1 "200" 625 "-" "QE-Acceptance-Tests" 1061 0.014 api.oznext.com unix:/var/wizard/pscom_oz/sockets/unicorn.sock/v1.0/catalogs/975947b231d76248ac5ac78bef2b4aaa/albums/774af6ddb8baea45954b72220520fd6f 200 0.014 625 - - 187d8b07422a336c08de84ed9021a6ee -
50.18.173.36 - 8879ba3e232743f39dbb086ec487b853 [08/Mar/2013:04:05:05 -0800] GET /v1.0/catalogs/2e8c10fbf71348c49f79f3272c90a7c0/albums HTTP/1.1 "200" 58824 "-" "QE-Acceptance-Tests" 1028 0.043 api.oznext.com unix:/var/wizard/pscom_oz/sockets/unicorn.sock/v1.0/catalogs/2e8c10fbf71348c49f79f3272c90a7c0/albums 200 0.040 58824 - - 591b33968203988bbc270b4599d5099c -
50.18.173.36 - 8879ba3e232743f39dbb086ec487b853 [08/Mar/2013:04:05:05 -0800] PUT /v1.0/catalogs/975947b231d76248ac5ac78bef2b4aaa/assets/496b49dd5fd69f4f70aafb2d68b5aa8a/revisions/6da99d5c3b07594714d86ec5d1cd32ed HTTP/1.1 "201" 0 "-" "QE-Acceptance-Tests" 1158 0.039 api.oznext.com unix:/var/wizard/pscom_oz/sockets/unicorn.sock/v1.0/catalogs/975947b231d76248ac5ac78bef2b4aaa/assets/496b49dd5fd69f4f70aafb2d68b5aa8a/revisions/6da99d5c3b07594714d86ec5d1cd32ed 201 0.039 0 - - b3177e0a843b15e9bb748e5cd2380223 -
50.18.173.36 - 8879ba3e232743f39dbb086ec487b853 [08/Mar/2013:04:05:05 -0800] PUT /v1.0/catalogs/975947b231d76248ac5ac78bef2b4aaa/albums/774af6ddb8baea45954b72220520fd6f/assets/496b49dd5fd69f4f70aafb2d68b5aa8a HTTP/1.1 "201" 0 "-" "QE-Acceptance-Tests" 1120 0.033 api.oznext.com unix:/var/wizard/pscom_oz/sockets/unicorn.sock/v1.0/catalogs/975947b231d76248ac5ac78bef2b4aaa/albums/774af6ddb8baea45954b72220520fd6f/assets/496b49dd5fd69f4f70aafb2d68b5aa8a 201 0.033 0 - - 7f21f565dbc331ec5d14b2ace5f38587 -
50.18.173.36 - 8879ba3e232743f39dbb086ec487b853 [08/Mar/2013:04:05:05 -0800] DELETE /v1.0/catalogs/975947b231d76248ac5ac78bef2b4aaa/albums/774af6ddb8baea45954b72220520fd6f/assets/496b49dd5fd69f4f70aafb2d68b5aa8a HTTP/1.1 "204" 0 "-" "QE-Acceptance-Tests" 1104 0.034 api.oznext.com unix:/var/wizard/pscom_oz/sockets/unicorn.sock/v1.0/catalogs/975947b231d76248ac5ac78bef2b4aaa/albums/774af6ddb8baea45954b72220520fd6f/assets/496b49dd5fd69f4f70aafb2d68b5aa8a 204 0.034 - - - 118d84de52c12e71ef8742b2a77fed55 -
50.18.173.36 - 8879ba3e232743f39dbb086ec487b853 [08/Mar/2013:04:05:05 -0800] GET /v1.0/catalogs/975947b231d76248ac5ac78bef2b4aaa/updates HTTP/1.1 "200" 144 "-" "QE-Acceptance-Tests" 1029 0.020 api.oznext.com unix:/var/wizard/pscom_oz/sockets/unicorn.sock/v1.0/catalogs/975947b231d76248ac5ac78bef2b4aaa/updates 200 0.020 144 - - e8b62efbfa1da3faf58f82e7ef3f05ad -
192.150.10.200 - e742d19696e37565da8011b6f36f1eae [08/Mar/2013:04:05:06 -0800] GET /v1.0/catalogs/88366ab89b0e4aa896cd88cdf72a43d5 HTTP/1.1 "200" 628 "-" "Tornado-Cached(42;Apple;iPhone Simulator;iOS;6.1)" 1003 0.016 api.oznext.com unix:/var/wizard/pscom_oz/sockets/unicorn.sock/v1.0/catalogs/88366ab89b0e4aa896cd88cdf72a43d5 200 0.016 1649 - - a59c341a9d40b637802eb35b4934c651 -
192.150.10.200 - e742d19696e37565da8011b6f36f1eae [08/Mar/2013:04:05:06 -0800] GET /v1.0/catalogs/88366ab89b0e4aa896cd88cdf72a43d5/users HTTP/1.1 "200" 884 "-" "Tornado-Cached(42;Apple;iPhone Simulator;iOS;6.1)" 1009 0.054 api.oznext.com unix:/var/wizard/pscom_oz/sockets/unicorn.sock/v1.0/catalogs/88366ab89b0e4aa896cd88cdf72a43d5/users 200 0.054 3893 - - 0719051d8fb899d493bf95ff0b2d09fb -
50.18.173.36 - 8879ba3e232743f39dbb086ec487b853 [08/Mar/2013:04:05:06 -0800] PUT /v1.0/catalogs/975947b231d76248ac5ac78bef2b4aaa/albums/e386eda7531258425589f836d9545bd3 HTTP/1.1 "201" 0 "-" "QE-Acceptance-Tests" 1137 0.032 api.oznext.com unix:/var/wizard/pscom_oz/sockets/unicorn.sock/v1.0/catalogs/975947b231d76248ac5ac78bef2b4aaa/albums/e386eda7531258425589f836d9545bd3 201 0.032 0 - - 2fdaf5e55e113d2cfc794ef7ccb30c99 -
192.150.10.200 - e742d19696e37565da8011b6f36f1eae [08/Mar/2013:04:05:06 -0800] GET /v1.0/catalogs/88366ab89b0e4aa896cd88cdf72a43d5/updates?updated_since=2013-03-08T00%3A35%3A34.462632Z HTTP/1.1 "200" 190 "-" "Tornado-Cached(42;Apple;iPhone Simulator;iOS;6.1)" 1057 0.071 api.oznext.com unix:/var/wizard/pscom_oz/sockets/unicorn.sock/v1.0/catalogs/88366ab89b0e4aa896cd88cdf72a43d5/updates 200 0.071 190 - - 8569dc068edf516cf759d0e8da1dc3ae -
50.18.173.36 - 8879ba3e232743f39dbb086ec487b853 [08/Mar/2013:04:05:06 -0800] PUT /v1.0/catalogs/975947b231d76248ac5ac78bef2b4aaa/assets/e58df462958b204f98bbc6ba31383722/revisions/09593ab85d8ff24971c9c5d14b6e7361 HTTP/1.1 "201" 0 "-" "QE-Acceptance-Tests" 1158 0.041 api.oznext.com unix:/var/wizard/pscom_oz/sockets/unicorn.sock/v1.0/catalogs/975947b231d76248ac5ac78bef2b4aaa/assets/e58df462958b204f98bbc6ba31383722/revisions/09593ab85d8ff24971c9c5d14b6e7361 201 0.041 0 - - 7fd80fd82f63f691a15fb512aebae359 -
50.18.173.36 - 8879ba3e232743f39dbb086ec487b853 [08/Mar/2013:04:05:07 -0800] PUT /v1.0/catalogs/975947b231d76248ac5ac78bef2b4aaa/albums/e386eda7531258425589f836d9545bd3/assets/e58df462958b204f98bbc6ba31383722 HTTP/1.1 "201" 0 "-" "QE-Acceptance-Tests" 1120 0.038 api.oznext.com unix:/var/wizard/pscom_oz/sockets/unicorn.sock/v1.0/catalogs/975947b231d76248ac5ac78bef2b4aaa/albums/e386eda7531258425589f836d9545bd3/assets/e58df462958b204f98bbc6ba31383722 201 0.038 0 - - 02d53c964f1387ba85f089e98eccf40e -
50.18.173.36 - 8879ba3e232743f39dbb086ec487b853 [08/Mar/2013:04:05:07 -0800] POST /v1.0/catalogs/975947b231d76248ac5ac78bef2b4aaa HTTP/1.1 "204" 0 "-" "QE-Acceptance-Tests" 1096 0.041 api.oznext.com unix:/var/wizard/pscom_oz/sockets/unicorn.sock/v1.0/catalogs/975947b231d76248ac5ac78bef2b4aaa 204 0.041 - - - 145589c31cb7057ef9bc5abe63db3fe3 -
50.18.173.36 - 8879ba3e232743f39dbb086ec487b853 [08/Mar/2013:04:05:08 -0800] PUT /v1.0/catalogs/975947b231d76248ac5ac78bef2b4aaa/albums/e2c2e0dee5cc624ded4957f8663ce139 HTTP/1.1 "201" 0 "-" "QE-Acceptance-Tests" 1137 0.031 api.oznext.com unix:/var/wizard/pscom_oz/sockets/unicorn.sock/v1.0/catalogs/975947b231d76248ac5ac78bef2b4aaa/albums/e2c2e0dee5cc624ded4957f8663ce139 201 0.031 0 - - b11a6bfbfb573531c9b1a2e23801e7e7 -
50.18.173.36 - 8879ba3e232743f39dbb086ec487b853 [08/Mar/2013:04:05:09 -0800] PUT /v1.0/catalogs/975947b231d76248ac5ac78bef2b4aaa/assets/bb79cc37cc10e74bf66a772bd8fae00a/revisions/5d9e5c4c41740443e43ab30d7492a162 HTTP/1.1 "201" 0 "-" "QE-Acceptance-Tests" 1158 0.039 api.oznext.com unix:/var/wizard/pscom_oz/sockets/unicorn.sock/v1.0/catalogs/975947b231d76248ac5ac78bef2b4aaa/assets/bb79cc37cc10e74bf66a772bd8fae00a/revisions/5d9e5c4c41740443e43ab30d7492a162 201 0.039 0 - - 1f38922b9eb3ab7cd8a1496bd6e9a03d -
50.18.173.36 - 8879ba3e232743f39dbb086ec487b853 [08/Mar/2013:04:05:09 -0800] PUT /v1.0/catalogs/975947b231d76248ac5ac78bef2b4aaa/albums/e2c2e0dee5cc624ded4957f8663ce139/assets/bb79cc37cc10e74bf66a772bd8fae00a HTTP/1.1 "201" 0 "-" "QE-Acceptance-Tests" 1120 0.039 api.oznext.com unix:/var/wizard/pscom_oz/sockets/unicorn.sock/v1.0/catalogs/975947b231d76248ac5ac78bef2b4aaa/albums/e2c2e0dee5cc624ded4957f8663ce139/assets/bb79cc37cc10e74bf66a772bd8fae00a 201 0.039 0 - - bc7c4e1fb3368a2896d725e5cc5f1d83 -
