61.246.216.100 - 991cf2a40842f348d4036e7612f19fe4 [08/Mar/2013:04:30:02 -0800] GET /v1.0/catalogs/7187f7784d294f8f89888a3b453514d0/users HTTP/1.1 "200" 407 "-" "Revel/1.10 CFNetwork/609.1.4 Darwin/11.4.0" 1023 0.020 api.oznext.com unix:/var/wizard/pscom_oz/sockets/unicorn.sock/v1.0/catalogs/7187f7784d294f8f89888a3b453514d0/users 200 0.020 407 - - aafd2f9e7773132d36117729755fe074 -
61.246.216.100 - 991cf2a40842f348d4036e7612f19fe4 [08/Mar/2013:04:30:02 -0800] GET /v1.0/catalogs/7187f7784d294f8f89888a3b453514d0/updates?updated_since=2013-03-01T05%3A25%3A26.570887Z HTTP/1.1 "200" 190 "-" "Revel/1.10 CFNetwork/609.1.4 Darwin/11.4.0" 1071 0.020 api.oznext.com unix:/var/wizard/pscom_oz/sockets/unicorn.sock/v1.0/catalogs/7187f7784d294f8f89888a3b453514d0/updates 200 0.020 190 - - cecdc74b37b1ae649af2ac6ae909b539 -
- - - [08/Mar/2013:04:30:03 -0800] GET /v1.0/version HTTP/1.1 "200" 68 "-" "ELB-HealthChecker/1.0" 126 0.003 10.249.20.248:80 unix:/var/wizard/pscom_oz/sockets/unicorn.sock/v1.0/version 200 0.003 68 - - 26b8702a9f19694f511ebea5305108f3 -
- - - [08/Mar/2013:04:30:04 -0800] - "400" 0 "-" "-" 0 0.000 - -- - - - - - - -
- - - [08/Mar/2013:04:30:04 -0800] - "400" 0 "-" "-" 0 0.000 - -- - - - - - - -
- - - [08/Mar/2013:04:30:04 -0800] - "400" 0 "-" "-" 0 0.000 - -- - - - - - - -
50.18.178.173 - - [08/Mar/2013:04:30:04 -0800] GET /v1.0/version HTTP/1.1 "200" 68 "-" "check_http/v1.4.15 (nagios-plugins 1.4.15)" 213 0.003 api.oznext.com unix:/var/wizard/pscom_oz/sockets/unicorn.sock/v1.0/version 200 0.003 68 - - 7782f7e0318756f406ae15d37b02fb49 -
192.150.10.200 - 0af56c0e2b3a4e90b8b303b57ceba27a [08/Mar/2013:04:30:05 -0800] GET /v1.0/catalogs/1f481ad5f26d4d85ab546223da4fe498 HTTP/1.1 "200" 454 "-" "Adobe%20Revel/1.10 CFNetwork/596.0.1 Darwin/12.0.0 (x86_64) (Macmini5%2C1)" 1050 0.062 api.oznext.com unix:/var/wizard/pscom_oz/sockets/unicorn.sock/v1.0/catalogs/1f481ad5f26d4d85ab546223da4fe498 200 0.062 1310 - - 0855ad185710b5131629f45e2a9c1cb4 -
192.150.10.200 - 0af56c0e2b3a4e90b8b303b57ceba27a [08/Mar/2013:04:30:05 -0800] GET /v1.0/catalogs/1f481ad5f26d4d85ab546223da4fe498/users HTTP/1.1 "200" 387 "-" "Adobe%20Revel/1.10 CFNetwork/596.0.1 Darwin/12.0.0 (x86_64) (Macmini5%2C1)" 1056 0.019 api.oznext.com unix:/var/wizard/pscom_oz/sockets/unicorn.sock/v1.0/catalogs/1f481ad5f26d4d85ab546223da4fe498/users 200 0.019 387 - - 2b144e7e89593a84d34cabdb63dd57b7 -
192.150.10.200 - 0af56c0e2b3a4e90b8b303b57ceba27a [08/Mar/2013:04:30:05 -0800] GET /v1.0/catalogs/1f481ad5f26d4d85ab546223da4fe498/updates?updated_since=2013-03-07T22%3A26%3A02.115345Z HTTP/1.1 "200" 190 "-" "Adobe%20Revel/1.10 CFNetwork/596.0.1 Darwin/12.0.0 (x86_64) (Macmini5%2C1)" 1104 0.019 api.oznext.com unix:/var/wizard/pscom_oz/sockets/unicorn.sock/v1.0/catalogs/1f481ad5f26d4d85ab546223da4fe498/updates 200 0.019 190 - - f0419dd7d050a22b2ff117026d2cf4f6 -
- - - [08/Mar/2013:04:30:09 -0800] GET /v1.0/version HTTP/1.1 "200" 68 "-" "ELB-HealthChecker/1.0" 126 0.004 10.249.20.248:80 unix:/var/wizard/pscom_oz/sockets/unicorn.sock/v1.0/version 200 0.004 68 - - 54b4244a77953694b1ef902d4cdc1142 -
- - - [08/Mar/2013:04:30:15 -0800] GET /v1.0/version HTTP/1.1 "200" 68 "-" "ELB-HealthChecker/1.0" 126 0.003 10.249.20.248:80 unix:/var/wizard/pscom_oz/sockets/unicorn.sock/v1.0/version 200 0.003 68 - - 9343c2e3ab1d3d2388f771ea08243555 -
- - - [08/Mar/2013:04:30:20 -0800] - "400" 0 "-" "-" 0 0.000 - -- - - - - - - -
- - - [08/Mar/2013:04:30:21 -0800] GET /v1.0/version HTTP/1.1 "200" 68 "-" "ELB-HealthChecker/1.0" 126 0.004 10.249.20.248:80 unix:/var/wizard/pscom_oz/sockets/unicorn.sock/v1.0/version 200 0.004 68 - - bdfe3440da73cea7fbfaf9dc64b25731 -
- - - [08/Mar/2013:04:30:27 -0800] GET /v1.0/version HTTP/1.1 "200" 68 "-" "ELB-HealthChecker/1.0" 126 0.003 10.249.20.248:80 unix:/var/wizard/pscom_oz/sockets/unicorn.sock/v1.0/version 200 0.003 68 - - 8963663066c680f859ff3f79e1990fbe -
- - - [08/Mar/2013:04:30:30 -0800] - "400" 0 "-" "-" 0 0.000 - -- - - - - - - -
- - - [08/Mar/2013:04:30:30 -0800] - "400" 0 "-" "-" 0 0.000 - -- - - - - - - -
- - - [08/Mar/2013:04:30:31 -0800] - "400" 0 "-" "-" 0 0.000 - -- - - - - - - -
- - - [08/Mar/2013:04:30:31 -0800] - "400" 0 "-" "-" 0 0.000 - -- - - - - - - -
61.246.216.100 - 991cf2a40842f348d4036e7612f19fe4 [08/Mar/2013:04:30:33 -0800] GET /v1.0/catalogs/7187f7784d294f8f89888a3b453514d0 HTTP/1.1 "200" 467 "-" "Revel/1.10 CFNetwork/609.1.4 Darwin/11.4.0" 1017 0.017 api.oznext.com unix:/var/wizard/pscom_oz/sockets/unicorn.sock/v1.0/catalogs/7187f7784d294f8f89888a3b453514d0 200 0.017 1325 - - a1514a488835f261a3f87aa6db250b4e -
61.246.216.100 - 991cf2a40842f348d4036e7612f19fe4 [08/Mar/2013:04:30:33 -0800] GET /v1.0/catalogs/7187f7784d294f8f89888a3b453514d0/users HTTP/1.1 "200" 407 "-" "Revel/1.10 CFNetwork/609.1.4 Darwin/11.4.0" 1023 0.020 api.oznext.com unix:/var/wizard/pscom_oz/sockets/unicorn.sock/v1.0/catalogs/7187f7784d294f8f89888a3b453514d0/users 200 0.020 407 - - 216ddfcc87e8b0aaa9fe24fb2a4ff530 -
61.246.216.100 - 991cf2a40842f348d4036e7612f19fe4 [08/Mar/2013:04:30:33 -0800] GET /v1.0/catalogs/7187f7784d294f8f89888a3b453514d0/updates?updated_since=2013-03-01T05%3A25%3A26.570887Z HTTP/1.1 "200" 190 "-" "Revel/1.10 CFNetwork/609.1.4 Darwin/11.4.0" 1071 0.019 api.oznext.com unix:/var/wizard/pscom_oz/sockets/unicorn.sock/v1.0/catalogs/7187f7784d294f8f89888a3b453514d0/updates 200 0.019 190 - - 983dffaf201a06b5c4a619236f8696f1 -
- - - [08/Mar/2013:04:30:33 -0800] GET /v1.0/version HTTP/1.1 "200" 68 "-" "ELB-HealthChecker/1.0" 126 0.003 10.249.20.248:80 unix:/var/wizard/pscom_oz/sockets/unicorn.sock/v1.0/version 200 0.003 68 - - a7ce277bf7b577e466baa85b480a1b9c -
- - - [08/Mar/2013:04:30:34 -0800] - "400" 0 "-" "-" 0 0.000 - -- - - - - - - -
- - - [08/Mar/2013:04:30:34 -0800] - "400" 0 "-" "-" 0 0.000 - -- - - - - - - -
- - - [08/Mar/2013:04:30:34 -0800] - "400" 0 "-" "-" 0 0.000 - -- - - - - - - -
192.150.10.200 - 0af56c0e2b3a4e90b8b303b57ceba27a [08/Mar/2013:04:30:35 -0800] GET /v1.0/catalogs/1f481ad5f26d4d85ab546223da4fe498 HTTP/1.1 "200" 454 "-" "Adobe%20Revel/1.10 CFNetwork/596.0.1 Darwin/12.0.0 (x86_64) (Macmini5%2C1)" 1050 0.019 api.oznext.com unix:/var/wizard/pscom_oz/sockets/unicorn.sock/v1.0/catalogs/1f481ad5f26d4d85ab546223da4fe498 200 0.019 1310 - - 77152b876099abc0fc246b19c9e95f8c -
192.150.10.200 - 0af56c0e2b3a4e90b8b303b57ceba27a [08/Mar/2013:04:30:35 -0800] GET /v1.0/catalogs/1f481ad5f26d4d85ab546223da4fe498/users HTTP/1.1 "200" 387 "-" "Adobe%20Revel/1.10 CFNetwork/596.0.1 Darwin/12.0.0 (x86_64) (Macmini5%2C1)" 1056 0.026 api.oznext.com unix:/var/wizard/pscom_oz/sockets/unicorn.sock/v1.0/catalogs/1f481ad5f26d4d85ab546223da4fe498/users 200 0.026 387 - - 89242ecc02b097681173fef520fe6db5 -
192.150.10.200 - 0af56c0e2b3a4e90b8b303b57ceba27a [08/Mar/2013:04:30:35 -0800] GET /v1.0/catalogs/1f481ad5f26d4d85ab546223da4fe498/updates?updated_since=2013-03-07T22%3A26%3A02.115345Z HTTP/1.1 "200" 190 "-" "Adobe%20Revel/1.10 CFNetwork/596.0.1 Darwin/12.0.0 (x86_64) (Macmini5%2C1)" 1104 0.020 api.oznext.com unix:/var/wizard/pscom_oz/sockets/unicorn.sock/v1.0/catalogs/1f481ad5f26d4d85ab546223da4fe498/updates 200 0.020 190 - - f41dbbc2f074bca3c8d4cec88d76c3cb -
- - - [08/Mar/2013:04:30:39 -0800] - "400" 0 "-" "-" 0 0.000 - -- - - - - - - -
- - - [08/Mar/2013:04:30:39 -0800] GET /v1.0/version HTTP/1.1 "200" 68 "-" "ELB-HealthChecker/1.0" 126 0.003 10.249.20.248:80 unix:/var/wizard/pscom_oz/sockets/unicorn.sock/v1.0/version 200 0.003 68 - - 553cff26e0935aaa84cb9d74c91b1dc1 -
192.150.10.200 - 0af56c0e2b3a4e90b8b303b57ceba27a [08/Mar/2013:04:30:39 -0800] GET /v1.0/accounts/0af56c0e2b3a4e90b8b303b57ceba27a HTTP/1.1 "200" 992 "-" "Adobe%20Revel/1.10 CFNetwork/596.0.1 Darwin/12.0.0 (x86_64) (Macmini5%2C1)" 1050 0.019 api.oznext.com unix:/var/wizard/pscom_oz/sockets/unicorn.sock/v1.0/accounts/0af56c0e2b3a4e90b8b303b57ceba27a 200 0.019 992 - - 4509da72c2a1946ef335883a99021891 -
61.246.216.100 - 991cf2a40842f348d4036e7612f19fe4 [08/Mar/2013:04:30:42 -0800] GET /v1.0/accounts/991cf2a40842f348d4036e7612f19fe4 HTTP/1.1 "200" 873 "-" "Revel/1.10 CFNetwork/609.1.4 Darwin/11.4.0" 1017 0.022 api.oznext.com unix:/var/wizard/pscom_oz/sockets/unicorn.sock/v1.0/accounts/991cf2a40842f348d4036e7612f19fe4 200 0.022 873 - - b95cfc039ccc89a7e81db760268ece72 -
192.150.10.200 - 0af56c0e2b3a4e90b8b303b57ceba27a [08/Mar/2013:04:30:43 -0800] GET /v1.0/catalogs HTTP/1.1 "200" 602 "-" "Adobe%20Revel/1.10 CFNetwork/596.0.1 Darwin/12.0.0 (x86_64) (Macmini5%2C1)" 1017 0.014 api.oznext.com unix:/var/wizard/pscom_oz/sockets/unicorn.sock/v1.0/catalogs 200 0.014 2661 - - 564ea6b134e2c09b3bd13053e1732bd0 -
192.150.10.200 - 0af56c0e2b3a4e90b8b303b57ceba27a [08/Mar/2013:04:30:43 -0800] GET /v1.0/catalogs?role=user HTTP/1.1 "200" 135 "-" "Adobe%20Revel/1.10 CFNetwork/596.0.1 Darwin/12.0.0 (x86_64) (Macmini5%2C1)" 1027 0.013 api.oznext.com unix:/var/wizard/pscom_oz/sockets/unicorn.sock/v1.0/catalogs 200 0.013 135 - - e052b73ddd7d11b44fdf4c0c36052582 -
61.246.216.100 - 991cf2a40842f348d4036e7612f19fe4 [08/Mar/2013:04:30:43 -0800] GET /v1.0/catalogs HTTP/1.1 "200" 499 "-" "Revel/1.10 CFNetwork/609.1.4 Darwin/11.4.0" 984 0.011 api.oznext.com unix:/var/wizard/pscom_oz/sockets/unicorn.sock/v1.0/catalogs 200 0.011 1414 - - 76eecda7a43de1256f8f2daa5e7a9d2b -
61.246.216.100 - 991cf2a40842f348d4036e7612f19fe4 [08/Mar/2013:04:30:43 -0800] GET /v1.0/catalogs?role=user HTTP/1.1 "200" 135 "-" "Revel/1.10 CFNetwork/609.1.4 Darwin/11.4.0" 994 0.010 api.oznext.com unix:/var/wizard/pscom_oz/sockets/unicorn.sock/v1.0/catalogs 200 0.010 135 - - f902ae26731e150ba0ffa2f0829bf50e -
- - - [08/Mar/2013:04:30:45 -0800] GET /v1.0/version HTTP/1.1 "200" 68 "-" "ELB-HealthChecker/1.0" 126 0.004 10.249.20.248:80 unix:/var/wizard/pscom_oz/sockets/unicorn.sock/v1.0/version 200 0.004 68 - - 90dc5c73615fd964c01f6cada1bb5e8d -
- - - [08/Mar/2013:04:30:50 -0800] - "400" 0 "-" "-" 0 0.000 - -- - - - - - - -
- - - [08/Mar/2013:04:30:51 -0800] GET /v1.0/version HTTP/1.1 "200" 68 "-" "ELB-HealthChecker/1.0" 126 0.003 10.249.20.248:80 unix:/var/wizard/pscom_oz/sockets/unicorn.sock/v1.0/version 200 0.003 68 - - 568f19e923380fa656366a3d2d5be35f -
- - - [08/Mar/2013:04:30:57 -0800] GET /v1.0/version HTTP/1.1 "200" 68 "-" "ELB-HealthChecker/1.0" 126 0.003 10.249.20.248:80 unix:/var/wizard/pscom_oz/sockets/unicorn.sock/v1.0/version 200 0.003 68 - - e2b3d6e3a704d3cc74e2a7fbe03ce41c -
- - - [08/Mar/2013:04:31:03 -0800] GET /v1.0/version HTTP/1.1 "200" 68 "-" "ELB-HealthChecker/1.0" 126 0.004 10.249.20.248:80 unix:/var/wizard/pscom_oz/sockets/unicorn.sock/v1.0/version 200 0.004 68 - - 005ae74db295088f6c4f399369a23914 -
61.246.216.100 - 991cf2a40842f348d4036e7612f19fe4 [08/Mar/2013:04:31:04 -0800] GET /v1.0/catalogs/7187f7784d294f8f89888a3b453514d0 HTTP/1.1 "200" 467 "-" "Revel/1.10 CFNetwork/609.1.4 Darwin/11.4.0" 1017 0.018 api.oznext.com unix:/var/wizard/pscom_oz/sockets/unicorn.sock/v1.0/catalogs/7187f7784d294f8f89888a3b453514d0 200 0.018 1325 - - c127d4baac878a8629652100c22e8c6d -
61.246.216.100 - 991cf2a40842f348d4036e7612f19fe4 [08/Mar/2013:04:31:04 -0800] GET /v1.0/catalogs/7187f7784d294f8f89888a3b453514d0/users HTTP/1.1 "200" 407 "-" "Revel/1.10 CFNetwork/609.1.4 Darwin/11.4.0" 1023 0.020 api.oznext.com unix:/var/wizard/pscom_oz/sockets/unicorn.sock/v1.0/catalogs/7187f7784d294f8f89888a3b453514d0/users 200 0.020 407 - - f556dc0a21b3d6331d39bc8623ab7953 -
61.246.216.100 - 991cf2a40842f348d4036e7612f19fe4 [08/Mar/2013:04:31:04 -0800] GET /v1.0/catalogs/7187f7784d294f8f89888a3b453514d0/updates?updated_since=2013-03-01T05%3A25%3A26.570887Z HTTP/1.1 "200" 190 "-" "Revel/1.10 CFNetwork/609.1.4 Darwin/11.4.0" 1071 0.021 api.oznext.com unix:/var/wizard/pscom_oz/sockets/unicorn.sock/v1.0/catalogs/7187f7784d294f8f89888a3b453514d0/updates 200 0.021 190 - - ba0eb6b3d31597a9d671e84b4ca0270d -
- - - [08/Mar/2013:04:31:04 -0800] - "400" 0 "-" "-" 0 0.000 - -- - - - - - - -
- - - [08/Mar/2013:04:31:04 -0800] - "400" 0 "-" "-" 0 0.000 - -- - - - - - - -
- - - [08/Mar/2013:04:31:04 -0800] - "400" 0 "-" "-" 0 0.000 - -- - - - - - - -
192.150.10.200 - 0af56c0e2b3a4e90b8b303b57ceba27a [08/Mar/2013:04:31:05 -0800] GET /v1.0/catalogs/1f481ad5f26d4d85ab546223da4fe498 HTTP/1.1 "200" 454 "-" "Adobe%20Revel/1.10 CFNetwork/596.0.1 Darwin/12.0.0 (x86_64) (Macmini5%2C1)" 1050 0.017 api.oznext.com unix:/var/wizard/pscom_oz/sockets/unicorn.sock/v1.0/catalogs/1f481ad5f26d4d85ab546223da4fe498 200 0.017 1310 - - 3dbe86962487c034656a6aa4d5c68f1f -
192.150.10.200 - 0af56c0e2b3a4e90b8b303b57ceba27a [08/Mar/2013:04:31:05 -0800] GET /v1.0/catalogs/1f481ad5f26d4d85ab546223da4fe498/users HTTP/1.1 "200" 387 "-" "Adobe%20Revel/1.10 CFNetwork/596.0.1 Darwin/12.0.0 (x86_64) (Macmini5%2C1)" 1056 0.021 api.oznext.com unix:/var/wizard/pscom_oz/sockets/unicorn.sock/v1.0/catalogs/1f481ad5f26d4d85ab546223da4fe498/users 200 0.021 387 - - ae724f0829ae94c62cc874fe4b957324 -
192.150.10.200 - 0af56c0e2b3a4e90b8b303b57ceba27a [08/Mar/2013:04:31:05 -0800] GET /v1.0/catalogs/1f481ad5f26d4d85ab546223da4fe498/updates?updated_since=2013-03-07T22%3A26%3A02.115345Z HTTP/1.1 "200" 190 "-" "Adobe%20Revel/1.10 CFNetwork/596.0.1 Darwin/12.0.0 (x86_64) (Macmini5%2C1)" 1104 0.021 api.oznext.com unix:/var/wizard/pscom_oz/sockets/unicorn.sock/v1.0/catalogs/1f481ad5f26d4d85ab546223da4fe498/updates 200 0.021 190 - - fb51f5d365581f5599c798836b86e5fe -
- - - [08/Mar/2013:04:31:09 -0800] GET /v1.0/version HTTP/1.1 "200" 68 "-" "ELB-HealthChecker/1.0" 126 0.003 10.249.20.248:80 unix:/var/wizard/pscom_oz/sockets/unicorn.sock/v1.0/version 200 0.003 68 - - f42dcf59b99b17d022cbc347017a3fd0 -
- - - [08/Mar/2013:04:31:15 -0800] GET /v1.0/version HTTP/1.1 "200" 68 "-" "ELB-HealthChecker/1.0" 126 0.003 10.249.20.248:80 unix:/var/wizard/pscom_oz/sockets/unicorn.sock/v1.0/version 200 0.003 68 - - 50491a5e127dcf677b8c46957816b44c -
- - - [08/Mar/2013:04:31:20 -0800] - "400" 0 "-" "-" 0 0.000 - -- - - - - - - -
- - - [08/Mar/2013:04:31:21 -0800] GET /v1.0/version HTTP/1.1 "200" 68 "-" "ELB-HealthChecker/1.0" 126 0.004 10.249.20.248:80 unix:/var/wizard/pscom_oz/sockets/unicorn.sock/v1.0/version 200 0.004 68 - - 872a659c9b2de8a3007863bc8bfd8d78 -
- - - [08/Mar/2013:04:31:27 -0800] GET /v1.0/version HTTP/1.1 "200" 68 "-" "ELB-HealthChecker/1.0" 126 0.003 10.249.20.248:80 unix:/var/wizard/pscom_oz/sockets/unicorn.sock/v1.0/version 200 0.003 68 - - 4e98f6a7796ff4a14d20d6b0dfd0b989 -
192.150.10.200 - e742d19696e37565da8011b6f36f1eae [08/Mar/2013:04:31:32 -0800] GET /v1.0/catalogs?role=user HTTP/1.1 "200" 900 "-" "Tornado-Cached(42;Apple;iPhone Simulator;iOS;6.1)" 980 0.014 api.oznext.com unix:/var/wizard/pscom_oz/sockets/unicorn.sock/v1.0/catalogs 200 0.014 3324 - - 767ff2a98d8f16af95722308833f5c85 -
192.150.10.200 - e742d19696e37565da8011b6f36f1eae [08/Mar/2013:04:31:32 -0800] GET /v1.0/catalogs HTTP/1.1 "200" 1090 "-" "Tornado-Cached(42;Apple;iPhone Simulator;iOS;6.1)" 970 0.014 api.oznext.com unix:/var/wizard/pscom_oz/sockets/unicorn.sock/v1.0/catalogs 200 0.014 5918 - - 6d1b5023530bb6495edf835577f63fa4 -
- - - [08/Mar/2013:04:31:32 -0800] - "400" 0 "-" "-" 0 0.000 - -- - - - - - - -
- - - [08/Mar/2013:04:31:32 -0800] - "400" 0 "-" "-" 0 0.000 - -- - - - - - - -
- - - [08/Mar/2013:04:31:32 -0800] - "400" 0 "-" "-" 0 0.000 - -- - - - - - - -
- - - [08/Mar/2013:04:31:33 -0800] GET /v1.0/version HTTP/1.1 "200" 68 "-" "ELB-HealthChecker/1.0" 126 0.003 10.249.20.248:80 unix:/var/wizard/pscom_oz/sockets/unicorn.sock/v1.0/version 200 0.003 68 - - 7872f0bc0be2388d5a6fbb0327aa2f2c -
- - - [08/Mar/2013:04:31:34 -0800] - "400" 0 "-" "-" 0 0.000 - -- - - - - - - -
- - - [08/Mar/2013:04:31:34 -0800] - "400" 0 "-" "-" 0 0.000 - -- - - - - - - -
61.246.216.100 - 991cf2a40842f348d4036e7612f19fe4 [08/Mar/2013:04:31:34 -0800] GET /v1.0/catalogs/7187f7784d294f8f89888a3b453514d0 HTTP/1.1 "200" 467 "-" "Revel/1.10 CFNetwork/609.1.4 Darwin/11.4.0" 1017 0.018 api.oznext.com unix:/var/wizard/pscom_oz/sockets/unicorn.sock/v1.0/catalogs/7187f7784d294f8f89888a3b453514d0 200 0.018 1325 - - 77cde434fc80b667eea1a4873021ec28 -
61.246.216.100 - 991cf2a40842f348d4036e7612f19fe4 [08/Mar/2013:04:31:35 -0800] GET /v1.0/catalogs/7187f7784d294f8f89888a3b453514d0/users HTTP/1.1 "200" 407 "-" "Revel/1.10 CFNetwork/609.1.4 Darwin/11.4.0" 1023 0.022 api.oznext.com unix:/var/wizard/pscom_oz/sockets/unicorn.sock/v1.0/catalogs/7187f7784d294f8f89888a3b453514d0/users 200 0.022 407 - - bc2d2973f4aeacb9fc81ae0d2ce96542 -
61.246.216.100 - 991cf2a40842f348d4036e7612f19fe4 [08/Mar/2013:04:31:35 -0800] GET /v1.0/catalogs/7187f7784d294f8f89888a3b453514d0/updates?updated_since=2013-03-01T05%3A25%3A26.570887Z HTTP/1.1 "200" 190 "-" "Revel/1.10 CFNetwork/609.1.4 Darwin/11.4.0" 1071 0.021 api.oznext.com unix:/var/wizard/pscom_oz/sockets/unicorn.sock/v1.0/catalogs/7187f7784d294f8f89888a3b453514d0/updates 200 0.021 190 - - 2388ac4d2299a74e5a0a725a3e74edd3 -
- - - [08/Mar/2013:04:31:35 -0800] - "400" 0 "-" "-" 0 0.000 - -- - - - - - - -
192.150.10.200 - 0af56c0e2b3a4e90b8b303b57ceba27a [08/Mar/2013:04:31:35 -0800] GET /v1.0/catalogs/1f481ad5f26d4d85ab546223da4fe498 HTTP/1.1 "200" 454 "-" "Adobe%20Revel/1.10 CFNetwork/596.0.1 Darwin/12.0.0 (x86_64) (Macmini5%2C1)" 1050 0.016 api.oznext.com unix:/var/wizard/pscom_oz/sockets/unicorn.sock/v1.0/catalogs/1f481ad5f26d4d85ab546223da4fe498 200 0.016 1310 - - fec5c16a5f98dd1205852a5bbc10dbc7 -
192.150.10.200 - 0af56c0e2b3a4e90b8b303b57ceba27a [08/Mar/2013:04:31:36 -0800] GET /v1.0/catalogs/1f481ad5f26d4d85ab546223da4fe498/users HTTP/1.1 "200" 387 "-" "Adobe%20Revel/1.10 CFNetwork/596.0.1 Darwin/12.0.0 (x86_64) (Macmini5%2C1)" 1056 0.021 api.oznext.com unix:/var/wizard/pscom_oz/sockets/unicorn.sock/v1.0/catalogs/1f481ad5f26d4d85ab546223da4fe498/users 200 0.021 387 - - 37980853cd3a07764321f7b8d9566567 -
192.150.10.200 - 0af56c0e2b3a4e90b8b303b57ceba27a [08/Mar/2013:04:31:36 -0800] GET /v1.0/catalogs/1f481ad5f26d4d85ab546223da4fe498/updates?updated_since=2013-03-07T22%3A26%3A02.115345Z HTTP/1.1 "200" 190 "-" "Adobe%20Revel/1.10 CFNetwork/596.0.1 Darwin/12.0.0 (x86_64) (Macmini5%2C1)" 1104 0.020 api.oznext.com unix:/var/wizard/pscom_oz/sockets/unicorn.sock/v1.0/catalogs/1f481ad5f26d4d85ab546223da4fe498/updates 200 0.020 190 - - 461b5f3e7a8d412757daa6f4a2da7fc0 -
- - - [08/Mar/2013:04:31:39 -0800] - "400" 0 "-" "-" 0 0.000 - -- - - - - - - -
- - - [08/Mar/2013:04:31:39 -0800] GET /v1.0/version HTTP/1.1 "200" 68 "-" "ELB-HealthChecker/1.0" 126 0.003 10.249.20.248:80 unix:/var/wizard/pscom_oz/sockets/unicorn.sock/v1.0/version 200 0.003 68 - - a58a63d722a6b809d71d5d563a3a4154 -
192.150.10.200 - 0af56c0e2b3a4e90b8b303b57ceba27a [08/Mar/2013:04:31:39 -0800] GET /v1.0/accounts/0af56c0e2b3a4e90b8b303b57ceba27a HTTP/1.1 "200" 992 "-" "Adobe%20Revel/1.10 CFNetwork/596.0.1 Darwin/12.0.0 (x86_64) (Macmini5%2C1)" 1050 0.020 api.oznext.com unix:/var/wizard/pscom_oz/sockets/unicorn.sock/v1.0/accounts/0af56c0e2b3a4e90b8b303b57ceba27a 200 0.020 992 - - b24f1a2f6ed47d9687a56455d7273d6c -
192.150.10.200 - 0af56c0e2b3a4e90b8b303b57ceba27a [08/Mar/2013:04:31:39 -0800] GET /v1.0/catalogs?role=user HTTP/1.1 "200" 135 "-" "Adobe%20Revel/1.10 CFNetwork/596.0.1 Darwin/12.0.0 (x86_64) (Macmini5%2C1)" 1027 0.011 api.oznext.com unix:/var/wizard/pscom_oz/sockets/unicorn.sock/v1.0/catalogs 200 0.011 135 - - f1eb09100a6570a1a5d930c13d8233d9 -
192.150.10.200 - 0af56c0e2b3a4e90b8b303b57ceba27a [08/Mar/2013:04:31:39 -0800] GET /v1.0/catalogs HTTP/1.1 "200" 602 "-" "Adobe%20Revel/1.10 CFNetwork/596.0.1 Darwin/12.0.0 (x86_64) (Macmini5%2C1)" 1017 0.014 api.oznext.com unix:/var/wizard/pscom_oz/sockets/unicorn.sock/v1.0/catalogs 200 0.014 2661 - - 7fb6c108785ce6ee516f014ff68796cd -
- - - [08/Mar/2013:04:31:42 -0800] - "400" 0 "-" "-" 0 0.000 - -- - - - - - - -
61.246.216.100 - 991cf2a40842f348d4036e7612f19fe4 [08/Mar/2013:04:31:43 -0800] GET /v1.0/accounts/991cf2a40842f348d4036e7612f19fe4 HTTP/1.1 "200" 873 "-" "Revel/1.10 CFNetwork/609.1.4 Darwin/11.4.0" 1017 0.022 api.oznext.com unix:/var/wizard/pscom_oz/sockets/unicorn.sock/v1.0/accounts/991cf2a40842f348d4036e7612f19fe4 200 0.022 873 - - eee54f84f7a90bfefaac59e5b005a9c5 -
- - - [08/Mar/2013:04:31:43 -0800] - "400" 0 "-" "-" 0 0.000 - -- - - - - - - -
61.246.216.100 - 991cf2a40842f348d4036e7612f19fe4 [08/Mar/2013:04:31:43 -0800] GET /v1.0/catalogs HTTP/1.1 "200" 499 "-" "Revel/1.10 CFNetwork/609.1.4 Darwin/11.4.0" 984 0.010 api.oznext.com unix:/var/wizard/pscom_oz/sockets/unicorn.sock/v1.0/catalogs 200 0.010 1414 - - 0b51256e78cbe41172a91f99cf3f8bd3 -
61.246.216.100 - 991cf2a40842f348d4036e7612f19fe4 [08/Mar/2013:04:31:43 -0800] GET /v1.0/catalogs?role=user HTTP/1.1 "200" 135 "-" "Revel/1.10 CFNetwork/609.1.4 Darwin/11.4.0" 994 0.009 api.oznext.com unix:/var/wizard/pscom_oz/sockets/unicorn.sock/v1.0/catalogs 200 0.009 135 - - 7b45855905cd041d7f21d478cd7aa16d -
- - - [08/Mar/2013:04:31:45 -0800] GET /v1.0/version HTTP/1.1 "200" 68 "-" "ELB-HealthChecker/1.0" 126 0.005 10.249.20.248:80 unix:/var/wizard/pscom_oz/sockets/unicorn.sock/v1.0/version 200 0.005 68 - - dc4dddf9d2ec5ec922a79058d3110ba5 -
- - - [08/Mar/2013:04:31:50 -0800] - "400" 0 "-" "-" 0 0.000 - -- - - - - - - -
- - - [08/Mar/2013:04:31:51 -0800] GET /v1.0/version HTTP/1.1 "200" 68 "-" "ELB-HealthChecker/1.0" 126 0.003 10.249.20.248:80 unix:/var/wizard/pscom_oz/sockets/unicorn.sock/v1.0/version 200 0.003 68 - - b1a7479106866feb9b1fe132c9bc049c -
- - - [08/Mar/2013:04:31:57 -0800] GET /v1.0/version HTTP/1.1 "200" 68 "-" "ELB-HealthChecker/1.0" 126 0.003 10.249.20.248:80 unix:/var/wizard/pscom_oz/sockets/unicorn.sock/v1.0/version 200 0.003 68 - - ab4a47480615121ab888d28fff65335a -
- - - [08/Mar/2013:04:32:03 -0800] GET /v1.0/version HTTP/1.1 "200" 68 "-" "ELB-HealthChecker/1.0" 126 0.003 10.249.20.248:80 unix:/var/wizard/pscom_oz/sockets/unicorn.sock/v1.0/version 200 0.003 68 - - a12929587eb3d84cab9e10b94c34f50f -
50.18.178.173 - - [08/Mar/2013:04:32:04 -0800] GET /v1.0/version HTTP/1.1 "200" 68 "-" "check_http/v1.4.15 (nagios-plugins 1.4.15)" 213 0.003 api.oznext.com unix:/var/wizard/pscom_oz/sockets/unicorn.sock/v1.0/version 200 0.003 68 - - c41bed0351fb863c988be5ecb2306d0b -
- - - [08/Mar/2013:04:32:05 -0800] - "400" 0 "-" "-" 0 0.000 - -- - - - - - - -
61.246.216.100 - 991cf2a40842f348d4036e7612f19fe4 [08/Mar/2013:04:32:05 -0800] GET /v1.0/catalogs/7187f7784d294f8f89888a3b453514d0 HTTP/1.1 "200" 467 "-" "Revel/1.10 CFNetwork/609.1.4 Darwin/11.4.0" 1017 0.017 api.oznext.com unix:/var/wizard/pscom_oz/sockets/unicorn.sock/v1.0/catalogs/7187f7784d294f8f89888a3b453514d0 200 0.017 1325 - - d2222760e26544f06232f8a3fdf79445 -
61.246.216.100 - 991cf2a40842f348d4036e7612f19fe4 [08/Mar/2013:04:32:06 -0800] GET /v1.0/catalogs/7187f7784d294f8f89888a3b453514d0/users HTTP/1.1 "200" 407 "-" "Revel/1.10 CFNetwork/609.1.4 Darwin/11.4.0" 1023 0.020 api.oznext.com unix:/var/wizard/pscom_oz/sockets/unicorn.sock/v1.0/catalogs/7187f7784d294f8f89888a3b453514d0/users 200 0.020 407 - - e374f3668c8900d157aa38664891e9ab -
192.150.10.200 - 0af56c0e2b3a4e90b8b303b57ceba27a [08/Mar/2013:04:32:06 -0800] GET /v1.0/catalogs/1f481ad5f26d4d85ab546223da4fe498 HTTP/1.1 "200" 454 "-" "Adobe%20Revel/1.10 CFNetwork/596.0.1 Darwin/12.0.0 (x86_64) (Macmini5%2C1)" 1050 0.016 api.oznext.com unix:/var/wizard/pscom_oz/sockets/unicorn.sock/v1.0/catalogs/1f481ad5f26d4d85ab546223da4fe498 200 0.016 1310 - - 9e449090da74fe094b8893495ddd771a -
192.150.10.200 - 0af56c0e2b3a4e90b8b303b57ceba27a [08/Mar/2013:04:32:06 -0800] GET /v1.0/catalogs/1f481ad5f26d4d85ab546223da4fe498/users HTTP/1.1 "200" 387 "-" "Adobe%20Revel/1.10 CFNetwork/596.0.1 Darwin/12.0.0 (x86_64) (Macmini5%2C1)" 1056 0.020 api.oznext.com unix:/var/wizard/pscom_oz/sockets/unicorn.sock/v1.0/catalogs/1f481ad5f26d4d85ab546223da4fe498/users 200 0.020 387 - - 3ec79ec68d5724bd9652fb048e235004 -
192.150.10.200 - 0af56c0e2b3a4e90b8b303b57ceba27a [08/Mar/2013:04:32:06 -0800] GET /v1.0/catalogs/1f481ad5f26d4d85ab546223da4fe498/updates?updated_since=2013-03-07T22%3A26%3A02.115345Z HTTP/1.1 "200" 190 "-" "Adobe%20Revel/1.10 CFNetwork/596.0.1 Darwin/12.0.0 (x86_64) (Macmini5%2C1)" 1104 0.020 api.oznext.com unix:/var/wizard/pscom_oz/sockets/unicorn.sock/v1.0/catalogs/1f481ad5f26d4d85ab546223da4fe498/updates 200 0.020 190 - - c108b972591174449c09a09588b7f575 -
61.246.216.100 - 991cf2a40842f348d4036e7612f19fe4 [08/Mar/2013:04:32:06 -0800] GET /v1.0/catalogs/7187f7784d294f8f89888a3b453514d0/updates?updated_since=2013-03-01T05%3A25%3A26.570887Z HTTP/1.1 "200" 190 "-" "Revel/1.10 CFNetwork/609.1.4 Darwin/11.4.0" 1071 0.020 api.oznext.com unix:/var/wizard/pscom_oz/sockets/unicorn.sock/v1.0/catalogs/7187f7784d294f8f89888a3b453514d0/updates 200 0.020 190 - - 035a906936a03717c86dab62c579aa16 -
- - - [08/Mar/2013:04:32:09 -0800] GET /v1.0/version HTTP/1.1 "200" 68 "-" "ELB-HealthChecker/1.0" 126 0.003 10.249.20.248:80 unix:/var/wizard/pscom_oz/sockets/unicorn.sock/v1.0/version 200 0.003 68 - - fb04ec1d24e40a40051f66a654c35e16 -
- - - [08/Mar/2013:04:32:15 -0800] GET /v1.0/version HTTP/1.1 "200" 68 "-" "ELB-HealthChecker/1.0" 126 0.003 10.249.20.248:80 unix:/var/wizard/pscom_oz/sockets/unicorn.sock/v1.0/version 200 0.003 68 - - ee756ee8bd1d1d526c48b7609f040843 -
- - - [08/Mar/2013:04:32:20 -0800] - "400" 0 "-" "-" 0 0.000 - -- - - - - - - -
- - - [08/Mar/2013:04:32:21 -0800] GET /v1.0/version HTTP/1.1 "200" 68 "-" "ELB-HealthChecker/1.0" 126 0.003 10.249.20.248:80 unix:/var/wizard/pscom_oz/sockets/unicorn.sock/v1.0/version 200 0.003 68 - - 526e6145fd6db20fd43d3af2698e9d8a -
- - - [08/Mar/2013:04:32:27 -0800] GET /v1.0/version HTTP/1.1 "200" 68 "-" "ELB-HealthChecker/1.0" 126 0.003 10.249.20.248:80 unix:/var/wizard/pscom_oz/sockets/unicorn.sock/v1.0/version 200 0.003 68 - - 0bdf0df8a7a6160e0cee52bcebae6236 -
- - - [08/Mar/2013:04:32:31 -0800] - "400" 0 "-" "-" 0 0.000 - -- - - - - - - -
- - - [08/Mar/2013:04:32:33 -0800] GET /v1.0/version HTTP/1.1 "200" 68 "-" "ELB-HealthChecker/1.0" 126 0.003 10.249.20.248:80 unix:/var/wizard/pscom_oz/sockets/unicorn.sock/v1.0/version 200 0.003 68 - - 05aef770b9b03812c48be8ee1a7d42d8 -
- - - [08/Mar/2013:04:32:34 -0800] - "400" 0 "-" "-" 0 0.000 - -- - - - - - - -
- - - [08/Mar/2013:04:32:34 -0800] - "400" 0 "-" "-" 0 0.000 - -- - - - - - - -
- - - [08/Mar/2013:04:32:34 -0800] - "400" 0 "-" "-" 0 0.000 - -- - - - - - - -
- - - [08/Mar/2013:04:32:35 -0800] - "400" 0 "-" "-" 0 0.000 - -- - - - - - - -
- - - [08/Mar/2013:04:32:35 -0800] - "400" 0 "-" "-" 0 0.000 - -- - - - - - - -
192.150.10.200 - 0af56c0e2b3a4e90b8b303b57ceba27a [08/Mar/2013:04:32:36 -0800] GET /v1.0/catalogs/1f481ad5f26d4d85ab546223da4fe498 HTTP/1.1 "200" 454 "-" "Adobe%20Revel/1.10 CFNetwork/596.0.1 Darwin/12.0.0 (x86_64) (Macmini5%2C1)" 1050 0.017 api.oznext.com unix:/var/wizard/pscom_oz/sockets/unicorn.sock/v1.0/catalogs/1f481ad5f26d4d85ab546223da4fe498 200 0.017 1310 - - 12346d97f7396777872db2721f9fd628 -
192.150.10.200 - 0af56c0e2b3a4e90b8b303b57ceba27a [08/Mar/2013:04:32:36 -0800] GET /v1.0/catalogs/1f481ad5f26d4d85ab546223da4fe498/users HTTP/1.1 "200" 387 "-" "Adobe%20Revel/1.10 CFNetwork/596.0.1 Darwin/12.0.0 (x86_64) (Macmini5%2C1)" 1056 0.020 api.oznext.com unix:/var/wizard/pscom_oz/sockets/unicorn.sock/v1.0/catalogs/1f481ad5f26d4d85ab546223da4fe498/users 200 0.020 387 - - 9f60387b7655e7d36cfa926c1ff2b61a -
192.150.10.200 - 0af56c0e2b3a4e90b8b303b57ceba27a [08/Mar/2013:04:32:36 -0800] GET /v1.0/catalogs/1f481ad5f26d4d85ab546223da4fe498/updates?updated_since=2013-03-07T22%3A26%3A02.115345Z HTTP/1.1 "200" 190 "-" "Adobe%20Revel/1.10 CFNetwork/596.0.1 Darwin/12.0.0 (x86_64) (Macmini5%2C1)" 1104 0.019 api.oznext.com unix:/var/wizard/pscom_oz/sockets/unicorn.sock/v1.0/catalogs/1f481ad5f26d4d85ab546223da4fe498/updates 200 0.019 190 - - 00596d4bcfef6bcff9ec0d208b52195e -
61.246.216.100 - 991cf2a40842f348d4036e7612f19fe4 [08/Mar/2013:04:32:36 -0800] GET /v1.0/catalogs/7187f7784d294f8f89888a3b453514d0 HTTP/1.1 "200" 467 "-" "Revel/1.10 CFNetwork/609.1.4 Darwin/11.4.0" 1017 0.017 api.oznext.com unix:/var/wizard/pscom_oz/sockets/unicorn.sock/v1.0/catalogs/7187f7784d294f8f89888a3b453514d0 200 0.017 1325 - - 6a13c3695f878b46291a3ae2067be1f6 -
61.246.216.100 - 991cf2a40842f348d4036e7612f19fe4 [08/Mar/2013:04:32:36 -0800] GET /v1.0/catalogs/7187f7784d294f8f89888a3b453514d0/users HTTP/1.1 "200" 407 "-" "Revel/1.10 CFNetwork/609.1.4 Darwin/11.4.0" 1023 0.019 api.oznext.com unix:/var/wizard/pscom_oz/sockets/unicorn.sock/v1.0/catalogs/7187f7784d294f8f89888a3b453514d0/users 200 0.019 407 - - 2e6b1854ecdbc222c344c740ac72f64a -
61.246.216.100 - 991cf2a40842f348d4036e7612f19fe4 [08/Mar/2013:04:32:37 -0800] GET /v1.0/catalogs/7187f7784d294f8f89888a3b453514d0/updates?updated_since=2013-03-01T05%3A25%3A26.570887Z HTTP/1.1 "200" 190 "-" "Revel/1.10 CFNetwork/609.1.4 Darwin/11.4.0" 1071 0.022 api.oznext.com unix:/var/wizard/pscom_oz/sockets/unicorn.sock/v1.0/catalogs/7187f7784d294f8f89888a3b453514d0/updates 200 0.022 190 - - 79da25cd2457476d3b4ea33e5aa2a328 -
- - - [08/Mar/2013:04:32:39 -0800] - "400" 0 "-" "-" 0 0.000 - -- - - - - - - -
- - - [08/Mar/2013:04:32:39 -0800] GET /v1.0/version HTTP/1.1 "200" 68 "-" "ELB-HealthChecker/1.0" 126 0.003 10.249.20.248:80 unix:/var/wizard/pscom_oz/sockets/unicorn.sock/v1.0/version 200 0.003 68 - - d717a468acf3f048a6ff2d03b01586aa -
192.150.10.200 - 0af56c0e2b3a4e90b8b303b57ceba27a [08/Mar/2013:04:32:39 -0800] GET /v1.0/accounts/0af56c0e2b3a4e90b8b303b57ceba27a HTTP/1.1 "200" 992 "-" "Adobe%20Revel/1.10 CFNetwork/596.0.1 Darwin/12.0.0 (x86_64) (Macmini5%2C1)" 1050 0.027 api.oznext.com unix:/var/wizard/pscom_oz/sockets/unicorn.sock/v1.0/accounts/0af56c0e2b3a4e90b8b303b57ceba27a 200 0.027 992 - - 53219790049f515e599e78ab648549e2 -
- - - [08/Mar/2013:04:32:42 -0800] - "400" 0 "-" "-" 0 0.000 - -- - - - - - - -
61.246.216.100 - 991cf2a40842f348d4036e7612f19fe4 [08/Mar/2013:04:32:43 -0800] GET /v1.0/accounts/991cf2a40842f348d4036e7612f19fe4 HTTP/1.1 "200" 873 "-" "Revel/1.10 CFNetwork/609.1.4 Darwin/11.4.0" 1017 0.023 api.oznext.com unix:/var/wizard/pscom_oz/sockets/unicorn.sock/v1.0/accounts/991cf2a40842f348d4036e7612f19fe4 200 0.023 873 - - c63e562a479fec3fbf866b05e171762b -
- - - [08/Mar/2013:04:32:43 -0800] - "400" 0 "-" "-" 0 0.000 - -- - - - - - - -
61.246.216.100 - 991cf2a40842f348d4036e7612f19fe4 [08/Mar/2013:04:32:43 -0800] GET /v1.0/catalogs?role=user HTTP/1.1 "200" 135 "-" "Revel/1.10 CFNetwork/609.1.4 Darwin/11.4.0" 994 0.011 api.oznext.com unix:/var/wizard/pscom_oz/sockets/unicorn.sock/v1.0/catalogs 200 0.011 135 - - 4d2a05d54d85ff329dfc638695a8c7a2 -
61.246.216.100 - 991cf2a40842f348d4036e7612f19fe4 [08/Mar/2013:04:32:43 -0800] GET /v1.0/catalogs HTTP/1.1 "200" 499 "-" "Revel/1.10 CFNetwork/609.1.4 Darwin/11.4.0" 984 0.012 api.oznext.com unix:/var/wizard/pscom_oz/sockets/unicorn.sock/v1.0/catalogs 200 0.012 1414 - - fc9db913791f6a369e0416a6e6d45264 -
192.150.10.200 - 0af56c0e2b3a4e90b8b303b57ceba27a [08/Mar/2013:04:32:44 -0800] GET /v1.0/catalogs?role=user HTTP/1.1 "200" 135 "-" "Adobe%20Revel/1.10 CFNetwork/596.0.1 Darwin/12.0.0 (x86_64) (Macmini5%2C1)" 1027 0.010 api.oznext.com unix:/var/wizard/pscom_oz/sockets/unicorn.sock/v1.0/catalogs 200 0.010 135 - - 599ae8a613f4bbba504468b5457426a8 -
192.150.10.200 - 0af56c0e2b3a4e90b8b303b57ceba27a [08/Mar/2013:04:32:44 -0800] GET /v1.0/catalogs HTTP/1.1 "200" 602 "-" "Adobe%20Revel/1.10 CFNetwork/596.0.1 Darwin/12.0.0 (x86_64) (Macmini5%2C1)" 1017 0.013 api.oznext.com unix:/var/wizard/pscom_oz/sockets/unicorn.sock/v1.0/catalogs 200 0.013 2661 - - 0740184882e04447f05ef8ea08bdf417 -
- - - [08/Mar/2013:04:32:45 -0800] GET /v1.0/version HTTP/1.1 "200" 68 "-" "ELB-HealthChecker/1.0" 126 0.004 10.249.20.248:80 unix:/var/wizard/pscom_oz/sockets/unicorn.sock/v1.0/version 200 0.004 68 - - f322c83c6c9141ef99309e63b957a6a2 -
61.246.216.100 - e93e91498643708abf181fcdffbeca50 [08/Mar/2013:04:32:49 -0800] GET /v1.0/catalogs HTTP/1.1 "200" 493 "-" "Revel/1.10 CFNetwork/609.1.4 Darwin/11.4.2" 984 0.013 api.oznext.com unix:/var/wizard/pscom_oz/sockets/unicorn.sock/v1.0/catalogs 200 0.013 1408 - - 921819c47f65a7be3e478e254b4e7b6f -
61.246.216.100 - e93e91498643708abf181fcdffbeca50 [08/Mar/2013:04:32:49 -0800] GET /v1.0/catalogs?role=user HTTP/1.1 "200" 135 "-" "Revel/1.10 CFNetwork/609.1.4 Darwin/11.4.2" 994 0.009 api.oznext.com unix:/var/wizard/pscom_oz/sockets/unicorn.sock/v1.0/catalogs 200 0.009 135 - - 1be889e29b85960537773475bc68f023 -
- - - [08/Mar/2013:04:32:50 -0800] - "400" 0 "-" "-" 0 0.000 - -- - - - - - - -
- - - [08/Mar/2013:04:32:51 -0800] GET /v1.0/version HTTP/1.1 "200" 68 "-" "ELB-HealthChecker/1.0" 126 0.003 10.249.20.248:80 unix:/var/wizard/pscom_oz/sockets/unicorn.sock/v1.0/version 200 0.003 68 - - 3bd2f4adec68b66899a766dac8383c49 -
- - - [08/Mar/2013:04:32:57 -0800] GET /v1.0/version HTTP/1.1 "200" 68 "-" "ELB-HealthChecker/1.0" 126 0.003 10.249.20.248:80 unix:/var/wizard/pscom_oz/sockets/unicorn.sock/v1.0/version 200 0.003 68 - - 43755c4c2ae121b6fadb70a1025631dd -
- - - [08/Mar/2013:04:33:03 -0800] GET /v1.0/version HTTP/1.1 "200" 68 "-" "ELB-HealthChecker/1.0" 126 0.003 10.249.20.248:80 unix:/var/wizard/pscom_oz/sockets/unicorn.sock/v1.0/version 200 0.003 68 - - afdb2906f70377ef424a02308dbba470 -
50.18.178.173 - - [08/Mar/2013:04:33:04 -0800] GET /v1.0/version HTTP/1.1 "200" 68 "-" "check_http/v1.4.15 (nagios-plugins 1.4.15)" 213 0.003 api.oznext.com unix:/var/wizard/pscom_oz/sockets/unicorn.sock/v1.0/version 200 0.003 68 - - 4e1afad971ddd9e2aeba1a5bf127ac44 -
- - - [08/Mar/2013:04:33:05 -0800] - "400" 0 "-" "-" 0 0.000 - -- - - - - - - -
192.150.10.200 - 0af56c0e2b3a4e90b8b303b57ceba27a [08/Mar/2013:04:33:06 -0800] GET /v1.0/catalogs/1f481ad5f26d4d85ab546223da4fe498 HTTP/1.1 "200" 454 "-" "Adobe%20Revel/1.10 CFNetwork/596.0.1 Darwin/12.0.0 (x86_64) (Macmini5%2C1)" 1050 0.016 api.oznext.com unix:/var/wizard/pscom_oz/sockets/unicorn.sock/v1.0/catalogs/1f481ad5f26d4d85ab546223da4fe498 200 0.016 1310 - - e2003268c099e0bdc9ce25e3c6eb7b28 -
192.150.10.200 - 0af56c0e2b3a4e90b8b303b57ceba27a [08/Mar/2013:04:33:06 -0800] GET /v1.0/catalogs/1f481ad5f26d4d85ab546223da4fe498/users HTTP/1.1 "200" 387 "-" "Adobe%20Revel/1.10 CFNetwork/596.0.1 Darwin/12.0.0 (x86_64) (Macmini5%2C1)" 1056 0.021 api.oznext.com unix:/var/wizard/pscom_oz/sockets/unicorn.sock/v1.0/catalogs/1f481ad5f26d4d85ab546223da4fe498/users 200 0.021 387 - - dd370c725de87b2211a65cce797deeb5 -
192.150.10.200 - 0af56c0e2b3a4e90b8b303b57ceba27a [08/Mar/2013:04:33:06 -0800] GET /v1.0/catalogs/1f481ad5f26d4d85ab546223da4fe498/updates?updated_since=2013-03-07T22%3A26%3A02.115345Z HTTP/1.1 "200" 190 "-" "Adobe%20Revel/1.10 CFNetwork/596.0.1 Darwin/12.0.0 (x86_64) (Macmini5%2C1)" 1104 0.018 api.oznext.com unix:/var/wizard/pscom_oz/sockets/unicorn.sock/v1.0/catalogs/1f481ad5f26d4d85ab546223da4fe498/updates 200 0.018 190 - - 1334a865fe6ae786a2d26e57c8cfeedb -
61.246.216.100 - 991cf2a40842f348d4036e7612f19fe4 [08/Mar/2013:04:33:07 -0800] GET /v1.0/catalogs/7187f7784d294f8f89888a3b453514d0 HTTP/1.1 "200" 467 "-" "Revel/1.10 CFNetwork/609.1.4 Darwin/11.4.0" 1017 0.016 api.oznext.com unix:/var/wizard/pscom_oz/sockets/unicorn.sock/v1.0/catalogs/7187f7784d294f8f89888a3b453514d0 200 0.016 1325 - - a3008f14a536a6f634d96329af67e91d -
61.246.216.100 - 991cf2a40842f348d4036e7612f19fe4 [08/Mar/2013:04:33:07 -0800] GET /v1.0/catalogs/7187f7784d294f8f89888a3b453514d0/users HTTP/1.1 "200" 407 "-" "Revel/1.10 CFNetwork/609.1.4 Darwin/11.4.0" 1023 0.020 api.oznext.com unix:/var/wizard/pscom_oz/sockets/unicorn.sock/v1.0/catalogs/7187f7784d294f8f89888a3b453514d0/users 200 0.020 407 - - ae16389b03a2b010e1688651f5f4dc48 -
61.246.216.100 - 991cf2a40842f348d4036e7612f19fe4 [08/Mar/2013:04:33:08 -0800] GET /v1.0/catalogs/7187f7784d294f8f89888a3b453514d0/updates?updated_since=2013-03-01T05%3A25%3A26.570887Z HTTP/1.1 "200" 190 "-" "Revel/1.10 CFNetwork/609.1.4 Darwin/11.4.0" 1071 0.020 api.oznext.com unix:/var/wizard/pscom_oz/sockets/unicorn.sock/v1.0/catalogs/7187f7784d294f8f89888a3b453514d0/updates 200 0.020 190 - - 45b1f5b43301535ff0e8c912cb35740d -
- - - [08/Mar/2013:04:33:09 -0800] GET /v1.0/version HTTP/1.1 "200" 68 "-" "ELB-HealthChecker/1.0" 126 0.003 10.249.20.248:80 unix:/var/wizard/pscom_oz/sockets/unicorn.sock/v1.0/version 200 0.003 68 - - 6e28c3fe0bd811c2b29ee1447bd2658d -
- - - [08/Mar/2013:04:33:15 -0800] GET /v1.0/version HTTP/1.1 "200" 68 "-" "ELB-HealthChecker/1.0" 126 0.003 10.249.20.248:80 unix:/var/wizard/pscom_oz/sockets/unicorn.sock/v1.0/version 200 0.003 68 - - 9323e368d7ee6b9baad0e3885dd35467 -
- - - [08/Mar/2013:04:33:20 -0800] - "400" 0 "-" "-" 0 0.000 - -- - - - - - - -
- - - [08/Mar/2013:04:33:21 -0800] GET /v1.0/version HTTP/1.1 "200" 68 "-" "ELB-HealthChecker/1.0" 126 0.004 10.249.20.248:80 unix:/var/wizard/pscom_oz/sockets/unicorn.sock/v1.0/version 200 0.004 68 - - 8ba6d1be47daa796bb8f3e9220196e96 -
121.242.198.2 - 9eef07b95992440c942ce3b314fb26db [08/Mar/2013:04:33:23 -0800] GET /v1.0/accounts/00000000000000000000000000000000 HTTP/1.1 "200" 1014 "-" "PSExpress-Windows8" 925 0.465 api.oznext.com unix:/var/wizard/pscom_oz/sockets/unicorn.sock/v1.0/accounts/00000000000000000000000000000000 200 0.465 1014 - - 6188dfb15124fb436f5c93474f859eea -
- - - [08/Mar/2013:04:33:27 -0800] GET /v1.0/version HTTP/1.1 "200" 68 "-" "ELB-HealthChecker/1.0" 126 0.003 10.249.20.248:80 unix:/var/wizard/pscom_oz/sockets/unicorn.sock/v1.0/version 200 0.003 68 - - adc85e4799cde729e98575975d9858a1 -
192.150.10.200 - e742d19696e37565da8011b6f36f1eae [08/Mar/2013:04:33:32 -0800] GET /v1.0/catalogs HTTP/1.1 "200" 1090 "-" "Tornado-Cached(42;Apple;iPhone Simulator;iOS;6.1)" 970 0.014 api.oznext.com unix:/var/wizard/pscom_oz/sockets/unicorn.sock/v1.0/catalogs 200 0.014 5918 - - bc04a836e488760f441ba766dd324563 -
192.150.10.200 - e742d19696e37565da8011b6f36f1eae [08/Mar/2013:04:33:32 -0800] GET /v1.0/catalogs?role=user HTTP/1.1 "200" 900 "-" "Tornado-Cached(42;Apple;iPhone Simulator;iOS;6.1)" 980 0.015 api.oznext.com unix:/var/wizard/pscom_oz/sockets/unicorn.sock/v1.0/catalogs 200 0.015 3324 - - 7fe5c70b3d2411d6fd32c588de17ff50 -
- - - [08/Mar/2013:04:33:33 -0800] GET /v1.0/version HTTP/1.1 "200" 68 "-" "ELB-HealthChecker/1.0" 126 0.003 10.249.20.248:80 unix:/var/wizard/pscom_oz/sockets/unicorn.sock/v1.0/version 200 0.003 68 - - 00ad90cea5e201370a9eb1f5eaf28cfd -
- - - [08/Mar/2013:04:33:35 -0800] - "400" 0 "-" "-" 0 0.000 - -- - - - - - - -
- - - [08/Mar/2013:04:33:35 -0800] - "400" 0 "-" "-" 0 0.000 - -- - - - - - - -
- - - [08/Mar/2013:04:33:35 -0800] - "400" 0 "-" "-" 0 0.000 - -- - - - - - - -
- - - [08/Mar/2013:04:33:35 -0800] - "400" 0 "-" "-" 0 0.000 - -- - - - - - - -
- - - [08/Mar/2013:04:33:36 -0800] - "400" 0 "-" "-" 0 0.000 - -- - - - - - - -
- - - [08/Mar/2013:04:33:36 -0800] - "400" 0 "-" "-" 0 0.000 - -- - - - - - - -
192.150.10.200 - 0af56c0e2b3a4e90b8b303b57ceba27a [08/Mar/2013:04:33:36 -0800] GET /v1.0/catalogs/1f481ad5f26d4d85ab546223da4fe498 HTTP/1.1 "200" 454 "-" "Adobe%20Revel/1.10 CFNetwork/596.0.1 Darwin/12.0.0 (x86_64) (Macmini5%2C1)" 1050 0.062 api.oznext.com unix:/var/wizard/pscom_oz/sockets/unicorn.sock/v1.0/catalogs/1f481ad5f26d4d85ab546223da4fe498 200 0.062 1310 - - 5d3476c6aa258498c54e3810e1df003c -
192.150.10.200 - 0af56c0e2b3a4e90b8b303b57ceba27a [08/Mar/2013:04:33:36 -0800] GET /v1.0/catalogs/1f481ad5f26d4d85ab546223da4fe498/users HTTP/1.1 "200" 387 "-" "Adobe%20Revel/1.10 CFNetwork/596.0.1 Darwin/12.0.0 (x86_64) (Macmini5%2C1)" 1056 0.021 api.oznext.com unix:/var/wizard/pscom_oz/sockets/unicorn.sock/v1.0/catalogs/1f481ad5f26d4d85ab546223da4fe498/users 200 0.021 387 - - c07b2d7fa7e5d1de5a5014692d964d2d -
192.150.10.200 - 0af56c0e2b3a4e90b8b303b57ceba27a [08/Mar/2013:04:33:36 -0800] GET /v1.0/catalogs/1f481ad5f26d4d85ab546223da4fe498/updates?updated_since=2013-03-07T22%3A26%3A02.115345Z HTTP/1.1 "200" 190 "-" "Adobe%20Revel/1.10 CFNetwork/596.0.1 Darwin/12.0.0 (x86_64) (Macmini5%2C1)" 1104 0.020 api.oznext.com unix:/var/wizard/pscom_oz/sockets/unicorn.sock/v1.0/catalogs/1f481ad5f26d4d85ab546223da4fe498/updates 200 0.020 190 - - 944f1db0c33619b6486559e539068699 -
61.246.216.100 - 991cf2a40842f348d4036e7612f19fe4 [08/Mar/2013:04:33:38 -0800] GET /v1.0/catalogs/7187f7784d294f8f89888a3b453514d0 HTTP/1.1 "200" 467 "-" "Revel/1.10 CFNetwork/609.1.4 Darwin/11.4.0" 1017 0.017 api.oznext.com unix:/var/wizard/pscom_oz/sockets/unicorn.sock/v1.0/catalogs/7187f7784d294f8f89888a3b453514d0 200 0.017 1325 - - f2f113422e9414e735773aa9af955f36 -
61.246.216.100 - 991cf2a40842f348d4036e7612f19fe4 [08/Mar/2013:04:33:38 -0800] GET /v1.0/catalogs/7187f7784d294f8f89888a3b453514d0/users HTTP/1.1 "200" 407 "-" "Revel/1.10 CFNetwork/609.1.4 Darwin/11.4.0" 1023 0.021 api.oznext.com unix:/var/wizard/pscom_oz/sockets/unicorn.sock/v1.0/catalogs/7187f7784d294f8f89888a3b453514d0/users 200 0.021 407 - - 7b062e4bc4ff87545bb51cb2556bbbd6 -
61.246.216.100 - 991cf2a40842f348d4036e7612f19fe4 [08/Mar/2013:04:33:39 -0800] GET /v1.0/catalogs/7187f7784d294f8f89888a3b453514d0/updates?updated_since=2013-03-01T05%3A25%3A26.570887Z HTTP/1.1 "200" 190 "-" "Revel/1.10 CFNetwork/609.1.4 Darwin/11.4.0" 1071 0.021 api.oznext.com unix:/var/wizard/pscom_oz/sockets/unicorn.sock/v1.0/catalogs/7187f7784d294f8f89888a3b453514d0/updates 200 0.021 190 - - c0427aca1625fef88b8e861b5552a868 -
- - - [08/Mar/2013:04:33:39 -0800] - "400" 0 "-" "-" 0 0.000 - -- - - - - - - -
- - - [08/Mar/2013:04:33:39 -0800] GET /v1.0/version HTTP/1.1 "200" 68 "-" "ELB-HealthChecker/1.0" 126 0.003 10.249.20.248:80 unix:/var/wizard/pscom_oz/sockets/unicorn.sock/v1.0/version 200 0.003 68 - - 2bef05dd92888eba958cec39ce84377d -
192.150.10.200 - 0af56c0e2b3a4e90b8b303b57ceba27a [08/Mar/2013:04:33:39 -0800] GET /v1.0/accounts/0af56c0e2b3a4e90b8b303b57ceba27a HTTP/1.1 "200" 992 "-" "Adobe%20Revel/1.10 CFNetwork/596.0.1 Darwin/12.0.0 (x86_64) (Macmini5%2C1)" 1050 0.022 api.oznext.com unix:/var/wizard/pscom_oz/sockets/unicorn.sock/v1.0/accounts/0af56c0e2b3a4e90b8b303b57ceba27a 200 0.022 992 - - ebbe73e6c399529ea6eebc6ba8fa0b58 -
192.150.10.200 - 0af56c0e2b3a4e90b8b303b57ceba27a [08/Mar/2013:04:33:40 -0800] GET /v1.0/catalogs HTTP/1.1 "200" 602 "-" "Adobe%20Revel/1.10 CFNetwork/596.0.1 Darwin/12.0.0 (x86_64) (Macmini5%2C1)" 1017 0.015 api.oznext.com unix:/var/wizard/pscom_oz/sockets/unicorn.sock/v1.0/catalogs 200 0.015 2661 - - 2be7f722b071e0a09f76bf0f914f0556 -
192.150.10.200 - 0af56c0e2b3a4e90b8b303b57ceba27a [08/Mar/2013:04:33:40 -0800] GET /v1.0/catalogs?role=user HTTP/1.1 "200" 135 "-" "Adobe%20Revel/1.10 CFNetwork/596.0.1 Darwin/12.0.0 (x86_64) (Macmini5%2C1)" 1027 0.017 api.oznext.com unix:/var/wizard/pscom_oz/sockets/unicorn.sock/v1.0/catalogs 200 0.017 135 - - 3bbbaf5fbc8aba32ae7b62fd8075b28a -
- - - [08/Mar/2013:04:33:42 -0800] - "400" 0 "-" "-" 0 0.000 - -- - - - - - - -
61.246.216.100 - 991cf2a40842f348d4036e7612f19fe4 [08/Mar/2013:04:33:43 -0800] GET /v1.0/accounts/991cf2a40842f348d4036e7612f19fe4 HTTP/1.1 "200" 873 "-" "Revel/1.10 CFNetwork/609.1.4 Darwin/11.4.0" 1017 0.023 api.oznext.com unix:/var/wizard/pscom_oz/sockets/unicorn.sock/v1.0/accounts/991cf2a40842f348d4036e7612f19fe4 200 0.023 873 - - d65e0665e769c51aa37aca937c4a88de -
- - - [08/Mar/2013:04:33:43 -0800] - "400" 0 "-" "-" 0 0.000 - -- - - - - - - -
61.246.216.100 - 991cf2a40842f348d4036e7612f19fe4 [08/Mar/2013:04:33:44 -0800] GET /v1.0/catalogs?role=user HTTP/1.1 "200" 135 "-" "Revel/1.10 CFNetwork/609.1.4 Darwin/11.4.0" 994 0.012 api.oznext.com unix:/var/wizard/pscom_oz/sockets/unicorn.sock/v1.0/catalogs 200 0.012 135 - - ce5ebe001dc6cab4b96ea7f6b9239552 -
61.246.216.100 - 991cf2a40842f348d4036e7612f19fe4 [08/Mar/2013:04:33:44 -0800] GET /v1.0/catalogs HTTP/1.1 "200" 499 "-" "Revel/1.10 CFNetwork/609.1.4 Darwin/11.4.0" 984 0.014 api.oznext.com unix:/var/wizard/pscom_oz/sockets/unicorn.sock/v1.0/catalogs 200 0.014 1414 - - 0759ee469d018044b59293c1a32e0c89 -
- - - [08/Mar/2013:04:33:45 -0800] GET /v1.0/version HTTP/1.1 "200" 68 "-" "ELB-HealthChecker/1.0" 126 0.004 10.249.20.248:80 unix:/var/wizard/pscom_oz/sockets/unicorn.sock/v1.0/version 200 0.004 68 - - d8673e2434bec6fa5a3fd7598cdb35d7 -
121.242.198.2 - 9eef07b95992440c942ce3b314fb26db [08/Mar/2013:04:33:47 -0800] GET /v1.0/accounts/00000000000000000000000000000000 HTTP/1.1 "200" 1014 "-" "PSExpress-Windows8" 925 0.474 api.oznext.com unix:/var/wizard/pscom_oz/sockets/unicorn.sock/v1.0/accounts/00000000000000000000000000000000 200 0.474 1014 - - 5582da409238ac45f0fd38af8a0ee1ba -
121.242.198.2 - 9eef07b95992440c942ce3b314fb26db [08/Mar/2013:04:33:48 -0800] GET /v1.0/catalogs HTTP/1.1 "200" 2926 "-" "PSExpress-Windows8" 892 0.012 api.oznext.com unix:/var/wizard/pscom_oz/sockets/unicorn.sock/v1.0/catalogs 200 0.012 2926 - - fd9fbe364cae92d23ef8dc42a7db9747 -
121.242.198.2 - 9eef07b95992440c942ce3b314fb26db [08/Mar/2013:04:33:49 -0800] GET /v1.0/catalogs/b06e24c3a60a488e8bd17bab447e9c68/albums HTTP/1.1 "200" 1285 "-" "PSExpress-Windows8" 932 0.017 api.oznext.com unix:/var/wizard/pscom_oz/sockets/unicorn.sock/v1.0/catalogs/b06e24c3a60a488e8bd17bab447e9c68/albums 200 0.017 1285 - - e4d37020e01037eb8d8ee62de4eddd69 -
- - - [08/Mar/2013:04:33:50 -0800] - "400" 0 "-" "-" 0 0.000 - -- - - - - - - -
121.242.198.2 - 9eef07b95992440c942ce3b314fb26db [08/Mar/2013:04:33:50 -0800] GET /v1.0/catalogs/b06e24c3a60a488e8bd17bab447e9c68/albums/7b7b1770e6b043f5b4fa2e5002e3d3b5/assets?limit=90&subtype=jpeg HTTP/1.1 "200" 3226 "-" "PSExpress-Windows8" 994 0.032 api.oznext.com unix:/var/wizard/pscom_oz/sockets/unicorn.sock/v1.0/catalogs/b06e24c3a60a488e8bd17bab447e9c68/albums/7b7b1770e6b043f5b4fa2e5002e3d3b5/assets 200 0.032 3226 - - cb88f34fd669252a393e2f8fb7694c9d -
121.242.198.2 - 9eef07b95992440c942ce3b314fb26db [08/Mar/2013:04:33:50 -0800] GET /v1.0/catalogs/b06e24c3a60a488e8bd17bab447e9c68/assets?limit=90&subtype=jpeg HTTP/1.1 "200" 205148 "-" "PSExpress-Windows8" 954 0.164 api.oznext.com unix:/var/wizard/pscom_oz/sockets/unicorn.sock/v1.0/catalogs/b06e24c3a60a488e8bd17bab447e9c68/assets 200 0.160 205148 - - 3336a617860b63fb57230866e54f0748 -
121.242.198.2 - 9eef07b95992440c942ce3b314fb26db [08/Mar/2013:04:33:51 -0800] GET /v1.0/catalogs/b06e24c3a60a488e8bd17bab447e9c68/albums/adb1204459b54d2f8d0e7a60993bd437/assets?limit=90&subtype=jpeg HTTP/1.1 "200" 232544 "-" "PSExpress-Windows8" 994 0.188 api.oznext.com unix:/var/wizard/pscom_oz/sockets/unicorn.sock/v1.0/catalogs/b06e24c3a60a488e8bd17bab447e9c68/albums/adb1204459b54d2f8d0e7a60993bd437/assets 200 0.184 232544 - - 0672bf803d970e50010b40a5362997c8 -
- - - [08/Mar/2013:04:33:51 -0800] GET /v1.0/version HTTP/1.1 "200" 68 "-" "ELB-HealthChecker/1.0" 126 0.004 10.249.20.248:80 unix:/var/wizard/pscom_oz/sockets/unicorn.sock/v1.0/version 200 0.004 68 - - f38968efaf7d20333043d771f7a71785 -
121.242.198.2 - 9eef07b95992440c942ce3b314fb26db [08/Mar/2013:04:33:56 -0800] GET /v1.0/catalogs/b06e24c3a60a488e8bd17bab447e9c68/assets/b03e9111267b405bb068bd97f81eb18c/revisions/f2a4ac4fd8484538872f4131a135b90e/renditions/e5c4e6bfc85248b583d5d3b2d1a793b0 HTTP/1.1 "200" 11336 "-" "PSExpress-Windows8" 1052 0.112 api.oznext.com unix:/var/wizard/pscom_oz/sockets/unicorn.sock : 205.251.235.165:443/v1.0/assets/b03e9111267b405bb068bd97f81eb18c/revisions/f2a4ac4fd8484538872f4131a135b90e/renditions/e5c4e6bfc85248b583d5d3b2d1a793b0 200 : 200 0.023 : 0.089 11336 - - - -
121.242.198.2 - 9eef07b95992440c942ce3b314fb26db [08/Mar/2013:04:33:56 -0800] GET /v1.0/catalogs/b06e24c3a60a488e8bd17bab447e9c68/assets/747b6888b88b4e62b8eb57b58608df1e/revisions/353df4bab48840e3bccb5978c04b8985/renditions/28270ee8420a47d2bd3134d28c6882ec HTTP/1.1 "200" 24756 "-" "PSExpress-Windows8" 1052 0.117 api.oznext.com unix:/var/wizard/pscom_oz/sockets/unicorn.sock : 205.251.235.165:443/v1.0/assets/747b6888b88b4e62b8eb57b58608df1e/revisions/353df4bab48840e3bccb5978c04b8985/renditions/28270ee8420a47d2bd3134d28c6882ec 200 : 200 0.024 : 0.093 24756 - - - -
121.242.198.2 - 9eef07b95992440c942ce3b314fb26db [08/Mar/2013:04:33:56 -0800] GET /v1.0/catalogs/b06e24c3a60a488e8bd17bab447e9c68/assets/951c46a0267345e2b257785bc9c7b802/revisions/51f83e5ba0024a6abb06b72c62eb6c68/renditions/e96f4b64dc764360b3641ce77430a6ef HTTP/1.1 "200" 17113 "-" "PSExpress-Windows8" 1052 0.122 api.oznext.com unix:/var/wizard/pscom_oz/sockets/unicorn.sock : 205.251.235.165:443/v1.0/assets/951c46a0267345e2b257785bc9c7b802/revisions/51f83e5ba0024a6abb06b72c62eb6c68/renditions/e96f4b64dc764360b3641ce77430a6ef 200 : 200 0.046 : 0.076 17113 - - - -
121.242.198.2 - 9eef07b95992440c942ce3b314fb26db [08/Mar/2013:04:33:56 -0800] GET /v1.0/catalogs/b06e24c3a60a488e8bd17bab447e9c68/assets/569596fa9e8e4282a56dff97cdc33847/revisions/18ad455148d740cf88f460888d8855ba/renditions/240bdea85e8d4b8bb42bb3cf82aba97a HTTP/1.1 "200" 25752 "-" "PSExpress-Windows8" 1052 0.120 api.oznext.com unix:/var/wizard/pscom_oz/sockets/unicorn.sock : 205.251.235.165:443/v1.0/assets/569596fa9e8e4282a56dff97cdc33847/revisions/18ad455148d740cf88f460888d8855ba/renditions/240bdea85e8d4b8bb42bb3cf82aba97a 200 : 200 0.045 : 0.075 25752 - - - -
121.242.198.2 - 9eef07b95992440c942ce3b314fb26db [08/Mar/2013:04:33:56 -0800] GET /v1.0/catalogs/b06e24c3a60a488e8bd17bab447e9c68/assets/d4b22938203e4572a25b602290ec889f/revisions/79ae7d9d8a1e4546a158b00bd50122a8/renditions/3ae3f1ac34a94bc1ba435183a12f3c9e HTTP/1.1 "200" 17910 "-" "PSExpress-Windows8" 1052 0.122 api.oznext.com unix:/var/wizard/pscom_oz/sockets/unicorn.sock : 205.251.235.165:443/v1.0/assets/d4b22938203e4572a25b602290ec889f/revisions/79ae7d9d8a1e4546a158b00bd50122a8/renditions/3ae3f1ac34a94bc1ba435183a12f3c9e 200 : 200 0.044 : 0.078 17910 - - - -
121.242.198.2 - 9eef07b95992440c942ce3b314fb26db [08/Mar/2013:04:33:56 -0800] GET /v1.0/catalogs/b06e24c3a60a488e8bd17bab447e9c68/assets/adf01dd269504a80a1c857cc7527045a/revisions/f5a0a7e4f13d471fb15d4476d914dfd0/renditions/706bb7e4ab15470a92917a0b5a908b3b HTTP/1.1 "200" 20721 "-" "PSExpress-Windows8" 1052 0.122 api.oznext.com unix:/var/wizard/pscom_oz/sockets/unicorn.sock : 205.251.235.165:443/v1.0/assets/adf01dd269504a80a1c857cc7527045a/revisions/f5a0a7e4f13d471fb15d4476d914dfd0/renditions/706bb7e4ab15470a92917a0b5a908b3b 200 : 200 0.043 : 0.079 20721 - - - -
