50.18.173.36 - 8879ba3e232743f39dbb086ec487b853 [08/Mar/2013:04:20:29 -0800] PUT /v1.0/catalogs/69ae0400098b434e5ed839893fd30ea3/assets/8d094b347b446d40c5b97e1ed03e6f80/revisions/04bc8d90401f90439109775ba0e75312 HTTP/1.1 "201" 0 "-" "QE-Acceptance-Tests" 1158 0.038 api.oznext.com unix:/var/wizard/pscom_oz/sockets/unicorn.sock/v1.0/catalogs/69ae0400098b434e5ed839893fd30ea3/assets/8d094b347b446d40c5b97e1ed03e6f80/revisions/04bc8d90401f90439109775ba0e75312 201 0.038 0 - - ac8c15ed9c3eeeb82cdd5d91d25717b1 -
50.18.173.36 - 8879ba3e232743f39dbb086ec487b853 [08/Mar/2013:04:20:30 -0800] PUT /v1.0/catalogs/69ae0400098b434e5ed839893fd30ea3/albums/06efe9131e7c184be5189cb2a3a7ef72/assets/8d094b347b446d40c5b97e1ed03e6f80 HTTP/1.1 "201" 0 "-" "QE-Acceptance-Tests" 1120 0.033 api.oznext.com unix:/var/wizard/pscom_oz/sockets/unicorn.sock/v1.0/catalogs/69ae0400098b434e5ed839893fd30ea3/albums/06efe9131e7c184be5189cb2a3a7ef72/assets/8d094b347b446d40c5b97e1ed03e6f80 201 0.033 0 - - 6c7a94f8d6fc27b7f30f4065c6a1e075 -
- - - [08/Mar/2013:04:20:30 -0800] - "400" 0 "-" "-" 0 0.000 - -- - - - - - - -
50.18.173.36 - 8879ba3e232743f39dbb086ec487b853 [08/Mar/2013:04:20:31 -0800] PUT /v1.0/catalogs/69ae0400098b434e5ed839893fd30ea3/albums/5a5f097aa5a70c4fc908d8349154c639 HTTP/1.1 "201" 0 "-" "QE-Acceptance-Tests" 1137 0.026 api.oznext.com unix:/var/wizard/pscom_oz/sockets/unicorn.sock/v1.0/catalogs/69ae0400098b434e5ed839893fd30ea3/albums/5a5f097aa5a70c4fc908d8349154c639 201 0.026 0 - - 88e9b2a972e80d21e7e1a3c58bede813 -
50.18.173.36 - 8879ba3e232743f39dbb086ec487b853 [08/Mar/2013:04:20:31 -0800] PUT /v1.0/catalogs/69ae0400098b434e5ed839893fd30ea3/assets/0b1cd2a70fc9e9477e19b56196c55629/revisions/223a3b6ac88e404dfcfaf66f58652e23 HTTP/1.1 "201" 0 "-" "QE-Acceptance-Tests" 1158 0.039 api.oznext.com unix:/var/wizard/pscom_oz/sockets/unicorn.sock/v1.0/catalogs/69ae0400098b434e5ed839893fd30ea3/assets/0b1cd2a70fc9e9477e19b56196c55629/revisions/223a3b6ac88e404dfcfaf66f58652e23 201 0.039 0 - - dce4de59fa5f929ce536319c97116697 -
192.150.10.200 - 0af56c0e2b3a4e90b8b303b57ceba27a [08/Mar/2013:04:20:31 -0800] GET /v1.0/catalogs/1f481ad5f26d4d85ab546223da4fe498 HTTP/1.1 "200" 454 "-" "Adobe%20Revel/1.10 CFNetwork/596.0.1 Darwin/12.0.0 (x86_64) (Macmini5%2C1)" 1050 0.015 api.oznext.com unix:/var/wizard/pscom_oz/sockets/unicorn.sock/v1.0/catalogs/1f481ad5f26d4d85ab546223da4fe498 200 0.015 1310 - - ea40361b0c9bb383a42364c71432b18b -
192.150.10.200 - 0af56c0e2b3a4e90b8b303b57ceba27a [08/Mar/2013:04:20:31 -0800] GET /v1.0/catalogs/1f481ad5f26d4d85ab546223da4fe498/users HTTP/1.1 "200" 387 "-" "Adobe%20Revel/1.10 CFNetwork/596.0.1 Darwin/12.0.0 (x86_64) (Macmini5%2C1)" 1056 0.019 api.oznext.com unix:/var/wizard/pscom_oz/sockets/unicorn.sock/v1.0/catalogs/1f481ad5f26d4d85ab546223da4fe498/users 200 0.019 387 - - d5d079cde41bd75920c835e6d9905fc3 -
192.150.10.200 - 0af56c0e2b3a4e90b8b303b57ceba27a [08/Mar/2013:04:20:31 -0800] GET /v1.0/catalogs/1f481ad5f26d4d85ab546223da4fe498/updates?updated_since=2013-03-07T22%3A26%3A02.115345Z HTTP/1.1 "200" 190 "-" "Adobe%20Revel/1.10 CFNetwork/596.0.1 Darwin/12.0.0 (x86_64) (Macmini5%2C1)" 1104 0.019 api.oznext.com unix:/var/wizard/pscom_oz/sockets/unicorn.sock/v1.0/catalogs/1f481ad5f26d4d85ab546223da4fe498/updates 200 0.019 190 - - ba89361a9073cf5a42bebd2b449f95da -
50.18.173.36 - 8879ba3e232743f39dbb086ec487b853 [08/Mar/2013:04:20:32 -0800] PUT /v1.0/catalogs/69ae0400098b434e5ed839893fd30ea3/albums/5a5f097aa5a70c4fc908d8349154c639/assets/0b1cd2a70fc9e9477e19b56196c55629 HTTP/1.1 "201" 0 "-" "QE-Acceptance-Tests" 1120 0.033 api.oznext.com unix:/var/wizard/pscom_oz/sockets/unicorn.sock/v1.0/catalogs/69ae0400098b434e5ed839893fd30ea3/albums/5a5f097aa5a70c4fc908d8349154c639/assets/0b1cd2a70fc9e9477e19b56196c55629 201 0.033 0 - - 23eff9fc99ba539a634ee5987975a0ea -
50.18.173.36 - 8879ba3e232743f39dbb086ec487b853 [08/Mar/2013:04:20:32 -0800] PUT /v1.0/catalogs/69ae0400098b434e5ed839893fd30ea3/albums/82adb1da07ce094c50dada9f3b9737ba HTTP/1.1 "201" 0 "-" "QE-Acceptance-Tests" 1137 0.026 api.oznext.com unix:/var/wizard/pscom_oz/sockets/unicorn.sock/v1.0/catalogs/69ae0400098b434e5ed839893fd30ea3/albums/82adb1da07ce094c50dada9f3b9737ba 201 0.026 0 - - b691d133d505b3653c95e9573d87635c -
50.18.173.36 - 8879ba3e232743f39dbb086ec487b853 [08/Mar/2013:04:20:33 -0800] PUT /v1.0/catalogs/69ae0400098b434e5ed839893fd30ea3/assets/946118139f045c47f85a1fa81489f162/revisions/a15cde76d4c78a4ed50967527a3a8e5a HTTP/1.1 "201" 0 "-" "QE-Acceptance-Tests" 1158 0.039 api.oznext.com unix:/var/wizard/pscom_oz/sockets/unicorn.sock/v1.0/catalogs/69ae0400098b434e5ed839893fd30ea3/assets/946118139f045c47f85a1fa81489f162/revisions/a15cde76d4c78a4ed50967527a3a8e5a 201 0.039 0 - - 8eab4f3bbd3f8933c47c48109bddb649 -
50.18.173.36 - 8879ba3e232743f39dbb086ec487b853 [08/Mar/2013:04:20:33 -0800] PUT /v1.0/catalogs/69ae0400098b434e5ed839893fd30ea3/albums/82adb1da07ce094c50dada9f3b9737ba/assets/946118139f045c47f85a1fa81489f162 HTTP/1.1 "201" 0 "-" "QE-Acceptance-Tests" 1120 0.032 api.oznext.com unix:/var/wizard/pscom_oz/sockets/unicorn.sock/v1.0/catalogs/69ae0400098b434e5ed839893fd30ea3/albums/82adb1da07ce094c50dada9f3b9737ba/assets/946118139f045c47f85a1fa81489f162 201 0.032 0 - - 38ebfa7c873eba44b4220508d9aa0de4 -
- - - [08/Mar/2013:04:20:33 -0800] GET /v1.0/version HTTP/1.1 "200" 68 "-" "ELB-HealthChecker/1.0" 126 0.003 10.249.20.248:80 unix:/var/wizard/pscom_oz/sockets/unicorn.sock/v1.0/version 200 0.003 68 - - 96cf97bded71740e53068464d7c435f6 -
50.18.173.36 - 8879ba3e232743f39dbb086ec487b853 [08/Mar/2013:04:20:34 -0800] PUT /v1.0/catalogs/69ae0400098b434e5ed839893fd30ea3/albums/ff472601158d74475fdac98630659706 HTTP/1.1 "201" 0 "-" "QE-Acceptance-Tests" 1137 0.028 api.oznext.com unix:/var/wizard/pscom_oz/sockets/unicorn.sock/v1.0/catalogs/69ae0400098b434e5ed839893fd30ea3/albums/ff472601158d74475fdac98630659706 201 0.028 0 - - 92083af4f17efc33c70e862cb0ec0637 -
50.18.173.36 - 8879ba3e232743f39dbb086ec487b853 [08/Mar/2013:04:20:35 -0800] PUT /v1.0/catalogs/69ae0400098b434e5ed839893fd30ea3/assets/ffd361d2cae2af422c8bc1a4595fdb29/revisions/5ee6fefeeb4f9241d49ab615a405120f HTTP/1.1 "201" 0 "-" "QE-Acceptance-Tests" 1158 0.039 api.oznext.com unix:/var/wizard/pscom_oz/sockets/unicorn.sock/v1.0/catalogs/69ae0400098b434e5ed839893fd30ea3/assets/ffd361d2cae2af422c8bc1a4595fdb29/revisions/5ee6fefeeb4f9241d49ab615a405120f 201 0.039 0 - - a10e9d86d7b00f9515308a93f753101f -
50.18.173.36 - 8879ba3e232743f39dbb086ec487b853 [08/Mar/2013:04:20:35 -0800] PUT /v1.0/catalogs/69ae0400098b434e5ed839893fd30ea3/albums/ff472601158d74475fdac98630659706/assets/ffd361d2cae2af422c8bc1a4595fdb29 HTTP/1.1 "201" 0 "-" "QE-Acceptance-Tests" 1120 0.032 api.oznext.com unix:/var/wizard/pscom_oz/sockets/unicorn.sock/v1.0/catalogs/69ae0400098b434e5ed839893fd30ea3/albums/ff472601158d74475fdac98630659706/assets/ffd361d2cae2af422c8bc1a4595fdb29 201 0.032 0 - - 792c5f7eaf9414d6ee1ec773aa590b16 -
50.18.173.36 - 8879ba3e232743f39dbb086ec487b853 [08/Mar/2013:04:20:36 -0800] PUT /v1.0/catalogs/69ae0400098b434e5ed839893fd30ea3/albums/5fab7ce74c153d42f7380c2b33b7ac1b HTTP/1.1 "201" 0 "-" "QE-Acceptance-Tests" 1137 0.026 api.oznext.com unix:/var/wizard/pscom_oz/sockets/unicorn.sock/v1.0/catalogs/69ae0400098b434e5ed839893fd30ea3/albums/5fab7ce74c153d42f7380c2b33b7ac1b 201 0.026 0 - - a48df818b5e5fd2c983830deca2c15d2 -
50.18.173.36 - 8879ba3e232743f39dbb086ec487b853 [08/Mar/2013:04:20:36 -0800] PUT /v1.0/catalogs/69ae0400098b434e5ed839893fd30ea3/assets/c689c4a1503cce4ca849861adb19699e/revisions/82e04d9f5441a040ff79342ca97b5058 HTTP/1.1 "201" 0 "-" "QE-Acceptance-Tests" 1158 0.041 api.oznext.com unix:/var/wizard/pscom_oz/sockets/unicorn.sock/v1.0/catalogs/69ae0400098b434e5ed839893fd30ea3/assets/c689c4a1503cce4ca849861adb19699e/revisions/82e04d9f5441a040ff79342ca97b5058 201 0.041 0 - - 1f6d91b6f3ba0855b2179e0b361e63e8 -
50.18.173.36 - 8879ba3e232743f39dbb086ec487b853 [08/Mar/2013:04:20:37 -0800] PUT /v1.0/catalogs/69ae0400098b434e5ed839893fd30ea3/albums/5fab7ce74c153d42f7380c2b33b7ac1b/assets/c689c4a1503cce4ca849861adb19699e HTTP/1.1 "201" 0 "-" "QE-Acceptance-Tests" 1120 0.033 api.oznext.com unix:/var/wizard/pscom_oz/sockets/unicorn.sock/v1.0/catalogs/69ae0400098b434e5ed839893fd30ea3/albums/5fab7ce74c153d42f7380c2b33b7ac1b/assets/c689c4a1503cce4ca849861adb19699e 201 0.033 0 - - 72a47a89bf104c1ac4274aa745a3d4a1 -
50.18.173.36 - 8879ba3e232743f39dbb086ec487b853 [08/Mar/2013:04:20:37 -0800] PUT /v1.0/catalogs/69ae0400098b434e5ed839893fd30ea3/albums/3b0aa372c738834a9948f7dcb0cc0ca3 HTTP/1.1 "201" 0 "-" "QE-Acceptance-Tests" 1137 0.025 api.oznext.com unix:/var/wizard/pscom_oz/sockets/unicorn.sock/v1.0/catalogs/69ae0400098b434e5ed839893fd30ea3/albums/3b0aa372c738834a9948f7dcb0cc0ca3 201 0.025 0 - - 313280a7206b4e8f99d2c03820a962b5 -
50.18.173.36 - 8879ba3e232743f39dbb086ec487b853 [08/Mar/2013:04:20:38 -0800] PUT /v1.0/catalogs/69ae0400098b434e5ed839893fd30ea3/assets/15319d3e29b2ad4ed3daae3437d6634b/revisions/da8ab24e67cf8c45c26962aa3ee98ebe HTTP/1.1 "201" 0 "-" "QE-Acceptance-Tests" 1158 0.039 api.oznext.com unix:/var/wizard/pscom_oz/sockets/unicorn.sock/v1.0/catalogs/69ae0400098b434e5ed839893fd30ea3/assets/15319d3e29b2ad4ed3daae3437d6634b/revisions/da8ab24e67cf8c45c26962aa3ee98ebe 201 0.039 0 - - e523597167da51406bb374d757575e6d -
- - - [08/Mar/2013:04:20:38 -0800] - "400" 0 "-" "-" 0 0.000 - -- - - - - - - -
50.18.173.36 - 8879ba3e232743f39dbb086ec487b853 [08/Mar/2013:04:20:39 -0800] PUT /v1.0/catalogs/69ae0400098b434e5ed839893fd30ea3/albums/3b0aa372c738834a9948f7dcb0cc0ca3/assets/15319d3e29b2ad4ed3daae3437d6634b HTTP/1.1 "201" 0 "-" "QE-Acceptance-Tests" 1120 0.032 api.oznext.com unix:/var/wizard/pscom_oz/sockets/unicorn.sock/v1.0/catalogs/69ae0400098b434e5ed839893fd30ea3/albums/3b0aa372c738834a9948f7dcb0cc0ca3/assets/15319d3e29b2ad4ed3daae3437d6634b 201 0.032 0 - - d83d3a566eaf0e5ab69966ab069aa1ed -
192.150.10.200 - 0af56c0e2b3a4e90b8b303b57ceba27a [08/Mar/2013:04:20:39 -0800] GET /v1.0/accounts/0af56c0e2b3a4e90b8b303b57ceba27a HTTP/1.1 "200" 992 "-" "Adobe%20Revel/1.10 CFNetwork/596.0.1 Darwin/12.0.0 (x86_64) (Macmini5%2C1)" 1050 0.019 api.oznext.com unix:/var/wizard/pscom_oz/sockets/unicorn.sock/v1.0/accounts/0af56c0e2b3a4e90b8b303b57ceba27a 200 0.019 992 - - 251ee16f530cf49a1b8e7d1902333bae -
50.18.173.36 - 8879ba3e232743f39dbb086ec487b853 [08/Mar/2013:04:20:39 -0800] PUT /v1.0/catalogs/69ae0400098b434e5ed839893fd30ea3/albums/8985951c7ced4145a2590b23d698ba58 HTTP/1.1 "201" 0 "-" "QE-Acceptance-Tests" 1137 0.027 api.oznext.com unix:/var/wizard/pscom_oz/sockets/unicorn.sock/v1.0/catalogs/69ae0400098b434e5ed839893fd30ea3/albums/8985951c7ced4145a2590b23d698ba58 201 0.027 0 - - a444e28ffe69a20f4ce70407baeceb47 -
- - - [08/Mar/2013:04:20:39 -0800] GET /v1.0/version HTTP/1.1 "200" 68 "-" "ELB-HealthChecker/1.0" 126 0.003 10.249.20.248:80 unix:/var/wizard/pscom_oz/sockets/unicorn.sock/v1.0/version 200 0.003 68 - - 4a05aba221973bc62e82178cb78080f4 -
50.18.173.36 - 8879ba3e232743f39dbb086ec487b853 [08/Mar/2013:04:20:40 -0800] PUT /v1.0/catalogs/69ae0400098b434e5ed839893fd30ea3/assets/beb48b995f241443b5c8e2408e92ad2c/revisions/5ffa40843d52be4968b815322b87c6ac HTTP/1.1 "201" 0 "-" "QE-Acceptance-Tests" 1158 0.040 api.oznext.com unix:/var/wizard/pscom_oz/sockets/unicorn.sock/v1.0/catalogs/69ae0400098b434e5ed839893fd30ea3/assets/beb48b995f241443b5c8e2408e92ad2c/revisions/5ffa40843d52be4968b815322b87c6ac 201 0.040 0 - - 62aaddef93a1b29617b6cf07ed8ef2f7 -
50.18.173.36 - 8879ba3e232743f39dbb086ec487b853 [08/Mar/2013:04:20:40 -0800] PUT /v1.0/catalogs/69ae0400098b434e5ed839893fd30ea3/albums/8985951c7ced4145a2590b23d698ba58/assets/beb48b995f241443b5c8e2408e92ad2c HTTP/1.1 "201" 0 "-" "QE-Acceptance-Tests" 1120 0.032 api.oznext.com unix:/var/wizard/pscom_oz/sockets/unicorn.sock/v1.0/catalogs/69ae0400098b434e5ed839893fd30ea3/albums/8985951c7ced4145a2590b23d698ba58/assets/beb48b995f241443b5c8e2408e92ad2c 201 0.032 0 - - b167f8f0d1af16978099d74d7de83db3 -
50.18.173.36 - 8879ba3e232743f39dbb086ec487b853 [08/Mar/2013:04:20:41 -0800] PUT /v1.0/catalogs/69ae0400098b434e5ed839893fd30ea3/albums/29412b200fcd80473e98b916b18389ad HTTP/1.1 "201" 0 "-" "QE-Acceptance-Tests" 1137 0.025 api.oznext.com unix:/var/wizard/pscom_oz/sockets/unicorn.sock/v1.0/catalogs/69ae0400098b434e5ed839893fd30ea3/albums/29412b200fcd80473e98b916b18389ad 201 0.025 0 - - 44dc1c182759420b4430252b39c39ca1 -
- - - [08/Mar/2013:04:20:41 -0800] - "400" 0 "-" "-" 0 0.000 - -- - - - - - - -
50.18.173.36 - 8879ba3e232743f39dbb086ec487b853 [08/Mar/2013:04:20:41 -0800] PUT /v1.0/catalogs/69ae0400098b434e5ed839893fd30ea3/assets/0486c1c622180f4a4059ae420aa6ef93/revisions/6bda2e351e5b82446dda73097a8527dd HTTP/1.1 "201" 0 "-" "QE-Acceptance-Tests" 1158 0.039 api.oznext.com unix:/var/wizard/pscom_oz/sockets/unicorn.sock/v1.0/catalogs/69ae0400098b434e5ed839893fd30ea3/assets/0486c1c622180f4a4059ae420aa6ef93/revisions/6bda2e351e5b82446dda73097a8527dd 201 0.039 0 - - 2498510404889c8030b27d2c381916ba -
50.18.173.36 - 8879ba3e232743f39dbb086ec487b853 [08/Mar/2013:04:20:42 -0800] PUT /v1.0/catalogs/69ae0400098b434e5ed839893fd30ea3/albums/29412b200fcd80473e98b916b18389ad/assets/0486c1c622180f4a4059ae420aa6ef93 HTTP/1.1 "201" 0 "-" "QE-Acceptance-Tests" 1120 0.035 api.oznext.com unix:/var/wizard/pscom_oz/sockets/unicorn.sock/v1.0/catalogs/69ae0400098b434e5ed839893fd30ea3/albums/29412b200fcd80473e98b916b18389ad/assets/0486c1c622180f4a4059ae420aa6ef93 201 0.035 0 - - e52d3d01652683a8c4d8e91ca5122246 -
61.246.216.100 - 991cf2a40842f348d4036e7612f19fe4 [08/Mar/2013:04:20:42 -0800] GET /v1.0/accounts/991cf2a40842f348d4036e7612f19fe4 HTTP/1.1 "200" 873 "-" "Revel/1.10 CFNetwork/609.1.4 Darwin/11.4.0" 1017 0.017 api.oznext.com unix:/var/wizard/pscom_oz/sockets/unicorn.sock/v1.0/accounts/991cf2a40842f348d4036e7612f19fe4 200 0.017 873 - - a0ed9cf78c264af2449849877ea69c7e -
50.18.173.36 - 8879ba3e232743f39dbb086ec487b853 [08/Mar/2013:04:20:43 -0800] PUT /v1.0/catalogs/69ae0400098b434e5ed839893fd30ea3/albums/4724193fafe3344f457a5fe72bd99de8 HTTP/1.1 "201" 0 "-" "QE-Acceptance-Tests" 1137 0.027 api.oznext.com unix:/var/wizard/pscom_oz/sockets/unicorn.sock/v1.0/catalogs/69ae0400098b434e5ed839893fd30ea3/albums/4724193fafe3344f457a5fe72bd99de8 201 0.027 0 - - 8a2c8dbf64c6e3b7e818f1129e8107fc -
192.150.10.200 - 0af56c0e2b3a4e90b8b303b57ceba27a [08/Mar/2013:04:20:43 -0800] GET /v1.0/catalogs HTTP/1.1 "200" 602 "-" "Adobe%20Revel/1.10 CFNetwork/596.0.1 Darwin/12.0.0 (x86_64) (Macmini5%2C1)" 1017 0.011 api.oznext.com unix:/var/wizard/pscom_oz/sockets/unicorn.sock/v1.0/catalogs 200 0.011 2661 - - 7fd4e040f5cee49a6d4d2a0dcad35e63 -
192.150.10.200 - 0af56c0e2b3a4e90b8b303b57ceba27a [08/Mar/2013:04:20:43 -0800] GET /v1.0/catalogs?role=user HTTP/1.1 "200" 135 "-" "Adobe%20Revel/1.10 CFNetwork/596.0.1 Darwin/12.0.0 (x86_64) (Macmini5%2C1)" 1027 0.009 api.oznext.com unix:/var/wizard/pscom_oz/sockets/unicorn.sock/v1.0/catalogs 200 0.009 135 - - 5fe8e27abd92ff5210e9891133c6a16e -
61.246.216.100 - 991cf2a40842f348d4036e7612f19fe4 [08/Mar/2013:04:20:43 -0800] GET /v1.0/catalogs HTTP/1.1 "200" 499 "-" "Revel/1.10 CFNetwork/609.1.4 Darwin/11.4.0" 984 0.011 api.oznext.com unix:/var/wizard/pscom_oz/sockets/unicorn.sock/v1.0/catalogs 200 0.011 1414 - - d88e0041e71fed93af88e8d3b984e3a6 -
50.18.173.36 - 8879ba3e232743f39dbb086ec487b853 [08/Mar/2013:04:20:43 -0800] PUT /v1.0/catalogs/69ae0400098b434e5ed839893fd30ea3/assets/1054e94a274341450838c5ff6c371829/revisions/b98cd0a604c1e14fd17ae5d308ad60ed HTTP/1.1 "201" 0 "-" "QE-Acceptance-Tests" 1158 0.043 api.oznext.com unix:/var/wizard/pscom_oz/sockets/unicorn.sock/v1.0/catalogs/69ae0400098b434e5ed839893fd30ea3/assets/1054e94a274341450838c5ff6c371829/revisions/b98cd0a604c1e14fd17ae5d308ad60ed 201 0.043 0 - - d99ba0a2703d4116fb8607780181ce4e -
61.246.216.100 - 991cf2a40842f348d4036e7612f19fe4 [08/Mar/2013:04:20:43 -0800] GET /v1.0/catalogs?role=user HTTP/1.1 "200" 135 "-" "Revel/1.10 CFNetwork/609.1.4 Darwin/11.4.0" 994 0.065 api.oznext.com unix:/var/wizard/pscom_oz/sockets/unicorn.sock/v1.0/catalogs 200 0.065 135 - - 74b67c4592a89a4c50e3c48575c01c6b -
- - - [08/Mar/2013:04:20:43 -0800] - "400" 0 "-" "-" 0 0.000 - -- - - - - - - -
- - - [08/Mar/2013:04:20:43 -0800] - "400" 0 "-" "-" 0 0.000 - -- - - - - - - -
50.18.173.36 - 8879ba3e232743f39dbb086ec487b853 [08/Mar/2013:04:20:44 -0800] PUT /v1.0/catalogs/69ae0400098b434e5ed839893fd30ea3/albums/4724193fafe3344f457a5fe72bd99de8/assets/1054e94a274341450838c5ff6c371829 HTTP/1.1 "201" 0 "-" "QE-Acceptance-Tests" 1120 0.051 api.oznext.com unix:/var/wizard/pscom_oz/sockets/unicorn.sock/v1.0/catalogs/69ae0400098b434e5ed839893fd30ea3/albums/4724193fafe3344f457a5fe72bd99de8/assets/1054e94a274341450838c5ff6c371829 201 0.051 0 - - f9069e89cacc71bb24cb6921a7afc7d7 -
50.18.173.36 - 8879ba3e232743f39dbb086ec487b853 [08/Mar/2013:04:20:44 -0800] PUT /v1.0/catalogs/69ae0400098b434e5ed839893fd30ea3/albums/0c160d174aad51472d399a27de1dd568 HTTP/1.1 "201" 0 "-" "QE-Acceptance-Tests" 1137 0.036 api.oznext.com unix:/var/wizard/pscom_oz/sockets/unicorn.sock/v1.0/catalogs/69ae0400098b434e5ed839893fd30ea3/albums/0c160d174aad51472d399a27de1dd568 201 0.036 0 - - c55d3bfb568610841f7e76bcf921130e -
- - - [08/Mar/2013:04:20:44 -0800] - "400" 0 "-" "-" 0 0.000 - -- - - - - - - -
- - - [08/Mar/2013:04:20:44 -0800] - "400" 0 "-" "-" 0 0.000 - -- - - - - - - -
50.18.173.36 - 8879ba3e232743f39dbb086ec487b853 [08/Mar/2013:04:20:45 -0800] PUT /v1.0/catalogs/69ae0400098b434e5ed839893fd30ea3/assets/7e54dd6df642914a5a99a2e4ab9960ea/revisions/91e7bc8609619a41549bf4e5e4be46ad HTTP/1.1 "201" 0 "-" "QE-Acceptance-Tests" 1158 0.041 api.oznext.com unix:/var/wizard/pscom_oz/sockets/unicorn.sock/v1.0/catalogs/69ae0400098b434e5ed839893fd30ea3/assets/7e54dd6df642914a5a99a2e4ab9960ea/revisions/91e7bc8609619a41549bf4e5e4be46ad 201 0.041 0 - - ad14118faa6c05b291ed13fe00d453bf -
- - - [08/Mar/2013:04:20:45 -0800] GET /v1.0/version HTTP/1.1 "200" 68 "-" "ELB-HealthChecker/1.0" 126 0.004 10.249.20.248:80 unix:/var/wizard/pscom_oz/sockets/unicorn.sock/v1.0/version 200 0.004 68 - - 0001f4150ba2cdbf2569d62f66e19188 -
50.18.173.36 - 8879ba3e232743f39dbb086ec487b853 [08/Mar/2013:04:20:45 -0800] PUT /v1.0/catalogs/69ae0400098b434e5ed839893fd30ea3/albums/0c160d174aad51472d399a27de1dd568/assets/7e54dd6df642914a5a99a2e4ab9960ea HTTP/1.1 "201" 0 "-" "QE-Acceptance-Tests" 1120 0.034 api.oznext.com unix:/var/wizard/pscom_oz/sockets/unicorn.sock/v1.0/catalogs/69ae0400098b434e5ed839893fd30ea3/albums/0c160d174aad51472d399a27de1dd568/assets/7e54dd6df642914a5a99a2e4ab9960ea 201 0.034 0 - - c7f250f6fab13b7a34148f14c335c449 -
61.246.216.100 - 991cf2a40842f348d4036e7612f19fe4 [08/Mar/2013:04:20:46 -0800] GET /v1.0/catalogs/7187f7784d294f8f89888a3b453514d0 HTTP/1.1 "200" 467 "-" "Revel/1.10 CFNetwork/609.1.4 Darwin/11.4.0" 1017 0.016 api.oznext.com unix:/var/wizard/pscom_oz/sockets/unicorn.sock/v1.0/catalogs/7187f7784d294f8f89888a3b453514d0 200 0.016 1325 - - 10f22715cdab8f0af9eff98c34960336 -
50.18.173.36 - 8879ba3e232743f39dbb086ec487b853 [08/Mar/2013:04:20:46 -0800] PUT /v1.0/catalogs/69ae0400098b434e5ed839893fd30ea3/albums/cab175ad990e97438c4af5b14287c41b HTTP/1.1 "201" 0 "-" "QE-Acceptance-Tests" 1137 0.025 api.oznext.com unix:/var/wizard/pscom_oz/sockets/unicorn.sock/v1.0/catalogs/69ae0400098b434e5ed839893fd30ea3/albums/cab175ad990e97438c4af5b14287c41b 201 0.025 0 - - bba35a38f57665ac4b5a1fc7c8d8e260 -
61.246.216.100 - 991cf2a40842f348d4036e7612f19fe4 [08/Mar/2013:04:20:46 -0800] GET /v1.0/catalogs/7187f7784d294f8f89888a3b453514d0/users HTTP/1.1 "200" 407 "-" "Revel/1.10 CFNetwork/609.1.4 Darwin/11.4.0" 1023 0.018 api.oznext.com unix:/var/wizard/pscom_oz/sockets/unicorn.sock/v1.0/catalogs/7187f7784d294f8f89888a3b453514d0/users 200 0.018 407 - - a0a17d14f2c652d4f8cd3faa6d5bede4 -
61.246.216.100 - 991cf2a40842f348d4036e7612f19fe4 [08/Mar/2013:04:20:46 -0800] GET /v1.0/catalogs/7187f7784d294f8f89888a3b453514d0/updates?updated_since=2013-03-01T05%3A25%3A26.570887Z HTTP/1.1 "200" 190 "-" "Revel/1.10 CFNetwork/609.1.4 Darwin/11.4.0" 1071 0.018 api.oznext.com unix:/var/wizard/pscom_oz/sockets/unicorn.sock/v1.0/catalogs/7187f7784d294f8f89888a3b453514d0/updates 200 0.018 190 - - 68bddd79f9abe80f71a72823ac1cb503 -
50.18.173.36 - 8879ba3e232743f39dbb086ec487b853 [08/Mar/2013:04:20:47 -0800] PUT /v1.0/catalogs/69ae0400098b434e5ed839893fd30ea3/assets/8d28feeb6d8ebb4265383560e229e52a/revisions/6dc788f829b00840e78bcf1431363f2a HTTP/1.1 "201" 0 "-" "QE-Acceptance-Tests" 1158 0.039 api.oznext.com unix:/var/wizard/pscom_oz/sockets/unicorn.sock/v1.0/catalogs/69ae0400098b434e5ed839893fd30ea3/assets/8d28feeb6d8ebb4265383560e229e52a/revisions/6dc788f829b00840e78bcf1431363f2a 201 0.039 0 - - 722dc61adad167988700025593208b07 -
50.18.173.36 - 8879ba3e232743f39dbb086ec487b853 [08/Mar/2013:04:20:47 -0800] PUT /v1.0/catalogs/69ae0400098b434e5ed839893fd30ea3/albums/cab175ad990e97438c4af5b14287c41b/assets/8d28feeb6d8ebb4265383560e229e52a HTTP/1.1 "201" 0 "-" "QE-Acceptance-Tests" 1120 0.032 api.oznext.com unix:/var/wizard/pscom_oz/sockets/unicorn.sock/v1.0/catalogs/69ae0400098b434e5ed839893fd30ea3/albums/cab175ad990e97438c4af5b14287c41b/assets/8d28feeb6d8ebb4265383560e229e52a 201 0.032 0 - - 474b1b37d2f03a466480e829d4c94946 -
50.18.173.36 - 8879ba3e232743f39dbb086ec487b853 [08/Mar/2013:04:20:48 -0800] PUT /v1.0/catalogs/69ae0400098b434e5ed839893fd30ea3/albums/f2b1e824d16a224642eaf8adbef279fc HTTP/1.1 "201" 0 "-" "QE-Acceptance-Tests" 1137 0.026 api.oznext.com unix:/var/wizard/pscom_oz/sockets/unicorn.sock/v1.0/catalogs/69ae0400098b434e5ed839893fd30ea3/albums/f2b1e824d16a224642eaf8adbef279fc 201 0.026 0 - - b8f04a000ad6d587be13c5882eb99fce -
50.18.173.36 - 8879ba3e232743f39dbb086ec487b853 [08/Mar/2013:04:20:48 -0800] PUT /v1.0/catalogs/69ae0400098b434e5ed839893fd30ea3/assets/209b217faf9b714af25ae2c8e776cdcf/revisions/141f299a4eda5c432fb973b61386a556 HTTP/1.1 "201" 0 "-" "QE-Acceptance-Tests" 1158 0.041 api.oznext.com unix:/var/wizard/pscom_oz/sockets/unicorn.sock/v1.0/catalogs/69ae0400098b434e5ed839893fd30ea3/assets/209b217faf9b714af25ae2c8e776cdcf/revisions/141f299a4eda5c432fb973b61386a556 201 0.041 0 - - ee0f9358e1aa41a58950ee51c3265a12 -
61.246.216.100 - e93e91498643708abf181fcdffbeca50 [08/Mar/2013:04:20:48 -0800] GET /v1.0/catalogs HTTP/1.1 "200" 493 "-" "Revel/1.10 CFNetwork/609.1.4 Darwin/11.4.2" 984 0.010 api.oznext.com unix:/var/wizard/pscom_oz/sockets/unicorn.sock/v1.0/catalogs 200 0.010 1408 - - 4f8fa20218ccb9618a0a3ad836d05e57 -
61.246.216.100 - e93e91498643708abf181fcdffbeca50 [08/Mar/2013:04:20:48 -0800] GET /v1.0/catalogs?role=user HTTP/1.1 "200" 135 "-" "Revel/1.10 CFNetwork/609.1.4 Darwin/11.4.2" 994 0.009 api.oznext.com unix:/var/wizard/pscom_oz/sockets/unicorn.sock/v1.0/catalogs 200 0.009 135 - - e26462a1f201553bae3ece1aec83a1ef -
50.18.173.36 - 8879ba3e232743f39dbb086ec487b853 [08/Mar/2013:04:20:49 -0800] PUT /v1.0/catalogs/69ae0400098b434e5ed839893fd30ea3/albums/f2b1e824d16a224642eaf8adbef279fc/assets/209b217faf9b714af25ae2c8e776cdcf HTTP/1.1 "201" 0 "-" "QE-Acceptance-Tests" 1120 0.033 api.oznext.com unix:/var/wizard/pscom_oz/sockets/unicorn.sock/v1.0/catalogs/69ae0400098b434e5ed839893fd30ea3/albums/f2b1e824d16a224642eaf8adbef279fc/assets/209b217faf9b714af25ae2c8e776cdcf 201 0.033 0 - - 1e591f50743be8066e9d62c61c66be71 -
50.18.173.36 - 8879ba3e232743f39dbb086ec487b853 [08/Mar/2013:04:20:49 -0800] PUT /v1.0/catalogs/69ae0400098b434e5ed839893fd30ea3/albums/3d92abb825a99c4a7f9b4a8e56ee82e5 HTTP/1.1 "201" 0 "-" "QE-Acceptance-Tests" 1137 0.026 api.oznext.com unix:/var/wizard/pscom_oz/sockets/unicorn.sock/v1.0/catalogs/69ae0400098b434e5ed839893fd30ea3/albums/3d92abb825a99c4a7f9b4a8e56ee82e5 201 0.026 0 - - 288f0354432dee2a172fd18f62ca8420 -
50.18.173.36 - 8879ba3e232743f39dbb086ec487b853 [08/Mar/2013:04:20:50 -0800] PUT /v1.0/catalogs/69ae0400098b434e5ed839893fd30ea3/assets/cd1f7c58d2d97a41bbbbc6e4741763b8/revisions/f00875593691554f220b81b0c2dcd675 HTTP/1.1 "201" 0 "-" "QE-Acceptance-Tests" 1158 0.046 api.oznext.com unix:/var/wizard/pscom_oz/sockets/unicorn.sock/v1.0/catalogs/69ae0400098b434e5ed839893fd30ea3/assets/cd1f7c58d2d97a41bbbbc6e4741763b8/revisions/f00875593691554f220b81b0c2dcd675 201 0.046 0 - - f8796cf264465016e81c97f9d94dced2 -
- - - [08/Mar/2013:04:20:50 -0800] - "400" 0 "-" "-" 0 0.000 - -- - - - - - - -
50.18.173.36 - 8879ba3e232743f39dbb086ec487b853 [08/Mar/2013:04:20:51 -0800] PUT /v1.0/catalogs/69ae0400098b434e5ed839893fd30ea3/albums/3d92abb825a99c4a7f9b4a8e56ee82e5/assets/cd1f7c58d2d97a41bbbbc6e4741763b8 HTTP/1.1 "201" 0 "-" "QE-Acceptance-Tests" 1120 0.033 api.oznext.com unix:/var/wizard/pscom_oz/sockets/unicorn.sock/v1.0/catalogs/69ae0400098b434e5ed839893fd30ea3/albums/3d92abb825a99c4a7f9b4a8e56ee82e5/assets/cd1f7c58d2d97a41bbbbc6e4741763b8 201 0.033 0 - - 37def91a2cad648fe803a8d13f58dcee -
50.18.173.36 - 8879ba3e232743f39dbb086ec487b853 [08/Mar/2013:04:20:51 -0800] PUT /v1.0/catalogs/69ae0400098b434e5ed839893fd30ea3/albums/33b60fff35f3fe4871a871f7f0323d6b HTTP/1.1 "201" 0 "-" "QE-Acceptance-Tests" 1137 0.027 api.oznext.com unix:/var/wizard/pscom_oz/sockets/unicorn.sock/v1.0/catalogs/69ae0400098b434e5ed839893fd30ea3/albums/33b60fff35f3fe4871a871f7f0323d6b 201 0.027 0 - - aa480f81f294550292849115aab652cc -
- - - [08/Mar/2013:04:20:51 -0800] GET /v1.0/version HTTP/1.1 "200" 68 "-" "ELB-HealthChecker/1.0" 126 0.003 10.249.20.248:80 unix:/var/wizard/pscom_oz/sockets/unicorn.sock/v1.0/version 200 0.003 68 - - 65165b79315d2fda2e30cbced9105af3 -
50.18.173.36 - 8879ba3e232743f39dbb086ec487b853 [08/Mar/2013:04:20:52 -0800] PUT /v1.0/catalogs/69ae0400098b434e5ed839893fd30ea3/assets/af469e6961cf614af3ab5481ca943b88/revisions/a8e1c29fcd9fb449858bee99893db2b9 HTTP/1.1 "201" 0 "-" "QE-Acceptance-Tests" 1158 0.039 api.oznext.com unix:/var/wizard/pscom_oz/sockets/unicorn.sock/v1.0/catalogs/69ae0400098b434e5ed839893fd30ea3/assets/af469e6961cf614af3ab5481ca943b88/revisions/a8e1c29fcd9fb449858bee99893db2b9 201 0.039 0 - - de4147c51d1bcac41ec2626ce4e3ada9 -
50.18.173.36 - 8879ba3e232743f39dbb086ec487b853 [08/Mar/2013:04:20:52 -0800] PUT /v1.0/catalogs/69ae0400098b434e5ed839893fd30ea3/albums/33b60fff35f3fe4871a871f7f0323d6b/assets/af469e6961cf614af3ab5481ca943b88 HTTP/1.1 "201" 0 "-" "QE-Acceptance-Tests" 1120 0.033 api.oznext.com unix:/var/wizard/pscom_oz/sockets/unicorn.sock/v1.0/catalogs/69ae0400098b434e5ed839893fd30ea3/albums/33b60fff35f3fe4871a871f7f0323d6b/assets/af469e6961cf614af3ab5481ca943b88 201 0.033 0 - - fa8bbe1eb6165d8da21a1fdcf817e70e -
50.18.173.36 - 8879ba3e232743f39dbb086ec487b853 [08/Mar/2013:04:20:53 -0800] PUT /v1.0/catalogs/69ae0400098b434e5ed839893fd30ea3/albums/c57c3f6a5d27ca42e18b40047d786902 HTTP/1.1 "201" 0 "-" "QE-Acceptance-Tests" 1137 0.030 api.oznext.com unix:/var/wizard/pscom_oz/sockets/unicorn.sock/v1.0/catalogs/69ae0400098b434e5ed839893fd30ea3/albums/c57c3f6a5d27ca42e18b40047d786902 201 0.030 0 - - 2785202c3142a3de72660bcd1afbfc5c -
50.18.173.36 - 8879ba3e232743f39dbb086ec487b853 [08/Mar/2013:04:20:53 -0800] PUT /v1.0/catalogs/69ae0400098b434e5ed839893fd30ea3/assets/85657745fea4f74dd1fbb43062cfb0f6/revisions/242d3748b114bc4542799e57b2884c88 HTTP/1.1 "201" 0 "-" "QE-Acceptance-Tests" 1158 0.043 api.oznext.com unix:/var/wizard/pscom_oz/sockets/unicorn.sock/v1.0/catalogs/69ae0400098b434e5ed839893fd30ea3/assets/85657745fea4f74dd1fbb43062cfb0f6/revisions/242d3748b114bc4542799e57b2884c88 201 0.043 0 - - 5cd701fd0e8b6b5a0feacf1fae508ec3 -
50.18.173.36 - 8879ba3e232743f39dbb086ec487b853 [08/Mar/2013:04:20:54 -0800] PUT /v1.0/catalogs/69ae0400098b434e5ed839893fd30ea3/albums/c57c3f6a5d27ca42e18b40047d786902/assets/85657745fea4f74dd1fbb43062cfb0f6 HTTP/1.1 "201" 0 "-" "QE-Acceptance-Tests" 1120 0.035 api.oznext.com unix:/var/wizard/pscom_oz/sockets/unicorn.sock/v1.0/catalogs/69ae0400098b434e5ed839893fd30ea3/albums/c57c3f6a5d27ca42e18b40047d786902/assets/85657745fea4f74dd1fbb43062cfb0f6 201 0.035 0 - - e4f5946beb74c5715b6a0f3aa3e00c4f -
50.18.173.36 - 8879ba3e232743f39dbb086ec487b853 [08/Mar/2013:04:20:55 -0800] PUT /v1.0/catalogs/69ae0400098b434e5ed839893fd30ea3/albums/e2ea45e5b464144799a8571e5eef803a HTTP/1.1 "201" 0 "-" "QE-Acceptance-Tests" 1137 0.026 api.oznext.com unix:/var/wizard/pscom_oz/sockets/unicorn.sock/v1.0/catalogs/69ae0400098b434e5ed839893fd30ea3/albums/e2ea45e5b464144799a8571e5eef803a 201 0.026 0 - - 3e515390e78603c992cc7193bc514fe1 -
50.18.173.36 - 8879ba3e232743f39dbb086ec487b853 [08/Mar/2013:04:20:55 -0800] PUT /v1.0/catalogs/69ae0400098b434e5ed839893fd30ea3/assets/cfe18b326dc6b34243fa536739678530/revisions/fb4769aba0075f47028ae883bf624b69 HTTP/1.1 "201" 0 "-" "QE-Acceptance-Tests" 1158 0.085 api.oznext.com unix:/var/wizard/pscom_oz/sockets/unicorn.sock/v1.0/catalogs/69ae0400098b434e5ed839893fd30ea3/assets/cfe18b326dc6b34243fa536739678530/revisions/fb4769aba0075f47028ae883bf624b69 201 0.085 0 - - 87e4197a034efe887de924c02a8568b8 -
50.18.173.36 - 8879ba3e232743f39dbb086ec487b853 [08/Mar/2013:04:20:56 -0800] PUT /v1.0/catalogs/69ae0400098b434e5ed839893fd30ea3/albums/e2ea45e5b464144799a8571e5eef803a/assets/cfe18b326dc6b34243fa536739678530 HTTP/1.1 "201" 0 "-" "QE-Acceptance-Tests" 1120 0.033 api.oznext.com unix:/var/wizard/pscom_oz/sockets/unicorn.sock/v1.0/catalogs/69ae0400098b434e5ed839893fd30ea3/albums/e2ea45e5b464144799a8571e5eef803a/assets/cfe18b326dc6b34243fa536739678530 201 0.033 0 - - d6ece08f463af6fa1bdc3c5b211ad09d -
50.18.173.36 - 8879ba3e232743f39dbb086ec487b853 [08/Mar/2013:04:20:56 -0800] PUT /v1.0/catalogs/69ae0400098b434e5ed839893fd30ea3/albums/a2333563005d4941bd8978cde41c9012 HTTP/1.1 "201" 0 "-" "QE-Acceptance-Tests" 1137 0.028 api.oznext.com unix:/var/wizard/pscom_oz/sockets/unicorn.sock/v1.0/catalogs/69ae0400098b434e5ed839893fd30ea3/albums/a2333563005d4941bd8978cde41c9012 201 0.028 0 - - 2622e461839f53c49e361b665e615f6b -
50.18.173.36 - 8879ba3e232743f39dbb086ec487b853 [08/Mar/2013:04:20:57 -0800] PUT /v1.0/catalogs/69ae0400098b434e5ed839893fd30ea3/assets/72a5a43a97704048cb687820356b61e9/revisions/b300df4f28166243e2889643016e39e3 HTTP/1.1 "201" 0 "-" "QE-Acceptance-Tests" 1158 0.039 api.oznext.com unix:/var/wizard/pscom_oz/sockets/unicorn.sock/v1.0/catalogs/69ae0400098b434e5ed839893fd30ea3/assets/72a5a43a97704048cb687820356b61e9/revisions/b300df4f28166243e2889643016e39e3 201 0.039 0 - - 1caa80a32fdfc3ec38630ffbf14816c8 -
50.18.173.36 - 8879ba3e232743f39dbb086ec487b853 [08/Mar/2013:04:20:57 -0800] PUT /v1.0/catalogs/69ae0400098b434e5ed839893fd30ea3/albums/a2333563005d4941bd8978cde41c9012/assets/72a5a43a97704048cb687820356b61e9 HTTP/1.1 "201" 0 "-" "QE-Acceptance-Tests" 1120 0.032 api.oznext.com unix:/var/wizard/pscom_oz/sockets/unicorn.sock/v1.0/catalogs/69ae0400098b434e5ed839893fd30ea3/albums/a2333563005d4941bd8978cde41c9012/assets/72a5a43a97704048cb687820356b61e9 201 0.032 0 - - 6af3d3755599a2c302a2b9b2b705b162 -
- - - [08/Mar/2013:04:20:57 -0800] GET /v1.0/version HTTP/1.1 "200" 68 "-" "ELB-HealthChecker/1.0" 126 0.003 10.249.20.248:80 unix:/var/wizard/pscom_oz/sockets/unicorn.sock/v1.0/version 200 0.003 68 - - a377767d3001f896097a506db4ebfa57 -
50.18.173.36 - 8879ba3e232743f39dbb086ec487b853 [08/Mar/2013:04:20:57 -0800] GET /v1.0/catalogs/69ae0400098b434e5ed839893fd30ea3/updates HTTP/1.1 "200" 75814 "-" "QE-Acceptance-Tests" 1029 0.066 api.oznext.com unix:/var/wizard/pscom_oz/sockets/unicorn.sock/v1.0/catalogs/69ae0400098b434e5ed839893fd30ea3/updates 200 0.063 75814 - - a2245a7da46e33bfaed6274c71314099 -
50.18.173.36 - 8879ba3e232743f39dbb086ec487b853 [08/Mar/2013:04:20:58 -0800] PUT /v1.0/catalogs/69ae0400098b434e5ed839893fd30ea3/assets/d0c7e9675f56d84ca34ba8b8b54d0c3f/revisions/8ca5e5e2a1b6db42744856a9d2c242f9/renditions/e6fcb10b9830f3479bb91695f9a10a87 HTTP/1.1 "201" 0 "-" "QE-Acceptance-Tests" 7719 0.126 api.oznext.com unix:/var/wizard/pscom_oz/sockets/unicorn.sock/v1.0/catalogs/69ae0400098b434e5ed839893fd30ea3/assets/d0c7e9675f56d84ca34ba8b8b54d0c3f/revisions/8ca5e5e2a1b6db42744856a9d2c242f9/renditions/e6fcb10b9830f3479bb91695f9a10a87 201 0.125 0 - - d2ec695b156969a51a4bffec879c6524 -
50.18.173.36 - 8879ba3e232743f39dbb086ec487b853 [08/Mar/2013:04:20:58 -0800] PUT /v1.0/catalogs/69ae0400098b434e5ed839893fd30ea3/assets/d0c7e9675f56d84ca34ba8b8b54d0c3f/revisions/8ca5e5e2a1b6db42744856a9d2c242f9/renditions/f7e89cb27d79f74368a856d184815a7f HTTP/1.1 "201" 0 "-" "QE-Acceptance-Tests" 207637 0.266 api.oznext.com unix:/var/wizard/pscom_oz/sockets/unicorn.sock/v1.0/catalogs/69ae0400098b434e5ed839893fd30ea3/assets/d0c7e9675f56d84ca34ba8b8b54d0c3f/revisions/8ca5e5e2a1b6db42744856a9d2c242f9/renditions/f7e89cb27d79f74368a856d184815a7f 201 0.130 0 - - ddace23085f543c2d9f242049dca3096 -
50.18.173.36 - 8879ba3e232743f39dbb086ec487b853 [08/Mar/2013:04:21:00 -0800] PUT /v1.0/catalogs/69ae0400098b434e5ed839893fd30ea3/assets/d0c7e9675f56d84ca34ba8b8b54d0c3f/revisions/8ca5e5e2a1b6db42744856a9d2c242f9/master HTTP/1.1 "201" 0 "-" "QE-Acceptance-Tests" 2145955 1.452 api.oznext.com unix:/var/wizard/pscom_oz/sockets/uploads.sock/v1.0/catalogs/69ae0400098b434e5ed839893fd30ea3/assets/d0c7e9675f56d84ca34ba8b8b54d0c3f/revisions/8ca5e5e2a1b6db42744856a9d2c242f9/master 201 0.259 0 - - 291dfe1912c90a01adf137bf0e4b85c0 -
- - - [08/Mar/2013:04:21:00 -0800] - "400" 0 "-" "-" 0 0.000 - -- - - - - - - -
50.18.173.36 - 8879ba3e232743f39dbb086ec487b853 [08/Mar/2013:04:21:01 -0800] POST /v1.0/catalogs/69ae0400098b434e5ed839893fd30ea3/assets/d0c7e9675f56d84ca34ba8b8b54d0c3f/revisions/8ca5e5e2a1b6db42744856a9d2c242f9/proxies/f897d6a22d1cae4b1dd80a461aec46d3 HTTP/1.1 "201" 0 "-" "QE-Acceptance-Tests" 1178 1.568 api.oznext.com unix:/var/wizard/pscom_oz/sockets/unicorn.sock/v1.0/catalogs/69ae0400098b434e5ed839893fd30ea3/assets/d0c7e9675f56d84ca34ba8b8b54d0c3f/revisions/8ca5e5e2a1b6db42744856a9d2c242f9/proxies/f897d6a22d1cae4b1dd80a461aec46d3 201 1.568 0 - - 4bef7b72fde1d4e2dbc095fa9961d58a -
50.18.173.36 - 8879ba3e232743f39dbb086ec487b853 [08/Mar/2013:04:21:01 -0800] GET /v1.0/catalogs HTTP/1.1 "200" 15723 "-" "QE-Acceptance-Tests" 988 0.016 api.oznext.com unix:/var/wizard/pscom_oz/sockets/unicorn.sock/v1.0/catalogs 200 0.016 15723 - - 3f96d7b10119ccc978678935cc42f87c -
50.18.173.36 - 8879ba3e232743f39dbb086ec487b853 [08/Mar/2013:04:21:01 -0800] GET /v1.0/catalogs/69ae0400098b434e5ed839893fd30ea3 HTTP/1.1 "200" 1344 "-" "QE-Acceptance-Tests" 1021 0.016 api.oznext.com unix:/var/wizard/pscom_oz/sockets/unicorn.sock/v1.0/catalogs/69ae0400098b434e5ed839893fd30ea3 200 0.016 1344 - - dabb579d8759390de4c30508eb55d883 -
192.150.10.200 - 0af56c0e2b3a4e90b8b303b57ceba27a [08/Mar/2013:04:21:01 -0800] GET /v1.0/catalogs/1f481ad5f26d4d85ab546223da4fe498 HTTP/1.1 "200" 454 "-" "Adobe%20Revel/1.10 CFNetwork/596.0.1 Darwin/12.0.0 (x86_64) (Macmini5%2C1)" 1050 0.015 api.oznext.com unix:/var/wizard/pscom_oz/sockets/unicorn.sock/v1.0/catalogs/1f481ad5f26d4d85ab546223da4fe498 200 0.015 1310 - - fa8666c2a0d38a47b823a2c4b329f28b -
50.18.173.36 - 8879ba3e232743f39dbb086ec487b853 [08/Mar/2013:04:21:01 -0800] GET /v1.0/catalogs/69ae0400098b434e5ed839893fd30ea3/assets HTTP/1.1 "200" 33192 "-" "QE-Acceptance-Tests" 1028 0.034 api.oznext.com unix:/var/wizard/pscom_oz/sockets/unicorn.sock/v1.0/catalogs/69ae0400098b434e5ed839893fd30ea3/assets 200 0.033 33192 - - 4beba1b83eca3013397d8e87b50d9dfc -
192.150.10.200 - 0af56c0e2b3a4e90b8b303b57ceba27a [08/Mar/2013:04:21:01 -0800] GET /v1.0/catalogs/1f481ad5f26d4d85ab546223da4fe498/users HTTP/1.1 "200" 387 "-" "Adobe%20Revel/1.10 CFNetwork/596.0.1 Darwin/12.0.0 (x86_64) (Macmini5%2C1)" 1056 0.018 api.oznext.com unix:/var/wizard/pscom_oz/sockets/unicorn.sock/v1.0/catalogs/1f481ad5f26d4d85ab546223da4fe498/users 200 0.018 387 - - 9d9a5fb1d95c08b2017879b9246e13fa -
192.150.10.200 - 0af56c0e2b3a4e90b8b303b57ceba27a [08/Mar/2013:04:21:01 -0800] GET /v1.0/catalogs/1f481ad5f26d4d85ab546223da4fe498/updates?updated_since=2013-03-07T22%3A26%3A02.115345Z HTTP/1.1 "200" 190 "-" "Adobe%20Revel/1.10 CFNetwork/596.0.1 Darwin/12.0.0 (x86_64) (Macmini5%2C1)" 1104 0.021 api.oznext.com unix:/var/wizard/pscom_oz/sockets/unicorn.sock/v1.0/catalogs/1f481ad5f26d4d85ab546223da4fe498/updates 200 0.021 190 - - e3b75b0d3b3a055cba07b09cdf16521c -
50.18.173.36 - 8879ba3e232743f39dbb086ec487b853 [08/Mar/2013:04:21:01 -0800] GET /v1.0/catalogs/69ae0400098b434e5ed839893fd30ea3/assets/d0c7e9675f56d84ca34ba8b8b54d0c3f/revisions/8ca5e5e2a1b6db42744856a9d2c242f9 HTTP/1.1 "200" 1543 "-" "QE-Acceptance-Tests" 1104 0.021 api.oznext.com unix:/var/wizard/pscom_oz/sockets/unicorn.sock/v1.0/catalogs/69ae0400098b434e5ed839893fd30ea3/assets/d0c7e9675f56d84ca34ba8b8b54d0c3f/revisions/8ca5e5e2a1b6db42744856a9d2c242f9 200 0.021 1543 - - 821ea094ad59082525b81dbf0cb129f0 -
50.18.173.36 - 8879ba3e232743f39dbb086ec487b853 [08/Mar/2013:04:21:02 -0800] GET /v1.0/catalogs/69ae0400098b434e5ed839893fd30ea3/assets/d0c7e9675f56d84ca34ba8b8b54d0c3f/revisions/8ca5e5e2a1b6db42744856a9d2c242f9/master HTTP/1.1 "200" 2144782 "-" "QE-Acceptance-Tests" 1095 0.447 api.oznext.com unix:/var/wizard/pscom_oz/sockets/unicorn.sock : 205.251.235.75:443/v1.0/assets/d0c7e9675f56d84ca34ba8b8b54d0c3f/revisions/8ca5e5e2a1b6db42744856a9d2c242f9/master 200 : 200 0.018 : 0.429 2144782 - - - -
50.18.173.36 - 8879ba3e232743f39dbb086ec487b853 [08/Mar/2013:04:21:02 -0800] GET /v1.0/catalogs/69ae0400098b434e5ed839893fd30ea3/assets/d0c7e9675f56d84ca34ba8b8b54d0c3f/revisions/8ca5e5e2a1b6db42744856a9d2c242f9/renditions/e6fcb10b9830f3479bb91695f9a10a87 HTTP/1.1 "200" 6532 "-" "QE-Acceptance-Tests" 1132 0.081 api.oznext.com unix:/var/wizard/pscom_oz/sockets/unicorn.sock : 205.251.235.75:443/v1.0/assets/d0c7e9675f56d84ca34ba8b8b54d0c3f/revisions/8ca5e5e2a1b6db42744856a9d2c242f9/renditions/e6fcb10b9830f3479bb91695f9a10a87 200 : 200 0.019 : 0.062 6532 - - - -
50.18.173.36 - 8879ba3e232743f39dbb086ec487b853 [08/Mar/2013:04:21:02 -0800] GET /v1.0/catalogs/69ae0400098b434e5ed839893fd30ea3/assets/d0c7e9675f56d84ca34ba8b8b54d0c3f/revisions/8ca5e5e2a1b6db42744856a9d2c242f9/renditions/f7e89cb27d79f74368a856d184815a7f HTTP/1.1 "200" 206447 "-" "QE-Acceptance-Tests" 1132 0.093 api.oznext.com unix:/var/wizard/pscom_oz/sockets/unicorn.sock : 205.251.235.75:443/v1.0/assets/d0c7e9675f56d84ca34ba8b8b54d0c3f/revisions/8ca5e5e2a1b6db42744856a9d2c242f9/renditions/f7e89cb27d79f74368a856d184815a7f 200 : 200 0.018 : 0.075 206447 - - - -
50.18.173.36 - 8879ba3e232743f39dbb086ec487b853 [08/Mar/2013:04:21:03 -0800] GET /v1.0/catalogs/69ae0400098b434e5ed839893fd30ea3/assets/d0c7e9675f56d84ca34ba8b8b54d0c3f/revisions/8ca5e5e2a1b6db42744856a9d2c242f9/proxies/f897d6a22d1cae4b1dd80a461aec46d3 HTTP/1.1 "200" 772838 "-" "QE-Acceptance-Tests" 1129 0.221 api.oznext.com unix:/var/wizard/pscom_oz/sockets/unicorn.sock : 205.251.235.75:443/v1.0/expiring_proxies/assets/d0c7e9675f56d84ca34ba8b8b54d0c3f/revisions/8ca5e5e2a1b6db42744856a9d2c242f9/proxies/f897d6a22d1cae4b1dd80a461aec46d3 200 : 200 0.038 : 0.183 772838 - - - -
50.18.173.36 - 8879ba3e232743f39dbb086ec487b853 [08/Mar/2013:04:21:03 -0800] DELETE /v1.0/catalogs/69ae0400098b434e5ed839893fd30ea3/assets/d0c7e9675f56d84ca34ba8b8b54d0c3f HTTP/1.1 "204" 0 "-" "QE-Acceptance-Tests" 1064 0.095 api.oznext.com unix:/var/wizard/pscom_oz/sockets/unicorn.sock/v1.0/catalogs/69ae0400098b434e5ed839893fd30ea3/assets/d0c7e9675f56d84ca34ba8b8b54d0c3f 204 0.095 - - - 54c0f4e590df40f18cf4851370bca276 -
50.18.173.36 - 8879ba3e232743f39dbb086ec487b853 [08/Mar/2013:04:21:03 -0800] DELETE /v1.0/catalogs/69ae0400098b434e5ed839893fd30ea3 HTTP/1.1 "204" 0 "-" "QE-Acceptance-Tests" 1024 0.084 api.oznext.com unix:/var/wizard/pscom_oz/sockets/unicorn.sock/v1.0/catalogs/69ae0400098b434e5ed839893fd30ea3 204 0.084 - - - 02d2146a1399ed34e148763d066cd826 -
- - - [08/Mar/2013:04:21:03 -0800] GET /v1.0/version HTTP/1.1 "200" 68 "-" "ELB-HealthChecker/1.0" 126 0.003 10.249.20.248:80 unix:/var/wizard/pscom_oz/sockets/unicorn.sock/v1.0/version 200 0.003 68 - - 1e2ac10d6853cd84a8cee813f735bf44 -
- - - [08/Mar/2013:04:21:09 -0800] GET /v1.0/version HTTP/1.1 "200" 68 "-" "ELB-HealthChecker/1.0" 126 0.003 10.249.20.248:80 unix:/var/wizard/pscom_oz/sockets/unicorn.sock/v1.0/version 200 0.003 68 - - 62ddfe30aced5eab91d70d9cf0f8d310 -
- - - [08/Mar/2013:04:21:15 -0800] GET /v1.0/version HTTP/1.1 "200" 68 "-" "ELB-HealthChecker/1.0" 126 0.003 10.249.20.248:80 unix:/var/wizard/pscom_oz/sockets/unicorn.sock/v1.0/version 200 0.003 68 - - b8f11fcce10c2c85ac9fc82c7bb9d1e3 -
61.246.216.100 - 991cf2a40842f348d4036e7612f19fe4 [08/Mar/2013:04:21:17 -0800] GET /v1.0/catalogs/7187f7784d294f8f89888a3b453514d0 HTTP/1.1 "200" 467 "-" "Revel/1.10 CFNetwork/609.1.4 Darwin/11.4.0" 1017 0.018 api.oznext.com unix:/var/wizard/pscom_oz/sockets/unicorn.sock/v1.0/catalogs/7187f7784d294f8f89888a3b453514d0 200 0.018 1325 - - 527ca67510f2c632f5669a1db8bf9b9f -
61.246.216.100 - 991cf2a40842f348d4036e7612f19fe4 [08/Mar/2013:04:21:17 -0800] GET /v1.0/catalogs/7187f7784d294f8f89888a3b453514d0/users HTTP/1.1 "200" 407 "-" "Revel/1.10 CFNetwork/609.1.4 Darwin/11.4.0" 1023 0.022 api.oznext.com unix:/var/wizard/pscom_oz/sockets/unicorn.sock/v1.0/catalogs/7187f7784d294f8f89888a3b453514d0/users 200 0.022 407 - - c0becfafd3074c2d25ed6dc25d7b27cc -
61.246.216.100 - 991cf2a40842f348d4036e7612f19fe4 [08/Mar/2013:04:21:17 -0800] GET /v1.0/catalogs/7187f7784d294f8f89888a3b453514d0/updates?updated_since=2013-03-01T05%3A25%3A26.570887Z HTTP/1.1 "200" 190 "-" "Revel/1.10 CFNetwork/609.1.4 Darwin/11.4.0" 1071 0.020 api.oznext.com unix:/var/wizard/pscom_oz/sockets/unicorn.sock/v1.0/catalogs/7187f7784d294f8f89888a3b453514d0/updates 200 0.020 190 - - 9a71be4b40b96f592e4c031ab9a315fa -
- - - [08/Mar/2013:04:21:20 -0800] - "500" 0 "-" "-" 0 0.000 - -- - - - - - - -
- - - [08/Mar/2013:04:21:21 -0800] GET /v1.0/version HTTP/1.1 "200" 68 "-" "ELB-HealthChecker/1.0" 126 0.003 10.249.20.248:80 unix:/var/wizard/pscom_oz/sockets/unicorn.sock/v1.0/version 200 0.003 68 - - b59c549c0f2c8fc53a16795c80f60293 -
- - - [08/Mar/2013:04:21:27 -0800] GET /v1.0/version HTTP/1.1 "200" 68 "-" "ELB-HealthChecker/1.0" 126 0.004 10.249.20.248:80 unix:/var/wizard/pscom_oz/sockets/unicorn.sock/v1.0/version 200 0.004 68 - - 5ff77b8c541ef35ec8b5b7dc48a9e715 -
- - - [08/Mar/2013:04:21:30 -0800] - "404" 0 "-" "-" 0 0.000 - -- - - - - - - -
- - - [08/Mar/2013:04:21:30 -0800] - "500" 0 "-" "-" 0 0.000 - -- - - - - - - -
192.150.10.200 - e742d19696e37565da8011b6f36f1eae [08/Mar/2013:04:21:32 -0800] GET /v1.0/catalogs HTTP/1.1 "200" 1090 "-" "Tornado-Cached(42;Apple;iPhone Simulator;iOS;6.1)" 970 0.013 api.oznext.com unix:/var/wizard/pscom_oz/sockets/unicorn.sock/v1.0/catalogs 200 0.013 5918 - - f51f83d514c1cfc10984f00c9a1476a2 -
192.150.10.200 - e742d19696e37565da8011b6f36f1eae [08/Mar/2013:04:21:32 -0800] GET /v1.0/catalogs?role=user HTTP/1.1 "200" 900 "-" "Tornado-Cached(42;Apple;iPhone Simulator;iOS;6.1)" 980 0.012 api.oznext.com unix:/var/wizard/pscom_oz/sockets/unicorn.sock/v1.0/catalogs 200 0.012 3324 - - 0a0d478c6423349126187f026f73e2cf -
192.150.10.200 - 0af56c0e2b3a4e90b8b303b57ceba27a [08/Mar/2013:04:21:32 -0800] GET /v1.0/catalogs/1f481ad5f26d4d85ab546223da4fe498 HTTP/1.1 "200" 454 "-" "Adobe%20Revel/1.10 CFNetwork/596.0.1 Darwin/12.0.0 (x86_64) (Macmini5%2C1)" 1050 0.066 api.oznext.com unix:/var/wizard/pscom_oz/sockets/unicorn.sock/v1.0/catalogs/1f481ad5f26d4d85ab546223da4fe498 200 0.066 1310 - - ef64c3a6fcf745c774f0f72cae91af2a -
192.150.10.200 - 0af56c0e2b3a4e90b8b303b57ceba27a [08/Mar/2013:04:21:32 -0800] GET /v1.0/catalogs/1f481ad5f26d4d85ab546223da4fe498/users HTTP/1.1 "200" 387 "-" "Adobe%20Revel/1.10 CFNetwork/596.0.1 Darwin/12.0.0 (x86_64) (Macmini5%2C1)" 1056 0.025 api.oznext.com unix:/var/wizard/pscom_oz/sockets/unicorn.sock/v1.0/catalogs/1f481ad5f26d4d85ab546223da4fe498/users 200 0.025 387 - - 2d4d328e85abd502ce94b0436331a7c6 -
192.150.10.200 - 0af56c0e2b3a4e90b8b303b57ceba27a [08/Mar/2013:04:21:32 -0800] GET /v1.0/catalogs/1f481ad5f26d4d85ab546223da4fe498/updates?updated_since=2013-03-07T22%3A26%3A02.115345Z HTTP/1.1 "200" 190 "-" "Adobe%20Revel/1.10 CFNetwork/596.0.1 Darwin/12.0.0 (x86_64) (Macmini5%2C1)" 1104 0.020 api.oznext.com unix:/var/wizard/pscom_oz/sockets/unicorn.sock/v1.0/catalogs/1f481ad5f26d4d85ab546223da4fe498/updates 200 0.020 190 - - 3bc8d21a42b9222ae8c6940088ee2963 -
- - - [08/Mar/2013:04:21:33 -0800] GET /v1.0/version HTTP/1.1 "200" 68 "-" "ELB-HealthChecker/1.0" 126 0.003 10.249.20.248:80 unix:/var/wizard/pscom_oz/sockets/unicorn.sock/v1.0/version 200 0.003 68 - - 09c361fd10e9ad96f821104efb58dbcc -
192.150.10.200 - e742d19696e37565da8011b6f36f1eae [08/Mar/2013:04:21:36 -0800] GET /v1.0/accounts/d5d34957bc804fa6816ea7d0603c2f72 HTTP/1.1 "200" 421 "-" "Tornado-Cached(42;Apple;iPhone Simulator;iOS;6.1)" 1003 0.017 api.oznext.com unix:/var/wizard/pscom_oz/sockets/unicorn.sock/v1.0/accounts/d5d34957bc804fa6816ea7d0603c2f72 200 0.017 421 - - d21cee652948d24c20b3d0133789fd5a -
- - - [08/Mar/2013:04:21:38 -0800] - "400" 0 "-" "-" 0 0.000 - -- - - - - - - -
192.150.10.200 - 0af56c0e2b3a4e90b8b303b57ceba27a [08/Mar/2013:04:21:39 -0800] GET /v1.0/accounts/0af56c0e2b3a4e90b8b303b57ceba27a HTTP/1.1 "200" 992 "-" "Adobe%20Revel/1.10 CFNetwork/596.0.1 Darwin/12.0.0 (x86_64) (Macmini5%2C1)" 1050 0.021 api.oznext.com unix:/var/wizard/pscom_oz/sockets/unicorn.sock/v1.0/accounts/0af56c0e2b3a4e90b8b303b57ceba27a 200 0.021 992 - - a0b3894508d70ddff639266f48daa1fa -
192.150.10.200 - 0af56c0e2b3a4e90b8b303b57ceba27a [08/Mar/2013:04:21:39 -0800] GET /v1.0/catalogs HTTP/1.1 "200" 602 "-" "Adobe%20Revel/1.10 CFNetwork/596.0.1 Darwin/12.0.0 (x86_64) (Macmini5%2C1)" 1017 0.010 api.oznext.com unix:/var/wizard/pscom_oz/sockets/unicorn.sock/v1.0/catalogs 200 0.010 2661 - - 356ce539927b581d3dec121bd67d5d28 -
192.150.10.200 - 0af56c0e2b3a4e90b8b303b57ceba27a [08/Mar/2013:04:21:39 -0800] GET /v1.0/catalogs?role=user HTTP/1.1 "200" 135 "-" "Adobe%20Revel/1.10 CFNetwork/596.0.1 Darwin/12.0.0 (x86_64) (Macmini5%2C1)" 1027 0.010 api.oznext.com unix:/var/wizard/pscom_oz/sockets/unicorn.sock/v1.0/catalogs 200 0.010 135 - - 3741d6c9d020ed09872865dc3c58bf90 -
- - - [08/Mar/2013:04:21:39 -0800] GET /v1.0/version HTTP/1.1 "200" 68 "-" "ELB-HealthChecker/1.0" 126 0.003 10.249.20.248:80 unix:/var/wizard/pscom_oz/sockets/unicorn.sock/v1.0/version 200 0.003 68 - - c4a279130cb5042b2a4ffdec4a04ca0a -
61.246.216.100 - 991cf2a40842f348d4036e7612f19fe4 [08/Mar/2013:04:21:42 -0800] GET /v1.0/accounts/991cf2a40842f348d4036e7612f19fe4 HTTP/1.1 "200" 873 "-" "Revel/1.10 CFNetwork/609.1.4 Darwin/11.4.0" 1017 0.022 api.oznext.com unix:/var/wizard/pscom_oz/sockets/unicorn.sock/v1.0/accounts/991cf2a40842f348d4036e7612f19fe4 200 0.022 873 - - e6af062cc4ce239233d0fc3cb7c7c4d3 -
- - - [08/Mar/2013:04:21:42 -0800] - "400" 0 "-" "-" 0 0.000 - -- - - - - - - -
61.246.216.100 - 991cf2a40842f348d4036e7612f19fe4 [08/Mar/2013:04:21:43 -0800] GET /v1.0/catalogs HTTP/1.1 "200" 499 "-" "Revel/1.10 CFNetwork/609.1.4 Darwin/11.4.0" 984 0.017 api.oznext.com unix:/var/wizard/pscom_oz/sockets/unicorn.sock/v1.0/catalogs 200 0.017 1414 - - d18665459677fd0176d1db221fd43f82 -
61.246.216.100 - 991cf2a40842f348d4036e7612f19fe4 [08/Mar/2013:04:21:43 -0800] GET /v1.0/catalogs?role=user HTTP/1.1 "200" 135 "-" "Revel/1.10 CFNetwork/609.1.4 Darwin/11.4.0" 994 0.018 api.oznext.com unix:/var/wizard/pscom_oz/sockets/unicorn.sock/v1.0/catalogs 200 0.018 135 - - 5deb35bc8f6c6118d2b6b44f1ea275ad -
- - - [08/Mar/2013:04:21:43 -0800] - "400" 0 "-" "-" 0 0.000 - -- - - - - - - -
- - - [08/Mar/2013:04:21:44 -0800] - "404" 0 "-" "-" 0 0.000 - -- - - - - - - -
- - - [08/Mar/2013:04:21:45 -0800] - "400" 0 "-" "-" 0 0.000 - -- - - - - - - -
- - - [08/Mar/2013:04:21:45 -0800] GET /v1.0/version HTTP/1.1 "200" 68 "-" "ELB-HealthChecker/1.0" 126 0.004 10.249.20.248:80 unix:/var/wizard/pscom_oz/sockets/unicorn.sock/v1.0/version 200 0.004 68 - - 7552bd41dedac6330e0584dd8ba10931 -
192.150.10.200 - e742d19696e37565da8011b6f36f1eae [08/Mar/2013:04:21:46 -0800] GET /v1.0/catalogs/88366ab89b0e4aa896cd88cdf72a43d5 HTTP/1.1 "200" 628 "-" "Tornado-Cached(42;Apple;iPhone Simulator;iOS;6.1)" 1003 0.017 api.oznext.com unix:/var/wizard/pscom_oz/sockets/unicorn.sock/v1.0/catalogs/88366ab89b0e4aa896cd88cdf72a43d5 200 0.017 1649 - - 4180f6c8cf6031124624cc7bb4c57120 -
192.150.10.200 - e742d19696e37565da8011b6f36f1eae [08/Mar/2013:04:21:46 -0800] GET /v1.0/catalogs/88366ab89b0e4aa896cd88cdf72a43d5/users HTTP/1.1 "200" 884 "-" "Tornado-Cached(42;Apple;iPhone Simulator;iOS;6.1)" 1009 0.054 api.oznext.com unix:/var/wizard/pscom_oz/sockets/unicorn.sock/v1.0/catalogs/88366ab89b0e4aa896cd88cdf72a43d5/users 200 0.054 3893 - - 25f1c40fa85abdd2b444f239bad42ac3 -
192.150.10.200 - e742d19696e37565da8011b6f36f1eae [08/Mar/2013:04:21:46 -0800] GET /v1.0/catalogs/88366ab89b0e4aa896cd88cdf72a43d5/updates?updated_since=2013-03-08T00%3A35%3A34.462632Z HTTP/1.1 "200" 190 "-" "Tornado-Cached(42;Apple;iPhone Simulator;iOS;6.1)" 1057 0.019 api.oznext.com unix:/var/wizard/pscom_oz/sockets/unicorn.sock/v1.0/catalogs/88366ab89b0e4aa896cd88cdf72a43d5/updates 200 0.019 190 - - 548b143bb18ba56b2055778f1f477dc9 -
61.246.216.100 - 991cf2a40842f348d4036e7612f19fe4 [08/Mar/2013:04:21:48 -0800] GET /v1.0/catalogs/7187f7784d294f8f89888a3b453514d0 HTTP/1.1 "200" 467 "-" "Revel/1.10 CFNetwork/609.1.4 Darwin/11.4.0" 1017 0.017 api.oznext.com unix:/var/wizard/pscom_oz/sockets/unicorn.sock/v1.0/catalogs/7187f7784d294f8f89888a3b453514d0 200 0.017 1325 - - d4fe0dae6b11e65664a69c2e78c2896b -
61.246.216.100 - 991cf2a40842f348d4036e7612f19fe4 [08/Mar/2013:04:21:48 -0800] GET /v1.0/catalogs/7187f7784d294f8f89888a3b453514d0/users HTTP/1.1 "200" 407 "-" "Revel/1.10 CFNetwork/609.1.4 Darwin/11.4.0" 1023 0.020 api.oznext.com unix:/var/wizard/pscom_oz/sockets/unicorn.sock/v1.0/catalogs/7187f7784d294f8f89888a3b453514d0/users 200 0.020 407 - - 849135a676f6ef3cd949103a876a500d -
