- - - [08/Mar/2013:04:17:57 -0800] GET /v1.0/version HTTP/1.1 "200" 68 "-" "ELB-HealthChecker/1.0" 126 0.003 10.249.20.248:80 unix:/var/wizard/pscom_oz/sockets/unicorn.sock/v1.0/version 200 0.003 68 - - 1ecf2f0a15d48cc68913f60c7628d0d0 -
192.150.10.200 - 0af56c0e2b3a4e90b8b303b57ceba27a [08/Mar/2013:04:18:00 -0800] GET /v1.0/catalogs/1f481ad5f26d4d85ab546223da4fe498 HTTP/1.1 "200" 454 "-" "Adobe%20Revel/1.10 CFNetwork/596.0.1 Darwin/12.0.0 (x86_64) (Macmini5%2C1)" 1050 0.017 api.oznext.com unix:/var/wizard/pscom_oz/sockets/unicorn.sock/v1.0/catalogs/1f481ad5f26d4d85ab546223da4fe498 200 0.017 1310 - - 788a442da584694ec94505e2bf5ab9c5 -
192.150.10.200 - 0af56c0e2b3a4e90b8b303b57ceba27a [08/Mar/2013:04:18:00 -0800] GET /v1.0/catalogs/1f481ad5f26d4d85ab546223da4fe498/users HTTP/1.1 "200" 387 "-" "Adobe%20Revel/1.10 CFNetwork/596.0.1 Darwin/12.0.0 (x86_64) (Macmini5%2C1)" 1056 0.023 api.oznext.com unix:/var/wizard/pscom_oz/sockets/unicorn.sock/v1.0/catalogs/1f481ad5f26d4d85ab546223da4fe498/users 200 0.023 387 - - 9f51094213fb50b79bcb26bbf677787a -
192.150.10.200 - 0af56c0e2b3a4e90b8b303b57ceba27a [08/Mar/2013:04:18:00 -0800] GET /v1.0/catalogs/1f481ad5f26d4d85ab546223da4fe498/updates?updated_since=2013-03-07T22%3A26%3A02.115345Z HTTP/1.1 "200" 190 "-" "Adobe%20Revel/1.10 CFNetwork/596.0.1 Darwin/12.0.0 (x86_64) (Macmini5%2C1)" 1104 0.020 api.oznext.com unix:/var/wizard/pscom_oz/sockets/unicorn.sock/v1.0/catalogs/1f481ad5f26d4d85ab546223da4fe498/updates 200 0.020 190 - - 5f946127038f75b93e72bf3234bfb03c -
- - - [08/Mar/2013:04:18:03 -0800] GET /v1.0/version HTTP/1.1 "200" 68 "-" "ELB-HealthChecker/1.0" 126 0.003 10.249.20.248:80 unix:/var/wizard/pscom_oz/sockets/unicorn.sock/v1.0/version 200 0.003 68 - - 33efcc2e252fddcb789a4ac55737c32d -
- - - [08/Mar/2013:04:18:09 -0800] GET /v1.0/version HTTP/1.1 "200" 68 "-" "ELB-HealthChecker/1.0" 126 0.003 10.249.20.248:80 unix:/var/wizard/pscom_oz/sockets/unicorn.sock/v1.0/version 200 0.003 68 - - b2750aa055ea6f5ff78d80128849180f -
61.246.216.100 - 991cf2a40842f348d4036e7612f19fe4 [08/Mar/2013:04:18:12 -0800] GET /v1.0/catalogs/7187f7784d294f8f89888a3b453514d0 HTTP/1.1 "200" 467 "-" "Revel/1.10 CFNetwork/609.1.4 Darwin/11.4.0" 1017 0.017 api.oznext.com unix:/var/wizard/pscom_oz/sockets/unicorn.sock/v1.0/catalogs/7187f7784d294f8f89888a3b453514d0 200 0.017 1325 - - 213828ef60e798cd51f964cab344ac28 -
61.246.216.100 - 991cf2a40842f348d4036e7612f19fe4 [08/Mar/2013:04:18:12 -0800] GET /v1.0/catalogs/7187f7784d294f8f89888a3b453514d0/users HTTP/1.1 "200" 407 "-" "Revel/1.10 CFNetwork/609.1.4 Darwin/11.4.0" 1023 0.021 api.oznext.com unix:/var/wizard/pscom_oz/sockets/unicorn.sock/v1.0/catalogs/7187f7784d294f8f89888a3b453514d0/users 200 0.021 407 - - 6da2d03d078884d7a656eacc9732f94c -
61.246.216.100 - 991cf2a40842f348d4036e7612f19fe4 [08/Mar/2013:04:18:12 -0800] GET /v1.0/catalogs/7187f7784d294f8f89888a3b453514d0/updates?updated_since=2013-03-01T05%3A25%3A26.570887Z HTTP/1.1 "200" 190 "-" "Revel/1.10 CFNetwork/609.1.4 Darwin/11.4.0" 1071 0.022 api.oznext.com unix:/var/wizard/pscom_oz/sockets/unicorn.sock/v1.0/catalogs/7187f7784d294f8f89888a3b453514d0/updates 200 0.022 190 - - 0a361bce68e2cab8c4a25336cfa73a9e -
- - - [08/Mar/2013:04:18:15 -0800] GET /v1.0/version HTTP/1.1 "200" 68 "-" "ELB-HealthChecker/1.0" 126 0.003 10.249.20.248:80 unix:/var/wizard/pscom_oz/sockets/unicorn.sock/v1.0/version 200 0.003 68 - - 3cbf93690bb6154c9719253ae68aa8c6 -
- - - [08/Mar/2013:04:18:20 -0800] - "400" 0 "-" "-" 0 0.000 - -- - - - - - - -
- - - [08/Mar/2013:04:18:21 -0800] GET /v1.0/version HTTP/1.1 "200" 68 "-" "ELB-HealthChecker/1.0" 126 0.004 10.249.20.248:80 unix:/var/wizard/pscom_oz/sockets/unicorn.sock/v1.0/version 200 0.004 68 - - b0ee42f70948a93375bc8b1c574fca00 -
- - - [08/Mar/2013:04:18:27 -0800] GET /v1.0/version HTTP/1.1 "200" 68 "-" "ELB-HealthChecker/1.0" 126 0.003 10.249.20.248:80 unix:/var/wizard/pscom_oz/sockets/unicorn.sock/v1.0/version 200 0.003 68 - - 2a8ee0e727c5cdbaadc36fe6f8bc707a -
192.150.10.200 - 0af56c0e2b3a4e90b8b303b57ceba27a [08/Mar/2013:04:18:30 -0800] GET /v1.0/catalogs/1f481ad5f26d4d85ab546223da4fe498 HTTP/1.1 "200" 454 "-" "Adobe%20Revel/1.10 CFNetwork/596.0.1 Darwin/12.0.0 (x86_64) (Macmini5%2C1)" 1050 0.016 api.oznext.com unix:/var/wizard/pscom_oz/sockets/unicorn.sock/v1.0/catalogs/1f481ad5f26d4d85ab546223da4fe498 200 0.016 1310 - - a55aeeb0c3455628f718f4a4f62878c8 -
192.150.10.200 - 0af56c0e2b3a4e90b8b303b57ceba27a [08/Mar/2013:04:18:30 -0800] GET /v1.0/catalogs/1f481ad5f26d4d85ab546223da4fe498/users HTTP/1.1 "200" 387 "-" "Adobe%20Revel/1.10 CFNetwork/596.0.1 Darwin/12.0.0 (x86_64) (Macmini5%2C1)" 1056 0.022 api.oznext.com unix:/var/wizard/pscom_oz/sockets/unicorn.sock/v1.0/catalogs/1f481ad5f26d4d85ab546223da4fe498/users 200 0.022 387 - - e627085fd079a5cc679ad634038f8b24 -
192.150.10.200 - 0af56c0e2b3a4e90b8b303b57ceba27a [08/Mar/2013:04:18:30 -0800] GET /v1.0/catalogs/1f481ad5f26d4d85ab546223da4fe498/updates?updated_since=2013-03-07T22%3A26%3A02.115345Z HTTP/1.1 "200" 190 "-" "Adobe%20Revel/1.10 CFNetwork/596.0.1 Darwin/12.0.0 (x86_64) (Macmini5%2C1)" 1104 0.019 api.oznext.com unix:/var/wizard/pscom_oz/sockets/unicorn.sock/v1.0/catalogs/1f481ad5f26d4d85ab546223da4fe498/updates 200 0.019 190 - - 03e3c99646187b777b9ab80fc483e88c -
192.150.10.200 - e742d19696e37565da8011b6f36f1eae [08/Mar/2013:04:18:31 -0800] GET /v1.0/catalogs HTTP/1.1 "200" 1090 "-" "Tornado-Cached(42;Apple;iPhone Simulator;iOS;6.1)" 970 0.014 api.oznext.com unix:/var/wizard/pscom_oz/sockets/unicorn.sock/v1.0/catalogs 200 0.014 5918 - - 17d8f1de9926d58587cacd9789a41fab -
192.150.10.200 - e742d19696e37565da8011b6f36f1eae [08/Mar/2013:04:18:31 -0800] GET /v1.0/catalogs?role=user HTTP/1.1 "200" 900 "-" "Tornado-Cached(42;Apple;iPhone Simulator;iOS;6.1)" 980 0.012 api.oznext.com unix:/var/wizard/pscom_oz/sockets/unicorn.sock/v1.0/catalogs 200 0.012 3324 - - b9698c02de3daed989667d056f261c98 -
- - - [08/Mar/2013:04:18:33 -0800] GET /v1.0/version HTTP/1.1 "200" 68 "-" "ELB-HealthChecker/1.0" 126 0.003 10.249.20.248:80 unix:/var/wizard/pscom_oz/sockets/unicorn.sock/v1.0/version 200 0.003 68 - - d32d8b5e3821462947de9241ceab3361 -
- - - [08/Mar/2013:04:18:38 -0800] - "400" 0 "-" "-" 0 0.000 - -- - - - - - - -
- - - [08/Mar/2013:04:18:38 -0800] - "400" 0 "-" "-" 0 0.000 - -- - - - - - - -
- - - [08/Mar/2013:04:18:38 -0800] - "400" 0 "-" "-" 0 0.000 - -- - - - - - - -
192.150.10.200 - 0af56c0e2b3a4e90b8b303b57ceba27a [08/Mar/2013:04:18:39 -0800] GET /v1.0/accounts/0af56c0e2b3a4e90b8b303b57ceba27a HTTP/1.1 "200" 992 "-" "Adobe%20Revel/1.10 CFNetwork/596.0.1 Darwin/12.0.0 (x86_64) (Macmini5%2C1)" 1050 0.020 api.oznext.com unix:/var/wizard/pscom_oz/sockets/unicorn.sock/v1.0/accounts/0af56c0e2b3a4e90b8b303b57ceba27a 200 0.020 992 - - 334b9dc2927a0855ad82d612c9a74986 -
- - - [08/Mar/2013:04:18:39 -0800] GET /v1.0/version HTTP/1.1 "200" 68 "-" "ELB-HealthChecker/1.0" 126 0.048 10.249.20.248:80 unix:/var/wizard/pscom_oz/sockets/unicorn.sock/v1.0/version 200 0.048 68 - - bd5139765d439acab23410061e58528a -
- - - [08/Mar/2013:04:18:40 -0800] - "400" 0 "-" "-" 0 0.000 - -- - - - - - - -
- - - [08/Mar/2013:04:18:40 -0800] - "400" 0 "-" "-" 0 0.000 - -- - - - - - - -
- - - [08/Mar/2013:04:18:40 -0800] - "400" 0 "-" "-" 0 0.000 - -- - - - - - - -
- - - [08/Mar/2013:04:18:41 -0800] - "400" 0 "-" "-" 0 0.000 - -- - - - - - - -
61.246.216.100 - 991cf2a40842f348d4036e7612f19fe4 [08/Mar/2013:04:18:42 -0800] GET /v1.0/accounts/991cf2a40842f348d4036e7612f19fe4 HTTP/1.1 "200" 873 "-" "Revel/1.10 CFNetwork/609.1.4 Darwin/11.4.0" 1017 0.021 api.oznext.com unix:/var/wizard/pscom_oz/sockets/unicorn.sock/v1.0/accounts/991cf2a40842f348d4036e7612f19fe4 200 0.021 873 - - 747a5ca75ec3ea8b04e16e17042634ec -
- - - [08/Mar/2013:04:18:42 -0800] - "400" 0 "-" "-" 0 0.000 - -- - - - - - - -
- - - [08/Mar/2013:04:18:42 -0800] - "400" 0 "-" "-" 0 0.000 - -- - - - - - - -
61.246.216.100 - 991cf2a40842f348d4036e7612f19fe4 [08/Mar/2013:04:18:42 -0800] GET /v1.0/catalogs/7187f7784d294f8f89888a3b453514d0 HTTP/1.1 "200" 467 "-" "Revel/1.10 CFNetwork/609.1.4 Darwin/11.4.0" 1017 0.016 api.oznext.com unix:/var/wizard/pscom_oz/sockets/unicorn.sock/v1.0/catalogs/7187f7784d294f8f89888a3b453514d0 200 0.016 1325 - - 19d33932688a0f8620c0a6e9fdec810d -
61.246.216.100 - 991cf2a40842f348d4036e7612f19fe4 [08/Mar/2013:04:18:43 -0800] GET /v1.0/catalogs HTTP/1.1 "200" 499 "-" "Revel/1.10 CFNetwork/609.1.4 Darwin/11.4.0" 984 0.012 api.oznext.com unix:/var/wizard/pscom_oz/sockets/unicorn.sock/v1.0/catalogs 200 0.012 1414 - - 9b5d151061bc6c1b6197d3853780b3b5 -
61.246.216.100 - 991cf2a40842f348d4036e7612f19fe4 [08/Mar/2013:04:18:43 -0800] GET /v1.0/catalogs?role=user HTTP/1.1 "200" 135 "-" "Revel/1.10 CFNetwork/609.1.4 Darwin/11.4.0" 994 0.011 api.oznext.com unix:/var/wizard/pscom_oz/sockets/unicorn.sock/v1.0/catalogs 200 0.011 135 - - 3a07ce5703cbc21443c5c1a55f4e6ace -
61.246.216.100 - 991cf2a40842f348d4036e7612f19fe4 [08/Mar/2013:04:18:43 -0800] GET /v1.0/catalogs/7187f7784d294f8f89888a3b453514d0/users HTTP/1.1 "200" 407 "-" "Revel/1.10 CFNetwork/609.1.4 Darwin/11.4.0" 1023 0.020 api.oznext.com unix:/var/wizard/pscom_oz/sockets/unicorn.sock/v1.0/catalogs/7187f7784d294f8f89888a3b453514d0/users 200 0.020 407 - - f6d1a921a0a31712d8787a59f55f5954 -
192.150.10.200 - 0af56c0e2b3a4e90b8b303b57ceba27a [08/Mar/2013:04:18:43 -0800] GET /v1.0/catalogs HTTP/1.1 "200" 602 "-" "Adobe%20Revel/1.10 CFNetwork/596.0.1 Darwin/12.0.0 (x86_64) (Macmini5%2C1)" 1017 0.011 api.oznext.com unix:/var/wizard/pscom_oz/sockets/unicorn.sock/v1.0/catalogs 200 0.011 2661 - - 2c3de7577592667d094e2cad4df2f4ba -
192.150.10.200 - 0af56c0e2b3a4e90b8b303b57ceba27a [08/Mar/2013:04:18:43 -0800] GET /v1.0/catalogs?role=user HTTP/1.1 "200" 135 "-" "Adobe%20Revel/1.10 CFNetwork/596.0.1 Darwin/12.0.0 (x86_64) (Macmini5%2C1)" 1027 0.009 api.oznext.com unix:/var/wizard/pscom_oz/sockets/unicorn.sock/v1.0/catalogs 200 0.009 135 - - 6373a1f76e7573dc207e847d04251ff0 -
61.246.216.100 - 991cf2a40842f348d4036e7612f19fe4 [08/Mar/2013:04:18:43 -0800] GET /v1.0/catalogs/7187f7784d294f8f89888a3b453514d0/updates?updated_since=2013-03-01T05%3A25%3A26.570887Z HTTP/1.1 "200" 190 "-" "Revel/1.10 CFNetwork/609.1.4 Darwin/11.4.0" 1071 0.018 api.oznext.com unix:/var/wizard/pscom_oz/sockets/unicorn.sock/v1.0/catalogs/7187f7784d294f8f89888a3b453514d0/updates 200 0.018 190 - - 12932838404da78b4f5dc82ad426a3a8 -
- - - [08/Mar/2013:04:18:45 -0800] GET /v1.0/version HTTP/1.1 "200" 68 "-" "ELB-HealthChecker/1.0" 126 0.004 10.249.20.248:80 unix:/var/wizard/pscom_oz/sockets/unicorn.sock/v1.0/version 200 0.004 68 - - 0fafc5b3919d7ac8642b7e10734a5fd4 -
61.246.216.100 - e93e91498643708abf181fcdffbeca50 [08/Mar/2013:04:18:48 -0800] GET /v1.0/catalogs HTTP/1.1 "200" 493 "-" "Revel/1.10 CFNetwork/609.1.4 Darwin/11.4.2" 984 0.012 api.oznext.com unix:/var/wizard/pscom_oz/sockets/unicorn.sock/v1.0/catalogs 200 0.012 1408 - - 495990279d1827a8d52c30a90f6252e6 -
61.246.216.100 - e93e91498643708abf181fcdffbeca50 [08/Mar/2013:04:18:48 -0800] GET /v1.0/catalogs?role=user HTTP/1.1 "200" 135 "-" "Revel/1.10 CFNetwork/609.1.4 Darwin/11.4.2" 994 0.010 api.oznext.com unix:/var/wizard/pscom_oz/sockets/unicorn.sock/v1.0/catalogs 200 0.010 135 - - a463d7a95e8d8e7f3780014d3cb25f45 -
- - - [08/Mar/2013:04:18:50 -0800] - "400" 0 "-" "-" 0 0.000 - -- - - - - - - -
- - - [08/Mar/2013:04:18:51 -0800] GET /v1.0/version HTTP/1.1 "200" 68 "-" "ELB-HealthChecker/1.0" 126 0.003 10.249.20.248:80 unix:/var/wizard/pscom_oz/sockets/unicorn.sock/v1.0/version 200 0.003 68 - - 59fdb552d719cb8a7838cf8e5cebb664 -
- - - [08/Mar/2013:04:18:57 -0800] GET /v1.0/version HTTP/1.1 "200" 68 "-" "ELB-HealthChecker/1.0" 126 0.003 10.249.20.248:80 unix:/var/wizard/pscom_oz/sockets/unicorn.sock/v1.0/version 200 0.003 68 - - a3474204a868ffc9bed4a722db79a0d1 -
- - - [08/Mar/2013:04:18:59 -0800] - "400" 0 "-" "-" 0 0.000 - -- - - - - - - -
192.150.10.200 - 0af56c0e2b3a4e90b8b303b57ceba27a [08/Mar/2013:04:19:00 -0800] GET /v1.0/catalogs/1f481ad5f26d4d85ab546223da4fe498 HTTP/1.1 "200" 454 "-" "Adobe%20Revel/1.10 CFNetwork/596.0.1 Darwin/12.0.0 (x86_64) (Macmini5%2C1)" 1050 0.017 api.oznext.com unix:/var/wizard/pscom_oz/sockets/unicorn.sock/v1.0/catalogs/1f481ad5f26d4d85ab546223da4fe498 200 0.017 1310 - - 3b611e46436f240e005584ebc388dca7 -
192.150.10.200 - 0af56c0e2b3a4e90b8b303b57ceba27a [08/Mar/2013:04:19:01 -0800] GET /v1.0/catalogs/1f481ad5f26d4d85ab546223da4fe498/users HTTP/1.1 "200" 387 "-" "Adobe%20Revel/1.10 CFNetwork/596.0.1 Darwin/12.0.0 (x86_64) (Macmini5%2C1)" 1056 0.021 api.oznext.com unix:/var/wizard/pscom_oz/sockets/unicorn.sock/v1.0/catalogs/1f481ad5f26d4d85ab546223da4fe498/users 200 0.021 387 - - 62cfbe4a17d2317d8e73a326b1686859 -
192.150.10.200 - 0af56c0e2b3a4e90b8b303b57ceba27a [08/Mar/2013:04:19:01 -0800] GET /v1.0/catalogs/1f481ad5f26d4d85ab546223da4fe498/updates?updated_since=2013-03-07T22%3A26%3A02.115345Z HTTP/1.1 "200" 190 "-" "Adobe%20Revel/1.10 CFNetwork/596.0.1 Darwin/12.0.0 (x86_64) (Macmini5%2C1)" 1104 0.023 api.oznext.com unix:/var/wizard/pscom_oz/sockets/unicorn.sock/v1.0/catalogs/1f481ad5f26d4d85ab546223da4fe498/updates 200 0.023 190 - - 5c72d8decea819fa390a5b373b6190f5 -
- - - [08/Mar/2013:04:19:03 -0800] GET /v1.0/version HTTP/1.1 "200" 68 "-" "ELB-HealthChecker/1.0" 126 0.003 10.249.20.248:80 unix:/var/wizard/pscom_oz/sockets/unicorn.sock/v1.0/version 200 0.003 68 - - aa117fa6b8020e4a519c6d8638c76fa2 -
50.18.178.173 - - [08/Mar/2013:04:19:04 -0800] GET /v1.0/version HTTP/1.1 "200" 68 "-" "check_http/v1.4.15 (nagios-plugins 1.4.15)" 213 0.003 api.oznext.com unix:/var/wizard/pscom_oz/sockets/unicorn.sock/v1.0/version 200 0.003 68 - - 8974a8b223f4071691ec3cb8daff1296 -
50.18.178.173 - - [08/Mar/2013:04:19:05 -0800] GET /v1.0/version HTTP/1.1 "200" 68 "-" "check_http/v1.4.15 (nagios-plugins 1.4.15)" 213 0.003 api.oznext.com unix:/var/wizard/pscom_oz/sockets/unicorn.sock/v1.0/version 200 0.003 68 - - 7f30dfd4392026f800b40d934062b1cd -
- - - [08/Mar/2013:04:19:09 -0800] GET /v1.0/version HTTP/1.1 "200" 68 "-" "ELB-HealthChecker/1.0" 126 0.003 10.249.20.248:80 unix:/var/wizard/pscom_oz/sockets/unicorn.sock/v1.0/version 200 0.003 68 - - b7b41625c7afd4e6f53e88d435b59beb -
61.246.216.100 - 991cf2a40842f348d4036e7612f19fe4 [08/Mar/2013:04:19:13 -0800] GET /v1.0/catalogs/7187f7784d294f8f89888a3b453514d0 HTTP/1.1 "200" 467 "-" "Revel/1.10 CFNetwork/609.1.4 Darwin/11.4.0" 1017 0.018 api.oznext.com unix:/var/wizard/pscom_oz/sockets/unicorn.sock/v1.0/catalogs/7187f7784d294f8f89888a3b453514d0 200 0.018 1325 - - 41b3b3622ce42e11067aeb0a83c5ae3e -
61.246.216.100 - 991cf2a40842f348d4036e7612f19fe4 [08/Mar/2013:04:19:14 -0800] GET /v1.0/catalogs/7187f7784d294f8f89888a3b453514d0/users HTTP/1.1 "200" 407 "-" "Revel/1.10 CFNetwork/609.1.4 Darwin/11.4.0" 1023 0.020 api.oznext.com unix:/var/wizard/pscom_oz/sockets/unicorn.sock/v1.0/catalogs/7187f7784d294f8f89888a3b453514d0/users 200 0.020 407 - - 703a2d63fa608957e69a04067ef2d857 -
61.246.216.100 - 991cf2a40842f348d4036e7612f19fe4 [08/Mar/2013:04:19:14 -0800] GET /v1.0/catalogs/7187f7784d294f8f89888a3b453514d0/updates?updated_since=2013-03-01T05%3A25%3A26.570887Z HTTP/1.1 "200" 190 "-" "Revel/1.10 CFNetwork/609.1.4 Darwin/11.4.0" 1071 0.019 api.oznext.com unix:/var/wizard/pscom_oz/sockets/unicorn.sock/v1.0/catalogs/7187f7784d294f8f89888a3b453514d0/updates 200 0.019 190 - - e9a7d11a647278495250603c1a1d77e2 -
- - - [08/Mar/2013:04:19:15 -0800] GET /v1.0/version HTTP/1.1 "200" 68 "-" "ELB-HealthChecker/1.0" 126 0.003 10.249.20.248:80 unix:/var/wizard/pscom_oz/sockets/unicorn.sock/v1.0/version 200 0.003 68 - - fd52d83fe6f8686d5879fca3f1b4eeb9 -
- - - [08/Mar/2013:04:19:20 -0800] - "400" 0 "-" "-" 0 0.000 - -- - - - - - - -
- - - [08/Mar/2013:04:19:21 -0800] GET /v1.0/version HTTP/1.1 "200" 68 "-" "ELB-HealthChecker/1.0" 126 0.003 10.249.20.248:80 unix:/var/wizard/pscom_oz/sockets/unicorn.sock/v1.0/version 200 0.003 68 - - 9a70df51a9d8fb6e513e76cab59ac4b3 -
- - - [08/Mar/2013:04:19:27 -0800] GET /v1.0/version HTTP/1.1 "200" 68 "-" "ELB-HealthChecker/1.0" 126 0.003 10.249.20.248:80 unix:/var/wizard/pscom_oz/sockets/unicorn.sock/v1.0/version 200 0.003 68 - - 0049aabbae6814f6c447f711f94e1020 -
- - - [08/Mar/2013:04:19:30 -0800] - "400" 0 "-" "-" 0 0.000 - -- - - - - - - -
192.150.10.200 - 0af56c0e2b3a4e90b8b303b57ceba27a [08/Mar/2013:04:19:31 -0800] GET /v1.0/catalogs/1f481ad5f26d4d85ab546223da4fe498 HTTP/1.1 "200" 454 "-" "Adobe%20Revel/1.10 CFNetwork/596.0.1 Darwin/12.0.0 (x86_64) (Macmini5%2C1)" 1050 0.068 api.oznext.com unix:/var/wizard/pscom_oz/sockets/unicorn.sock/v1.0/catalogs/1f481ad5f26d4d85ab546223da4fe498 200 0.068 1310 - - c2312343f47a99fba1c9195d066d64db -
192.150.10.200 - 0af56c0e2b3a4e90b8b303b57ceba27a [08/Mar/2013:04:19:31 -0800] GET /v1.0/catalogs/1f481ad5f26d4d85ab546223da4fe498/users HTTP/1.1 "200" 387 "-" "Adobe%20Revel/1.10 CFNetwork/596.0.1 Darwin/12.0.0 (x86_64) (Macmini5%2C1)" 1056 0.019 api.oznext.com unix:/var/wizard/pscom_oz/sockets/unicorn.sock/v1.0/catalogs/1f481ad5f26d4d85ab546223da4fe498/users 200 0.019 387 - - 69b03e3acc4ab7f9a466c8d892dd456d -
192.150.10.200 - 0af56c0e2b3a4e90b8b303b57ceba27a [08/Mar/2013:04:19:31 -0800] GET /v1.0/catalogs/1f481ad5f26d4d85ab546223da4fe498/updates?updated_since=2013-03-07T22%3A26%3A02.115345Z HTTP/1.1 "200" 190 "-" "Adobe%20Revel/1.10 CFNetwork/596.0.1 Darwin/12.0.0 (x86_64) (Macmini5%2C1)" 1104 0.020 api.oznext.com unix:/var/wizard/pscom_oz/sockets/unicorn.sock/v1.0/catalogs/1f481ad5f26d4d85ab546223da4fe498/updates 200 0.020 190 - - 170587049c350b82b13d9b7507e4a188 -
- - - [08/Mar/2013:04:19:33 -0800] GET /v1.0/version HTTP/1.1 "200" 68 "-" "ELB-HealthChecker/1.0" 126 0.003 10.249.20.248:80 unix:/var/wizard/pscom_oz/sockets/unicorn.sock/v1.0/version 200 0.003 68 - - b80811f452c8050bed9f64bb27f91ce6 -
- - - [08/Mar/2013:04:19:38 -0800] - "400" 0 "-" "-" 0 0.000 - -- - - - - - - -
192.150.10.200 - 0af56c0e2b3a4e90b8b303b57ceba27a [08/Mar/2013:04:19:39 -0800] GET /v1.0/accounts/0af56c0e2b3a4e90b8b303b57ceba27a HTTP/1.1 "200" 992 "-" "Adobe%20Revel/1.10 CFNetwork/596.0.1 Darwin/12.0.0 (x86_64) (Macmini5%2C1)" 1050 0.020 api.oznext.com unix:/var/wizard/pscom_oz/sockets/unicorn.sock/v1.0/accounts/0af56c0e2b3a4e90b8b303b57ceba27a 200 0.020 992 - - d82802f1838e9737c9a5bc528edf920e -
192.150.10.200 - 0af56c0e2b3a4e90b8b303b57ceba27a [08/Mar/2013:04:19:39 -0800] GET /v1.0/catalogs HTTP/1.1 "200" 602 "-" "Adobe%20Revel/1.10 CFNetwork/596.0.1 Darwin/12.0.0 (x86_64) (Macmini5%2C1)" 1017 0.012 api.oznext.com unix:/var/wizard/pscom_oz/sockets/unicorn.sock/v1.0/catalogs 200 0.012 2661 - - 44f05f1e624aef47ec569ee837c10291 -
192.150.10.200 - 0af56c0e2b3a4e90b8b303b57ceba27a [08/Mar/2013:04:19:39 -0800] GET /v1.0/catalogs?role=user HTTP/1.1 "200" 135 "-" "Adobe%20Revel/1.10 CFNetwork/596.0.1 Darwin/12.0.0 (x86_64) (Macmini5%2C1)" 1027 0.013 api.oznext.com unix:/var/wizard/pscom_oz/sockets/unicorn.sock/v1.0/catalogs 200 0.013 135 - - 767450d199a9686bbe674825ea399c5f -
- - - [08/Mar/2013:04:19:39 -0800] GET /v1.0/version HTTP/1.1 "200" 68 "-" "ELB-HealthChecker/1.0" 126 0.003 10.249.20.248:80 unix:/var/wizard/pscom_oz/sockets/unicorn.sock/v1.0/version 200 0.003 68 - - 8f80bbbd559aaf00c8b297d2a33ef4cd -
- - - [08/Mar/2013:04:19:41 -0800] - "400" 0 "-" "-" 0 0.000 - -- - - - - - - -
61.246.216.100 - 991cf2a40842f348d4036e7612f19fe4 [08/Mar/2013:04:19:42 -0800] GET /v1.0/accounts/991cf2a40842f348d4036e7612f19fe4 HTTP/1.1 "200" 873 "-" "Revel/1.10 CFNetwork/609.1.4 Darwin/11.4.0" 1017 0.024 api.oznext.com unix:/var/wizard/pscom_oz/sockets/unicorn.sock/v1.0/accounts/991cf2a40842f348d4036e7612f19fe4 200 0.024 873 - - ac9732ebd924ee39bfa2556a45bc5102 -
- - - [08/Mar/2013:04:19:42 -0800] - "400" 0 "-" "-" 0 0.000 - -- - - - - - - -
- - - [08/Mar/2013:04:19:42 -0800] - "400" 0 "-" "-" 0 0.000 - -- - - - - - - -
- - - [08/Mar/2013:04:19:42 -0800] - "400" 0 "-" "-" 0 0.000 - -- - - - - - - -
- - - [08/Mar/2013:04:19:42 -0800] - "400" 0 "-" "-" 0 0.000 - -- - - - - - - -
- - - [08/Mar/2013:04:19:42 -0800] - "400" 0 "-" "-" 0 0.000 - -- - - - - - - -
61.246.216.100 - 991cf2a40842f348d4036e7612f19fe4 [08/Mar/2013:04:19:43 -0800] GET /v1.0/catalogs?role=user HTTP/1.1 "200" 135 "-" "Revel/1.10 CFNetwork/609.1.4 Darwin/11.4.0" 994 0.010 api.oznext.com unix:/var/wizard/pscom_oz/sockets/unicorn.sock/v1.0/catalogs 200 0.010 135 - - 9dc5f4b5cf2baba5a08108ff23ae17de -
61.246.216.100 - 991cf2a40842f348d4036e7612f19fe4 [08/Mar/2013:04:19:43 -0800] GET /v1.0/catalogs HTTP/1.1 "200" 499 "-" "Revel/1.10 CFNetwork/609.1.4 Darwin/11.4.0" 984 0.010 api.oznext.com unix:/var/wizard/pscom_oz/sockets/unicorn.sock/v1.0/catalogs 200 0.010 1414 - - b5cbf12743edc40044d6c8b54e9f777c -
61.246.216.100 - 991cf2a40842f348d4036e7612f19fe4 [08/Mar/2013:04:19:44 -0800] GET /v1.0/catalogs/7187f7784d294f8f89888a3b453514d0 HTTP/1.1 "200" 467 "-" "Revel/1.10 CFNetwork/609.1.4 Darwin/11.4.0" 1017 0.017 api.oznext.com unix:/var/wizard/pscom_oz/sockets/unicorn.sock/v1.0/catalogs/7187f7784d294f8f89888a3b453514d0 200 0.017 1325 - - 8645ab0ac46534ae71643a3b9f5ff361 -
61.246.216.100 - 991cf2a40842f348d4036e7612f19fe4 [08/Mar/2013:04:19:44 -0800] GET /v1.0/catalogs/7187f7784d294f8f89888a3b453514d0/users HTTP/1.1 "200" 407 "-" "Revel/1.10 CFNetwork/609.1.4 Darwin/11.4.0" 1023 0.020 api.oznext.com unix:/var/wizard/pscom_oz/sockets/unicorn.sock/v1.0/catalogs/7187f7784d294f8f89888a3b453514d0/users 200 0.020 407 - - 5ef6fd6cbfa4dae15be09bd4ca5df310 -
61.246.216.100 - 991cf2a40842f348d4036e7612f19fe4 [08/Mar/2013:04:19:45 -0800] GET /v1.0/catalogs/7187f7784d294f8f89888a3b453514d0/updates?updated_since=2013-03-01T05%3A25%3A26.570887Z HTTP/1.1 "200" 190 "-" "Revel/1.10 CFNetwork/609.1.4 Darwin/11.4.0" 1071 0.020 api.oznext.com unix:/var/wizard/pscom_oz/sockets/unicorn.sock/v1.0/catalogs/7187f7784d294f8f89888a3b453514d0/updates 200 0.020 190 - - 64b3b3de5100a28434827c5f2cc933e5 -
- - - [08/Mar/2013:04:19:45 -0800] GET /v1.0/version HTTP/1.1 "200" 68 "-" "ELB-HealthChecker/1.0" 126 0.003 10.249.20.248:80 unix:/var/wizard/pscom_oz/sockets/unicorn.sock/v1.0/version 200 0.003 68 - - 3b03ebdac82112c34fc4dfde5f7a18be -
- - - [08/Mar/2013:04:19:47 -0800] - "400" 0 "-" "-" 0 0.000 - -- - - - - - - -
- - - [08/Mar/2013:04:19:50 -0800] - "400" 0 "-" "-" 0 0.000 - -- - - - - - - -
- - - [08/Mar/2013:04:19:51 -0800] GET /v1.0/version HTTP/1.1 "200" 68 "-" "ELB-HealthChecker/1.0" 126 0.004 10.249.20.248:80 unix:/var/wizard/pscom_oz/sockets/unicorn.sock/v1.0/version 200 0.004 68 - - 5b924f2182367fe987b390277a1bb41d -
- - - [08/Mar/2013:04:19:57 -0800] GET /v1.0/version HTTP/1.1 "200" 68 "-" "ELB-HealthChecker/1.0" 126 0.003 10.249.20.248:80 unix:/var/wizard/pscom_oz/sockets/unicorn.sock/v1.0/version 200 0.003 68 - - b1e5db8ca84705408570033ddcdc20cf -
192.150.10.200 - 0af56c0e2b3a4e90b8b303b57ceba27a [08/Mar/2013:04:20:01 -0800] GET /v1.0/catalogs/1f481ad5f26d4d85ab546223da4fe498 HTTP/1.1 "200" 454 "-" "Adobe%20Revel/1.10 CFNetwork/596.0.1 Darwin/12.0.0 (x86_64) (Macmini5%2C1)" 1050 0.019 api.oznext.com unix:/var/wizard/pscom_oz/sockets/unicorn.sock/v1.0/catalogs/1f481ad5f26d4d85ab546223da4fe498 200 0.019 1310 - - df46babb25449b15ee494dfa0f630a01 -
192.150.10.200 - 0af56c0e2b3a4e90b8b303b57ceba27a [08/Mar/2013:04:20:01 -0800] GET /v1.0/catalogs/1f481ad5f26d4d85ab546223da4fe498/users HTTP/1.1 "200" 387 "-" "Adobe%20Revel/1.10 CFNetwork/596.0.1 Darwin/12.0.0 (x86_64) (Macmini5%2C1)" 1056 0.030 api.oznext.com unix:/var/wizard/pscom_oz/sockets/unicorn.sock/v1.0/catalogs/1f481ad5f26d4d85ab546223da4fe498/users 200 0.030 387 - - 921eaecd5bfa0b8002dd47a77009cbb4 -
192.150.10.200 - 0af56c0e2b3a4e90b8b303b57ceba27a [08/Mar/2013:04:20:01 -0800] GET /v1.0/catalogs/1f481ad5f26d4d85ab546223da4fe498/updates?updated_since=2013-03-07T22%3A26%3A02.115345Z HTTP/1.1 "200" 190 "-" "Adobe%20Revel/1.10 CFNetwork/596.0.1 Darwin/12.0.0 (x86_64) (Macmini5%2C1)" 1104 0.025 api.oznext.com unix:/var/wizard/pscom_oz/sockets/unicorn.sock/v1.0/catalogs/1f481ad5f26d4d85ab546223da4fe498/updates 200 0.025 190 - - 82652beb36024327fb7b0be01e23e582 -
- - - [08/Mar/2013:04:20:03 -0800] GET /v1.0/version HTTP/1.1 "200" 68 "-" "ELB-HealthChecker/1.0" 126 0.003 10.249.20.248:80 unix:/var/wizard/pscom_oz/sockets/unicorn.sock/v1.0/version 200 0.003 68 - - 1edf6918d3a733c5b9d95f7a3f1d98af -
50.18.173.36 - 8879ba3e232743f39dbb086ec487b853 [08/Mar/2013:04:20:04 -0800] GET /v1.0/accounts/00000000000000000000000000000000 HTTP/1.1 "200" 785 "-" "QE-Acceptance-Tests" 1021 0.485 api.oznext.com unix:/var/wizard/pscom_oz/sockets/unicorn.sock/v1.0/accounts/00000000000000000000000000000000 200 0.485 785 - - 8a5772d50a31aec2d562eb94f42a67dd -
50.18.178.173 - - [08/Mar/2013:04:20:04 -0800] GET /v1.0/version HTTP/1.1 "200" 68 "-" "check_http/v1.4.15 (nagios-plugins 1.4.15)" 213 0.003 api.oznext.com unix:/var/wizard/pscom_oz/sockets/unicorn.sock/v1.0/version 200 0.003 68 - - 3fb4058ca29722e4891d1705ba3f6031 -
50.18.173.36 - 8879ba3e232743f39dbb086ec487b853 [08/Mar/2013:04:20:05 -0800] PUT /v1.0/catalogs/69ae0400098b434e5ed839893fd30ea3 HTTP/1.1 "201" 0 "-" "QE-Acceptance-Tests" 1094 0.017 api.oznext.com unix:/var/wizard/pscom_oz/sockets/unicorn.sock/v1.0/catalogs/69ae0400098b434e5ed839893fd30ea3 201 0.017 0 - - 553b99366eb3a00926bb151aef45ad0a -
50.18.173.36 - 8879ba3e232743f39dbb086ec487b853 [08/Mar/2013:04:20:05 -0800] PUT /v1.0/catalogs/69ae0400098b434e5ed839893fd30ea3/albums/68c140816c5a2d4579dab4f521d0a597 HTTP/1.1 "201" 0 "-" "QE-Acceptance-Tests" 1132 0.054 api.oznext.com unix:/var/wizard/pscom_oz/sockets/unicorn.sock/v1.0/catalogs/69ae0400098b434e5ed839893fd30ea3/albums/68c140816c5a2d4579dab4f521d0a597 201 0.054 0 - - b4b6830bd9219a15bb4149888086c3c7 -
50.18.173.36 - 8879ba3e232743f39dbb086ec487b853 [08/Mar/2013:04:20:05 -0800] GET /v1.0/catalogs/69ae0400098b434e5ed839893fd30ea3/albums/68c140816c5a2d4579dab4f521d0a597 HTTP/1.1 "200" 625 "-" "QE-Acceptance-Tests" 1061 0.015 api.oznext.com unix:/var/wizard/pscom_oz/sockets/unicorn.sock/v1.0/catalogs/69ae0400098b434e5ed839893fd30ea3/albums/68c140816c5a2d4579dab4f521d0a597 200 0.015 625 - - 9d8e1e03efedfc0fa848f3eb29a8fdc6 -
50.18.173.36 - 8879ba3e232743f39dbb086ec487b853 [08/Mar/2013:04:20:05 -0800] GET /v1.0/catalogs/2e8c10fbf71348c49f79f3272c90a7c0/albums HTTP/1.1 "200" 58824 "-" "QE-Acceptance-Tests" 1028 0.091 api.oznext.com unix:/var/wizard/pscom_oz/sockets/unicorn.sock/v1.0/catalogs/2e8c10fbf71348c49f79f3272c90a7c0/albums 200 0.089 58824 - - 9de90448371a4d487f0ab8ca7323b48b -
50.18.173.36 - 8879ba3e232743f39dbb086ec487b853 [08/Mar/2013:04:20:05 -0800] PUT /v1.0/catalogs/69ae0400098b434e5ed839893fd30ea3/assets/d0c7e9675f56d84ca34ba8b8b54d0c3f/revisions/8ca5e5e2a1b6db42744856a9d2c242f9 HTTP/1.1 "201" 0 "-" "QE-Acceptance-Tests" 1158 0.041 api.oznext.com unix:/var/wizard/pscom_oz/sockets/unicorn.sock/v1.0/catalogs/69ae0400098b434e5ed839893fd30ea3/assets/d0c7e9675f56d84ca34ba8b8b54d0c3f/revisions/8ca5e5e2a1b6db42744856a9d2c242f9 201 0.041 0 - - 1fedd2e3f899aa7e16c968cc9976c935 -
50.18.173.36 - 8879ba3e232743f39dbb086ec487b853 [08/Mar/2013:04:20:05 -0800] PUT /v1.0/catalogs/69ae0400098b434e5ed839893fd30ea3/albums/68c140816c5a2d4579dab4f521d0a597/assets/d0c7e9675f56d84ca34ba8b8b54d0c3f HTTP/1.1 "201" 0 "-" "QE-Acceptance-Tests" 1120 0.033 api.oznext.com unix:/var/wizard/pscom_oz/sockets/unicorn.sock/v1.0/catalogs/69ae0400098b434e5ed839893fd30ea3/albums/68c140816c5a2d4579dab4f521d0a597/assets/d0c7e9675f56d84ca34ba8b8b54d0c3f 201 0.033 0 - - 3a78d8ab07d7c42c2e94e05236320757 -
50.18.173.36 - 8879ba3e232743f39dbb086ec487b853 [08/Mar/2013:04:20:05 -0800] DELETE /v1.0/catalogs/69ae0400098b434e5ed839893fd30ea3/albums/68c140816c5a2d4579dab4f521d0a597/assets/d0c7e9675f56d84ca34ba8b8b54d0c3f HTTP/1.1 "204" 0 "-" "QE-Acceptance-Tests" 1104 0.033 api.oznext.com unix:/var/wizard/pscom_oz/sockets/unicorn.sock/v1.0/catalogs/69ae0400098b434e5ed839893fd30ea3/albums/68c140816c5a2d4579dab4f521d0a597/assets/d0c7e9675f56d84ca34ba8b8b54d0c3f 204 0.033 - - - b91c0069e705e757df5f456b52bb3f0c -
50.18.173.36 - 8879ba3e232743f39dbb086ec487b853 [08/Mar/2013:04:20:05 -0800] GET /v1.0/catalogs/69ae0400098b434e5ed839893fd30ea3/updates HTTP/1.1 "200" 144 "-" "QE-Acceptance-Tests" 1029 0.018 api.oznext.com unix:/var/wizard/pscom_oz/sockets/unicorn.sock/v1.0/catalogs/69ae0400098b434e5ed839893fd30ea3/updates 200 0.018 144 - - f5d5a988a3bf8db21b3ec6950ab92d2c -
50.18.173.36 - 8879ba3e232743f39dbb086ec487b853 [08/Mar/2013:04:20:06 -0800] PUT /v1.0/catalogs/69ae0400098b434e5ed839893fd30ea3/albums/d870b98672fcd54cddb819f15668c309 HTTP/1.1 "201" 0 "-" "QE-Acceptance-Tests" 1137 0.028 api.oznext.com unix:/var/wizard/pscom_oz/sockets/unicorn.sock/v1.0/catalogs/69ae0400098b434e5ed839893fd30ea3/albums/d870b98672fcd54cddb819f15668c309 201 0.028 0 - - 7bada2c7e098c130e187bd00a71d5971 -
50.18.173.36 - 8879ba3e232743f39dbb086ec487b853 [08/Mar/2013:04:20:06 -0800] PUT /v1.0/catalogs/69ae0400098b434e5ed839893fd30ea3/assets/6e1ad9b5d9f36e4dc899c39badbd09a0/revisions/a08466b299b7da4c48fbbbca485c4d97 HTTP/1.1 "201" 0 "-" "QE-Acceptance-Tests" 1158 0.041 api.oznext.com unix:/var/wizard/pscom_oz/sockets/unicorn.sock/v1.0/catalogs/69ae0400098b434e5ed839893fd30ea3/assets/6e1ad9b5d9f36e4dc899c39badbd09a0/revisions/a08466b299b7da4c48fbbbca485c4d97 201 0.041 0 - - bb8adccae933af245996a6d72b1f8658 -
50.18.173.36 - 8879ba3e232743f39dbb086ec487b853 [08/Mar/2013:04:20:07 -0800] PUT /v1.0/catalogs/69ae0400098b434e5ed839893fd30ea3/albums/d870b98672fcd54cddb819f15668c309/assets/6e1ad9b5d9f36e4dc899c39badbd09a0 HTTP/1.1 "201" 0 "-" "QE-Acceptance-Tests" 1120 0.051 api.oznext.com unix:/var/wizard/pscom_oz/sockets/unicorn.sock/v1.0/catalogs/69ae0400098b434e5ed839893fd30ea3/albums/d870b98672fcd54cddb819f15668c309/assets/6e1ad9b5d9f36e4dc899c39badbd09a0 201 0.051 0 - - 702e82de2706875db0453b69cfa97376 -
50.18.173.36 - 8879ba3e232743f39dbb086ec487b853 [08/Mar/2013:04:20:08 -0800] POST /v1.0/catalogs/69ae0400098b434e5ed839893fd30ea3 HTTP/1.1 "204" 0 "-" "QE-Acceptance-Tests" 1096 0.032 api.oznext.com unix:/var/wizard/pscom_oz/sockets/unicorn.sock/v1.0/catalogs/69ae0400098b434e5ed839893fd30ea3 204 0.032 - - - 66f10d01017cad6f9bfe3466d7d08c8e -
50.18.173.36 - 8879ba3e232743f39dbb086ec487b853 [08/Mar/2013:04:20:08 -0800] PUT /v1.0/catalogs/69ae0400098b434e5ed839893fd30ea3/albums/15c44ea24406f44c3299b63c03cc0124 HTTP/1.1 "201" 0 "-" "QE-Acceptance-Tests" 1137 0.026 api.oznext.com unix:/var/wizard/pscom_oz/sockets/unicorn.sock/v1.0/catalogs/69ae0400098b434e5ed839893fd30ea3/albums/15c44ea24406f44c3299b63c03cc0124 201 0.026 0 - - 7199d12282a58bb2b7f8d68e3d60cb72 -
50.18.173.36 - 8879ba3e232743f39dbb086ec487b853 [08/Mar/2013:04:20:09 -0800] PUT /v1.0/catalogs/69ae0400098b434e5ed839893fd30ea3/assets/c1afab9ebd9e97439918e0b30a609b84/revisions/3fd821e00149c14b91095c44237e8de2 HTTP/1.1 "201" 0 "-" "QE-Acceptance-Tests" 1158 0.045 api.oznext.com unix:/var/wizard/pscom_oz/sockets/unicorn.sock/v1.0/catalogs/69ae0400098b434e5ed839893fd30ea3/assets/c1afab9ebd9e97439918e0b30a609b84/revisions/3fd821e00149c14b91095c44237e8de2 201 0.045 0 - - 407837ad135b5b452dbd3ea598c0d74c -
50.18.173.36 - 8879ba3e232743f39dbb086ec487b853 [08/Mar/2013:04:20:09 -0800] PUT /v1.0/catalogs/69ae0400098b434e5ed839893fd30ea3/albums/15c44ea24406f44c3299b63c03cc0124/assets/c1afab9ebd9e97439918e0b30a609b84 HTTP/1.1 "201" 0 "-" "QE-Acceptance-Tests" 1120 0.033 api.oznext.com unix:/var/wizard/pscom_oz/sockets/unicorn.sock/v1.0/catalogs/69ae0400098b434e5ed839893fd30ea3/albums/15c44ea24406f44c3299b63c03cc0124/assets/c1afab9ebd9e97439918e0b30a609b84 201 0.033 0 - - 317f80ac398f3e00b63cc242488f3cf4 -
- - - [08/Mar/2013:04:20:09 -0800] GET /v1.0/version HTTP/1.1 "200" 68 "-" "ELB-HealthChecker/1.0" 126 0.003 10.249.20.248:80 unix:/var/wizard/pscom_oz/sockets/unicorn.sock/v1.0/version 200 0.003 68 - - 6a4ff382ba44752850eedf7e76ffb9bb -
50.18.173.36 - 8879ba3e232743f39dbb086ec487b853 [08/Mar/2013:04:20:10 -0800] PUT /v1.0/catalogs/69ae0400098b434e5ed839893fd30ea3/albums/e6abb2d2bedb21489bab2abe28e07b2d HTTP/1.1 "201" 0 "-" "QE-Acceptance-Tests" 1137 0.027 api.oznext.com unix:/var/wizard/pscom_oz/sockets/unicorn.sock/v1.0/catalogs/69ae0400098b434e5ed839893fd30ea3/albums/e6abb2d2bedb21489bab2abe28e07b2d 201 0.027 0 - - e54df7f68d0e3634b0386b5eb57f1552 -
50.18.173.36 - 8879ba3e232743f39dbb086ec487b853 [08/Mar/2013:04:20:11 -0800] PUT /v1.0/catalogs/69ae0400098b434e5ed839893fd30ea3/assets/2eb2a6671e09424e4c582dee9ea0d9fd/revisions/0cb3127404a12b4a09b9b6b0756e873b HTTP/1.1 "201" 0 "-" "QE-Acceptance-Tests" 1158 0.041 api.oznext.com unix:/var/wizard/pscom_oz/sockets/unicorn.sock/v1.0/catalogs/69ae0400098b434e5ed839893fd30ea3/assets/2eb2a6671e09424e4c582dee9ea0d9fd/revisions/0cb3127404a12b4a09b9b6b0756e873b 201 0.041 0 - - 8541925c943215583287982f7a297d76 -
50.18.173.36 - 8879ba3e232743f39dbb086ec487b853 [08/Mar/2013:04:20:11 -0800] PUT /v1.0/catalogs/69ae0400098b434e5ed839893fd30ea3/albums/e6abb2d2bedb21489bab2abe28e07b2d/assets/2eb2a6671e09424e4c582dee9ea0d9fd HTTP/1.1 "201" 0 "-" "QE-Acceptance-Tests" 1120 0.032 api.oznext.com unix:/var/wizard/pscom_oz/sockets/unicorn.sock/v1.0/catalogs/69ae0400098b434e5ed839893fd30ea3/albums/e6abb2d2bedb21489bab2abe28e07b2d/assets/2eb2a6671e09424e4c582dee9ea0d9fd 201 0.032 0 - - 5e3aeee1d7485cdb094d3e62c5ed9bbe -
50.18.173.36 - 8879ba3e232743f39dbb086ec487b853 [08/Mar/2013:04:20:12 -0800] PUT /v1.0/catalogs/69ae0400098b434e5ed839893fd30ea3/albums/fe0d2bb7d2edcb42e71be614cc6f3a73 HTTP/1.1 "201" 0 "-" "QE-Acceptance-Tests" 1137 0.027 api.oznext.com unix:/var/wizard/pscom_oz/sockets/unicorn.sock/v1.0/catalogs/69ae0400098b434e5ed839893fd30ea3/albums/fe0d2bb7d2edcb42e71be614cc6f3a73 201 0.027 0 - - c3558204923a486cc6e546a505a14664 -
50.18.173.36 - 8879ba3e232743f39dbb086ec487b853 [08/Mar/2013:04:20:12 -0800] PUT /v1.0/catalogs/69ae0400098b434e5ed839893fd30ea3/assets/bdffae60a864df4a165993e67e0c76ef/revisions/c5d24c210087634d41a944da4356af4f HTTP/1.1 "201" 0 "-" "QE-Acceptance-Tests" 1158 0.041 api.oznext.com unix:/var/wizard/pscom_oz/sockets/unicorn.sock/v1.0/catalogs/69ae0400098b434e5ed839893fd30ea3/assets/bdffae60a864df4a165993e67e0c76ef/revisions/c5d24c210087634d41a944da4356af4f 201 0.041 0 - - 4fa1c13b37fbc1d36ba9f0926efc55c3 -
50.18.173.36 - 8879ba3e232743f39dbb086ec487b853 [08/Mar/2013:04:20:13 -0800] PUT /v1.0/catalogs/69ae0400098b434e5ed839893fd30ea3/albums/fe0d2bb7d2edcb42e71be614cc6f3a73/assets/bdffae60a864df4a165993e67e0c76ef HTTP/1.1 "201" 0 "-" "QE-Acceptance-Tests" 1120 0.035 api.oznext.com unix:/var/wizard/pscom_oz/sockets/unicorn.sock/v1.0/catalogs/69ae0400098b434e5ed839893fd30ea3/albums/fe0d2bb7d2edcb42e71be614cc6f3a73/assets/bdffae60a864df4a165993e67e0c76ef 201 0.035 0 - - ad238b72b6e8406c60b0655c97201b9d -
50.18.173.36 - 8879ba3e232743f39dbb086ec487b853 [08/Mar/2013:04:20:13 -0800] PUT /v1.0/catalogs/69ae0400098b434e5ed839893fd30ea3/albums/22c0de042b96774718fa089e107262d5 HTTP/1.1 "201" 0 "-" "QE-Acceptance-Tests" 1137 0.028 api.oznext.com unix:/var/wizard/pscom_oz/sockets/unicorn.sock/v1.0/catalogs/69ae0400098b434e5ed839893fd30ea3/albums/22c0de042b96774718fa089e107262d5 201 0.028 0 - - d96514288d07374b67e7d5c01c1a6e22 -
50.18.173.36 - 8879ba3e232743f39dbb086ec487b853 [08/Mar/2013:04:20:14 -0800] PUT /v1.0/catalogs/69ae0400098b434e5ed839893fd30ea3/assets/b76c74c7d0289b42fc0bfde9f96ec7e8/revisions/d942540723ed6246cbfa98f18b387104 HTTP/1.1 "201" 0 "-" "QE-Acceptance-Tests" 1158 0.042 api.oznext.com unix:/var/wizard/pscom_oz/sockets/unicorn.sock/v1.0/catalogs/69ae0400098b434e5ed839893fd30ea3/assets/b76c74c7d0289b42fc0bfde9f96ec7e8/revisions/d942540723ed6246cbfa98f18b387104 201 0.042 0 - - 7953a759f5c063fd9efdc1e9bbe3c4b6 -
50.18.173.36 - 8879ba3e232743f39dbb086ec487b853 [08/Mar/2013:04:20:15 -0800] PUT /v1.0/catalogs/69ae0400098b434e5ed839893fd30ea3/albums/22c0de042b96774718fa089e107262d5/assets/b76c74c7d0289b42fc0bfde9f96ec7e8 HTTP/1.1 "201" 0 "-" "QE-Acceptance-Tests" 1120 0.034 api.oznext.com unix:/var/wizard/pscom_oz/sockets/unicorn.sock/v1.0/catalogs/69ae0400098b434e5ed839893fd30ea3/albums/22c0de042b96774718fa089e107262d5/assets/b76c74c7d0289b42fc0bfde9f96ec7e8 201 0.034 0 - - a4156d8522b13673be5fb9dad1f9fefd -
61.246.216.100 - 991cf2a40842f348d4036e7612f19fe4 [08/Mar/2013:04:20:15 -0800] GET /v1.0/catalogs/7187f7784d294f8f89888a3b453514d0 HTTP/1.1 "200" 467 "-" "Revel/1.10 CFNetwork/609.1.4 Darwin/11.4.0" 1017 0.017 api.oznext.com unix:/var/wizard/pscom_oz/sockets/unicorn.sock/v1.0/catalogs/7187f7784d294f8f89888a3b453514d0 200 0.017 1325 - - 8ddee4a335a5864a27ab6ac379a7ff61 -
50.18.173.36 - 8879ba3e232743f39dbb086ec487b853 [08/Mar/2013:04:20:15 -0800] PUT /v1.0/catalogs/69ae0400098b434e5ed839893fd30ea3/albums/957a0d84de96794f2a695db9d4f9c0c1 HTTP/1.1 "201" 0 "-" "QE-Acceptance-Tests" 1137 0.028 api.oznext.com unix:/var/wizard/pscom_oz/sockets/unicorn.sock/v1.0/catalogs/69ae0400098b434e5ed839893fd30ea3/albums/957a0d84de96794f2a695db9d4f9c0c1 201 0.028 0 - - c7a16a87a797b2c8bd74bcdcd0e13ce0 -
61.246.216.100 - 991cf2a40842f348d4036e7612f19fe4 [08/Mar/2013:04:20:15 -0800] GET /v1.0/catalogs/7187f7784d294f8f89888a3b453514d0/users HTTP/1.1 "200" 407 "-" "Revel/1.10 CFNetwork/609.1.4 Darwin/11.4.0" 1023 0.020 api.oznext.com unix:/var/wizard/pscom_oz/sockets/unicorn.sock/v1.0/catalogs/7187f7784d294f8f89888a3b453514d0/users 200 0.020 407 - - 208ac614f700a337099a1338ab4a37e8 -
- - - [08/Mar/2013:04:20:15 -0800] GET /v1.0/version HTTP/1.1 "200" 68 "-" "ELB-HealthChecker/1.0" 126 0.002 10.249.20.248:80 unix:/var/wizard/pscom_oz/sockets/unicorn.sock/v1.0/version 200 0.002 68 - - b6f11071467aa8037f6f3e6e58e97bbf -
61.246.216.100 - 991cf2a40842f348d4036e7612f19fe4 [08/Mar/2013:04:20:16 -0800] GET /v1.0/catalogs/7187f7784d294f8f89888a3b453514d0/updates?updated_since=2013-03-01T05%3A25%3A26.570887Z HTTP/1.1 "200" 190 "-" "Revel/1.10 CFNetwork/609.1.4 Darwin/11.4.0" 1071 0.020 api.oznext.com unix:/var/wizard/pscom_oz/sockets/unicorn.sock/v1.0/catalogs/7187f7784d294f8f89888a3b453514d0/updates 200 0.020 190 - - 4c2d2696a65d0c674d3f7b3e59b07c89 -
50.18.173.36 - 8879ba3e232743f39dbb086ec487b853 [08/Mar/2013:04:20:16 -0800] PUT /v1.0/catalogs/69ae0400098b434e5ed839893fd30ea3/assets/3a97ff4a02aad34f7ac9abe6b5be3bc9/revisions/08652d927d8a90469c397914308f2b6f HTTP/1.1 "201" 0 "-" "QE-Acceptance-Tests" 1158 0.040 api.oznext.com unix:/var/wizard/pscom_oz/sockets/unicorn.sock/v1.0/catalogs/69ae0400098b434e5ed839893fd30ea3/assets/3a97ff4a02aad34f7ac9abe6b5be3bc9/revisions/08652d927d8a90469c397914308f2b6f 201 0.040 0 - - 60edf39f230b630cefcbac83590a2460 -
50.18.173.36 - 8879ba3e232743f39dbb086ec487b853 [08/Mar/2013:04:20:16 -0800] PUT /v1.0/catalogs/69ae0400098b434e5ed839893fd30ea3/albums/957a0d84de96794f2a695db9d4f9c0c1/assets/3a97ff4a02aad34f7ac9abe6b5be3bc9 HTTP/1.1 "201" 0 "-" "QE-Acceptance-Tests" 1120 0.033 api.oznext.com unix:/var/wizard/pscom_oz/sockets/unicorn.sock/v1.0/catalogs/69ae0400098b434e5ed839893fd30ea3/albums/957a0d84de96794f2a695db9d4f9c0c1/assets/3a97ff4a02aad34f7ac9abe6b5be3bc9 201 0.033 0 - - 3b6adc8a0e1ef386930febc6c3b93cc6 -
50.18.173.36 - 8879ba3e232743f39dbb086ec487b853 [08/Mar/2013:04:20:17 -0800] PUT /v1.0/catalogs/69ae0400098b434e5ed839893fd30ea3/albums/74b7d53e0d3a524e8b59fe3da847c5c0 HTTP/1.1 "201" 0 "-" "QE-Acceptance-Tests" 1137 0.028 api.oznext.com unix:/var/wizard/pscom_oz/sockets/unicorn.sock/v1.0/catalogs/69ae0400098b434e5ed839893fd30ea3/albums/74b7d53e0d3a524e8b59fe3da847c5c0 201 0.028 0 - - 426043e2f84e7162aebb3108ee5c92b2 -
50.18.173.36 - 8879ba3e232743f39dbb086ec487b853 [08/Mar/2013:04:20:17 -0800] PUT /v1.0/catalogs/69ae0400098b434e5ed839893fd30ea3/assets/d869b76cda2ade43f19b86b2a02f55d9/revisions/71a5b9dffd0f284e5b0b20bf58deed7a HTTP/1.1 "201" 0 "-" "QE-Acceptance-Tests" 1158 0.040 api.oznext.com unix:/var/wizard/pscom_oz/sockets/unicorn.sock/v1.0/catalogs/69ae0400098b434e5ed839893fd30ea3/assets/d869b76cda2ade43f19b86b2a02f55d9/revisions/71a5b9dffd0f284e5b0b20bf58deed7a 201 0.040 0 - - 3c39f1dc00844f9106e35b9bb9f98192 -
50.18.173.36 - 8879ba3e232743f39dbb086ec487b853 [08/Mar/2013:04:20:18 -0800] PUT /v1.0/catalogs/69ae0400098b434e5ed839893fd30ea3/albums/74b7d53e0d3a524e8b59fe3da847c5c0/assets/d869b76cda2ade43f19b86b2a02f55d9 HTTP/1.1 "201" 0 "-" "QE-Acceptance-Tests" 1120 0.032 api.oznext.com unix:/var/wizard/pscom_oz/sockets/unicorn.sock/v1.0/catalogs/69ae0400098b434e5ed839893fd30ea3/albums/74b7d53e0d3a524e8b59fe3da847c5c0/assets/d869b76cda2ade43f19b86b2a02f55d9 201 0.032 0 - - 19fec1784f649b334ef1ecbc7c36593b -
50.18.173.36 - 8879ba3e232743f39dbb086ec487b853 [08/Mar/2013:04:20:19 -0800] PUT /v1.0/catalogs/69ae0400098b434e5ed839893fd30ea3/albums/0902515428185e43b5fbd5201964502b HTTP/1.1 "201" 0 "-" "QE-Acceptance-Tests" 1137 0.026 api.oznext.com unix:/var/wizard/pscom_oz/sockets/unicorn.sock/v1.0/catalogs/69ae0400098b434e5ed839893fd30ea3/albums/0902515428185e43b5fbd5201964502b 201 0.026 0 - - beff553dba13e5449b5cb313aa67c71b -
50.18.173.36 - 8879ba3e232743f39dbb086ec487b853 [08/Mar/2013:04:20:19 -0800] PUT /v1.0/catalogs/69ae0400098b434e5ed839893fd30ea3/assets/e5248b303ef3d64077eb0b080bb4c3b4/revisions/a3a03c28a563f6401e7817f4fb42de5e HTTP/1.1 "201" 0 "-" "QE-Acceptance-Tests" 1158 0.039 api.oznext.com unix:/var/wizard/pscom_oz/sockets/unicorn.sock/v1.0/catalogs/69ae0400098b434e5ed839893fd30ea3/assets/e5248b303ef3d64077eb0b080bb4c3b4/revisions/a3a03c28a563f6401e7817f4fb42de5e 201 0.039 0 - - 4a4fa107b2f484919a8dfa0e936895e5 -
50.18.173.36 - 8879ba3e232743f39dbb086ec487b853 [08/Mar/2013:04:20:20 -0800] PUT /v1.0/catalogs/69ae0400098b434e5ed839893fd30ea3/albums/0902515428185e43b5fbd5201964502b/assets/e5248b303ef3d64077eb0b080bb4c3b4 HTTP/1.1 "201" 0 "-" "QE-Acceptance-Tests" 1120 0.033 api.oznext.com unix:/var/wizard/pscom_oz/sockets/unicorn.sock/v1.0/catalogs/69ae0400098b434e5ed839893fd30ea3/albums/0902515428185e43b5fbd5201964502b/assets/e5248b303ef3d64077eb0b080bb4c3b4 201 0.033 0 - - 25e63ecaf950511293c43b02c32563f3 -
50.18.173.36 - 8879ba3e232743f39dbb086ec487b853 [08/Mar/2013:04:20:20 -0800] PUT /v1.0/catalogs/69ae0400098b434e5ed839893fd30ea3/albums/d9b965309a451849af5818f464e0ec07 HTTP/1.1 "201" 0 "-" "QE-Acceptance-Tests" 1137 0.036 api.oznext.com unix:/var/wizard/pscom_oz/sockets/unicorn.sock/v1.0/catalogs/69ae0400098b434e5ed839893fd30ea3/albums/d9b965309a451849af5818f464e0ec07 201 0.036 0 - - beb22afec5028ff1096bbc6a7868cb25 -
- - - [08/Mar/2013:04:20:20 -0800] - "400" 0 "-" "-" 0 0.000 - -- - - - - - - -
50.18.173.36 - 8879ba3e232743f39dbb086ec487b853 [08/Mar/2013:04:20:21 -0800] PUT /v1.0/catalogs/69ae0400098b434e5ed839893fd30ea3/assets/3c75ad9e245a1a4ceab81c2550ba364d/revisions/7d1af95477a1b54a60c8ea613210b456 HTTP/1.1 "201" 0 "-" "QE-Acceptance-Tests" 1158 0.042 api.oznext.com unix:/var/wizard/pscom_oz/sockets/unicorn.sock/v1.0/catalogs/69ae0400098b434e5ed839893fd30ea3/assets/3c75ad9e245a1a4ceab81c2550ba364d/revisions/7d1af95477a1b54a60c8ea613210b456 201 0.042 0 - - 6c92726e88d464250df916afc4d7624c -
50.18.173.36 - 8879ba3e232743f39dbb086ec487b853 [08/Mar/2013:04:20:21 -0800] PUT /v1.0/catalogs/69ae0400098b434e5ed839893fd30ea3/albums/d9b965309a451849af5818f464e0ec07/assets/3c75ad9e245a1a4ceab81c2550ba364d HTTP/1.1 "201" 0 "-" "QE-Acceptance-Tests" 1120 0.034 api.oznext.com unix:/var/wizard/pscom_oz/sockets/unicorn.sock/v1.0/catalogs/69ae0400098b434e5ed839893fd30ea3/albums/d9b965309a451849af5818f464e0ec07/assets/3c75ad9e245a1a4ceab81c2550ba364d 201 0.034 0 - - 3d52d0956461ceaacbd1b4674218ec60 -
- - - [08/Mar/2013:04:20:21 -0800] GET /v1.0/version HTTP/1.1 "200" 68 "-" "ELB-HealthChecker/1.0" 126 0.002 10.249.20.248:80 unix:/var/wizard/pscom_oz/sockets/unicorn.sock/v1.0/version 200 0.002 68 - - 2c1c499337e0866c0ef9a2961e9c55fb -
50.18.173.36 - 8879ba3e232743f39dbb086ec487b853 [08/Mar/2013:04:20:22 -0800] PUT /v1.0/catalogs/69ae0400098b434e5ed839893fd30ea3/albums/6509e5596b6b8a456e89bb46a4dbb885 HTTP/1.1 "201" 0 "-" "QE-Acceptance-Tests" 1137 0.035 api.oznext.com unix:/var/wizard/pscom_oz/sockets/unicorn.sock/v1.0/catalogs/69ae0400098b434e5ed839893fd30ea3/albums/6509e5596b6b8a456e89bb46a4dbb885 201 0.035 0 - - 4a8d552b6a1aa5514d36366bcccb48f9 -
50.18.173.36 - 8879ba3e232743f39dbb086ec487b853 [08/Mar/2013:04:20:23 -0800] PUT /v1.0/catalogs/69ae0400098b434e5ed839893fd30ea3/assets/4772c20dda50cd41da78364c917c79e9/revisions/1bde659a2360b34c4c7bb9354c363add HTTP/1.1 "201" 0 "-" "QE-Acceptance-Tests" 1158 0.048 api.oznext.com unix:/var/wizard/pscom_oz/sockets/unicorn.sock/v1.0/catalogs/69ae0400098b434e5ed839893fd30ea3/assets/4772c20dda50cd41da78364c917c79e9/revisions/1bde659a2360b34c4c7bb9354c363add 201 0.048 0 - - f3aa63333db4e0e44f851e33c82a77d3 -
50.18.173.36 - 8879ba3e232743f39dbb086ec487b853 [08/Mar/2013:04:20:23 -0800] PUT /v1.0/catalogs/69ae0400098b434e5ed839893fd30ea3/albums/6509e5596b6b8a456e89bb46a4dbb885/assets/4772c20dda50cd41da78364c917c79e9 HTTP/1.1 "201" 0 "-" "QE-Acceptance-Tests" 1120 0.036 api.oznext.com unix:/var/wizard/pscom_oz/sockets/unicorn.sock/v1.0/catalogs/69ae0400098b434e5ed839893fd30ea3/albums/6509e5596b6b8a456e89bb46a4dbb885/assets/4772c20dda50cd41da78364c917c79e9 201 0.036 0 - - 625e9f38a2545124b2ef5d950e5b72c5 -
50.18.173.36 - 8879ba3e232743f39dbb086ec487b853 [08/Mar/2013:04:20:24 -0800] PUT /v1.0/catalogs/69ae0400098b434e5ed839893fd30ea3/albums/67269f7e3174564936cbe212c30e8f67 HTTP/1.1 "201" 0 "-" "QE-Acceptance-Tests" 1137 0.029 api.oznext.com unix:/var/wizard/pscom_oz/sockets/unicorn.sock/v1.0/catalogs/69ae0400098b434e5ed839893fd30ea3/albums/67269f7e3174564936cbe212c30e8f67 201 0.029 0 - - a3f0eae1a2a45815212aca263954eb20 -
50.18.173.36 - 8879ba3e232743f39dbb086ec487b853 [08/Mar/2013:04:20:24 -0800] PUT /v1.0/catalogs/69ae0400098b434e5ed839893fd30ea3/assets/478b069ac0310b4ba04b6673e4437e56/revisions/5cfb32917dda10464d5ac311885ce072 HTTP/1.1 "201" 0 "-" "QE-Acceptance-Tests" 1158 0.045 api.oznext.com unix:/var/wizard/pscom_oz/sockets/unicorn.sock/v1.0/catalogs/69ae0400098b434e5ed839893fd30ea3/assets/478b069ac0310b4ba04b6673e4437e56/revisions/5cfb32917dda10464d5ac311885ce072 201 0.045 0 - - e09e9444edddf30ae9541006dd80d388 -
50.18.173.36 - 8879ba3e232743f39dbb086ec487b853 [08/Mar/2013:04:20:25 -0800] PUT /v1.0/catalogs/69ae0400098b434e5ed839893fd30ea3/albums/67269f7e3174564936cbe212c30e8f67/assets/478b069ac0310b4ba04b6673e4437e56 HTTP/1.1 "201" 0 "-" "QE-Acceptance-Tests" 1120 0.036 api.oznext.com unix:/var/wizard/pscom_oz/sockets/unicorn.sock/v1.0/catalogs/69ae0400098b434e5ed839893fd30ea3/albums/67269f7e3174564936cbe212c30e8f67/assets/478b069ac0310b4ba04b6673e4437e56 201 0.036 0 - - b30d3b5123b3ca7998f7730fc0510e77 -
50.18.173.36 - 8879ba3e232743f39dbb086ec487b853 [08/Mar/2013:04:20:25 -0800] PUT /v1.0/catalogs/69ae0400098b434e5ed839893fd30ea3/albums/ba031c597df17142d62addaf78b49c78 HTTP/1.1 "201" 0 "-" "QE-Acceptance-Tests" 1137 0.032 api.oznext.com unix:/var/wizard/pscom_oz/sockets/unicorn.sock/v1.0/catalogs/69ae0400098b434e5ed839893fd30ea3/albums/ba031c597df17142d62addaf78b49c78 201 0.032 0 - - 435c591f760e78c59d7132e63e9d2111 -
50.18.173.36 - 8879ba3e232743f39dbb086ec487b853 [08/Mar/2013:04:20:26 -0800] PUT /v1.0/catalogs/69ae0400098b434e5ed839893fd30ea3/assets/f0abe6316ef1024b69aa3475c6923d96/revisions/0e99255b27008b449479ae45390135a4 HTTP/1.1 "201" 0 "-" "QE-Acceptance-Tests" 1158 0.043 api.oznext.com unix:/var/wizard/pscom_oz/sockets/unicorn.sock/v1.0/catalogs/69ae0400098b434e5ed839893fd30ea3/assets/f0abe6316ef1024b69aa3475c6923d96/revisions/0e99255b27008b449479ae45390135a4 201 0.043 0 - - 64bf0dedd77815aeaa8d5a0bf77f3f32 -
50.18.173.36 - 8879ba3e232743f39dbb086ec487b853 [08/Mar/2013:04:20:27 -0800] PUT /v1.0/catalogs/69ae0400098b434e5ed839893fd30ea3/albums/ba031c597df17142d62addaf78b49c78/assets/f0abe6316ef1024b69aa3475c6923d96 HTTP/1.1 "201" 0 "-" "QE-Acceptance-Tests" 1120 0.036 api.oznext.com unix:/var/wizard/pscom_oz/sockets/unicorn.sock/v1.0/catalogs/69ae0400098b434e5ed839893fd30ea3/albums/ba031c597df17142d62addaf78b49c78/assets/f0abe6316ef1024b69aa3475c6923d96 201 0.036 0 - - 4f6e2ce0d7a87c8d26f5544db6c475a5 -
50.18.173.36 - 8879ba3e232743f39dbb086ec487b853 [08/Mar/2013:04:20:27 -0800] PUT /v1.0/catalogs/69ae0400098b434e5ed839893fd30ea3/albums/3fb314212ed268460ceaac9f4cc0d954 HTTP/1.1 "201" 0 "-" "QE-Acceptance-Tests" 1137 0.087 api.oznext.com unix:/var/wizard/pscom_oz/sockets/unicorn.sock/v1.0/catalogs/69ae0400098b434e5ed839893fd30ea3/albums/3fb314212ed268460ceaac9f4cc0d954 201 0.087 0 - - 1379f2fd00b34027f80341103685c23c -
- - - [08/Mar/2013:04:20:27 -0800] GET /v1.0/version HTTP/1.1 "200" 68 "-" "ELB-HealthChecker/1.0" 126 0.004 10.249.20.248:80 unix:/var/wizard/pscom_oz/sockets/unicorn.sock/v1.0/version 200 0.004 68 - - 5f51e68dcfd36cb47d8fa2f9d06a2a1e -
50.18.173.36 - 8879ba3e232743f39dbb086ec487b853 [08/Mar/2013:04:20:28 -0800] PUT /v1.0/catalogs/69ae0400098b434e5ed839893fd30ea3/assets/b9e63664aca4c545e899abd20c1cc610/revisions/ac04326be7ad9544af2b2c83c4df5e44 HTTP/1.1 "201" 0 "-" "QE-Acceptance-Tests" 1158 0.042 api.oznext.com unix:/var/wizard/pscom_oz/sockets/unicorn.sock/v1.0/catalogs/69ae0400098b434e5ed839893fd30ea3/assets/b9e63664aca4c545e899abd20c1cc610/revisions/ac04326be7ad9544af2b2c83c4df5e44 201 0.042 0 - - bd826b5e7c7e546a10048e345ae7f7c1 -
50.18.173.36 - 8879ba3e232743f39dbb086ec487b853 [08/Mar/2013:04:20:28 -0800] PUT /v1.0/catalogs/69ae0400098b434e5ed839893fd30ea3/albums/3fb314212ed268460ceaac9f4cc0d954/assets/b9e63664aca4c545e899abd20c1cc610 HTTP/1.1 "201" 0 "-" "QE-Acceptance-Tests" 1120 0.031 api.oznext.com unix:/var/wizard/pscom_oz/sockets/unicorn.sock/v1.0/catalogs/69ae0400098b434e5ed839893fd30ea3/albums/3fb314212ed268460ceaac9f4cc0d954/assets/b9e63664aca4c545e899abd20c1cc610 201 0.031 0 - - 0af4b0c07e9cd5ba1c898fd517541dac -
50.18.173.36 - 8879ba3e232743f39dbb086ec487b853 [08/Mar/2013:04:20:29 -0800] PUT /v1.0/catalogs/69ae0400098b434e5ed839893fd30ea3/albums/06efe9131e7c184be5189cb2a3a7ef72 HTTP/1.1 "201" 0 "-" "QE-Acceptance-Tests" 1137 0.025 api.oznext.com unix:/var/wizard/pscom_oz/sockets/unicorn.sock/v1.0/catalogs/69ae0400098b434e5ed839893fd30ea3/albums/06efe9131e7c184be5189cb2a3a7ef72 201 0.025 0 - - c15a4ec758412ff0138e481af01ef324 -
